Archive member included to satisfy reference by file (symbol)

.\CortexM3\ARM_GCC_541\Debug\BANAN.a(ADC_DelSig_1.o)
                              .\CortexM3\ARM_GCC_541\Debug\RealOne.o (ADC_DelSig_1_Start)
.\CortexM3\ARM_GCC_541\Debug\BANAN.a(ADC_DelSig_1_INT.o)
                              .\CortexM3\ARM_GCC_541\Debug\BANAN.a(ADC_DelSig_1.o) (ADC_DelSig_1_ISR1)
.\CortexM3\ARM_GCC_541\Debug\BANAN.a(SPIS_1.o)
                              .\CortexM3\ARM_GCC_541\Debug\RealOne.o (SPIS_1_ReadTxStatus)
.\CortexM3\ARM_GCC_541\Debug\BANAN.a(ADC_DelSig_1_Ext_CP_Clk.o)
                              .\CortexM3\ARM_GCC_541\Debug\BANAN.a(ADC_DelSig_1.o) (ADC_DelSig_1_Ext_CP_Clk_SetModeRegister)
.\CortexM3\ARM_GCC_541\Debug\BANAN.a(ADC_DelSig_1_theACLK.o)
                              .\CortexM3\ARM_GCC_541\Debug\BANAN.a(ADC_DelSig_1.o) (ADC_DelSig_1_theACLK_SetModeRegister)
.\CortexM3\ARM_GCC_541\Debug\BANAN.a(CyLib.o)
                              .\CortexM3\ARM_GCC_541\Debug\Cm3Start.o (CyHalt)
.\CortexM3\ARM_GCC_541\Debug\BANAN.a(cyPm.o)
                              .\CortexM3\ARM_GCC_541\Debug\BANAN.a(CyLib.o) (CyPmReadStatus)
.\CortexM3\ARM_GCC_541\Debug\BANAN.a(LED.o)
                              .\CortexM3\ARM_GCC_541\Debug\RealOne.o (LED_Write)
.\CortexM3\ARM_GCC_541\Debug\BANAN.a(ADC_DelSig_1_AMux.o)
                              .\CortexM3\ARM_GCC_541\Debug\BANAN.a(ADC_DelSig_1.o) (ADC_DelSig_1_AMux_Select)
.\CortexM3\ARM_GCC_541\Debug\BANAN.a(CyBootAsmGnu.o)
                              .\CortexM3\ARM_GCC_541\Debug\cyfitter_cfg.o (CyDelayCycles)
.\CortexM3\ARM_GCC_541\Debug\BANAN.a(CyFlash.o)
                              .\CortexM3\ARM_GCC_541\Debug\BANAN.a(cyPm.o) (CyFlash_SetWaitCycles)
.\CortexM3\ARM_GCC_541\Debug\BANAN.a(CySpc.o)
                              .\CortexM3\ARM_GCC_541\Debug\BANAN.a(CyFlash.o) (CySpcStart)
c:/program files (x86)/cypress/psoc creator/4.4/psoc creator/import/gnu/arm/5.4.1/bin/../lib/gcc/arm-none-eabi/5.4.1/armv7-m\libgcc.a(_arm_addsubdf3.o)
                              .\CortexM3\ARM_GCC_541\Debug\BANAN.a(ADC_DelSig_1.o) (__aeabi_f2d)
c:/program files (x86)/cypress/psoc creator/4.4/psoc creator/import/gnu/arm/5.4.1/bin/../lib/gcc/arm-none-eabi/5.4.1/armv7-m\libgcc.a(_arm_cmpdf2.o)
                              .\CortexM3\ARM_GCC_541\Debug\BANAN.a(ADC_DelSig_1.o) (__aeabi_dcmpgt)
c:/program files (x86)/cypress/psoc creator/4.4/psoc creator/import/gnu/arm/5.4.1/bin/../lib/gcc/arm-none-eabi/5.4.1/armv7-m\libgcc.a(_arm_addsubsf3.o)
                              .\CortexM3\ARM_GCC_541\Debug\BANAN.a(ADC_DelSig_1.o) (__aeabi_ui2f)
c:/program files (x86)/cypress/psoc creator/4.4/psoc creator/import/gnu/arm/5.4.1/bin/../lib/gcc/arm-none-eabi/5.4.1/armv7-m\libgcc.a(_arm_muldivsf3.o)
                              .\CortexM3\ARM_GCC_541\Debug\BANAN.a(ADC_DelSig_1.o) (__aeabi_fmul)
c:/program files (x86)/cypress/psoc creator/4.4/psoc creator/import/gnu/arm/5.4.1/bin/../lib/gcc/arm-none-eabi/5.4.1/armv7-m\libgcc.a(_arm_fixunssfsi.o)
                              .\CortexM3\ARM_GCC_541\Debug\BANAN.a(ADC_DelSig_1.o) (__aeabi_f2uiz)
c:/program files (x86)/cypress/psoc creator/4.4/psoc creator/import/gnu/arm/5.4.1/bin/../lib/gcc/arm-none-eabi/5.4.1/../../../../arm-none-eabi/lib/armv7-m\libg_nano.a(lib_a-errno.o)
                              .\CortexM3\ARM_GCC_541\Debug\Cm3Start.o (__errno)
c:/program files (x86)/cypress/psoc creator/4.4/psoc creator/import/gnu/arm/5.4.1/bin/../lib/gcc/arm-none-eabi/5.4.1/../../../../arm-none-eabi/lib/armv7-m\libg_nano.a(lib_a-exit.o)
                              c:/program files (x86)/cypress/psoc creator/4.4/psoc creator/import/gnu/arm/5.4.1/bin/../lib/gcc/arm-none-eabi/5.4.1/../../../../arm-none-eabi/lib/armv7-m/crt0.o (exit)
c:/program files (x86)/cypress/psoc creator/4.4/psoc creator/import/gnu/arm/5.4.1/bin/../lib/gcc/arm-none-eabi/5.4.1/../../../../arm-none-eabi/lib/armv7-m\libg_nano.a(lib_a-impure.o)
                              c:/program files (x86)/cypress/psoc creator/4.4/psoc creator/import/gnu/arm/5.4.1/bin/../lib/gcc/arm-none-eabi/5.4.1/../../../../arm-none-eabi/lib/armv7-m\libg_nano.a(lib_a-exit.o) (_global_impure_ptr)
c:/program files (x86)/cypress/psoc creator/4.4/psoc creator/import/gnu/arm/5.4.1/bin/../lib/gcc/arm-none-eabi/5.4.1/../../../../arm-none-eabi/lib/armv7-m\libg_nano.a(lib_a-init.o)
                              c:/program files (x86)/cypress/psoc creator/4.4/psoc creator/import/gnu/arm/5.4.1/bin/../lib/gcc/arm-none-eabi/5.4.1/../../../../arm-none-eabi/lib/armv7-m/crt0.o (__libc_init_array)
c:/program files (x86)/cypress/psoc creator/4.4/psoc creator/import/gnu/arm/5.4.1/bin/../lib/gcc/arm-none-eabi/5.4.1/../../../../arm-none-eabi/lib/armv7-m\libg_nano.a(lib_a-memcpy-stub.o)
                              .\CortexM3\ARM_GCC_541\Debug\cyfitter_cfg.o (memcpy)
[...]
Memory Configuration

Name             Origin             Length             Attributes
rom              0x00000000         0x00040000         xr
ram              0x1fff8000         0x00010000         xrw
*default*        0x00000000         0xffffffff

Linker script and memory map

LOAD c:/program files (x86)/cypress/psoc creator/4.4/psoc creator/import/gnu/arm/5.4.1/bin/../lib/gcc/arm-none-eabi/5.4.1/armv7-m/crti.o
LOAD c:/program files (x86)/cypress/psoc creator/4.4/psoc creator/import/gnu/arm/5.4.1/bin/../lib/gcc/arm-none-eabi/5.4.1/armv7-m/crtbegin.o
LOAD c:/program files (x86)/cypress/psoc creator/4.4/psoc creator/import/gnu/arm/5.4.1/bin/../lib/gcc/arm-none-eabi/5.4.1/../../../../arm-none-eabi/lib/armv7-m/crt0.o
START GROUP
LOAD .\CortexM3\ARM_GCC_541\Debug\RealOne.o
LOAD .\CortexM3\ARM_GCC_541\Debug\cyfitter_cfg.o
LOAD .\CortexM3\ARM_GCC_541\Debug\cymetadata.o
LOAD .\CortexM3\ARM_GCC_541\Debug\Cm3Start.o
LOAD .\CortexM3\ARM_GCC_541\Debug\BANAN.a
LOAD C:\Program Files (x86)\Cypress\PSoC Creator\4.4\PSoC Creator\psoc\content\cycomponentlibrary\CyComponentLibrary.cylib\CortexM3\ARM_GCC_541\Debug\CyComponentLibrary.a
END GROUP
START GROUP
LOAD c:/program files (x86)/cypress/psoc creator/4.4/psoc creator/import/gnu/arm/5.4.1/bin/../lib/gcc/arm-none-eabi/5.4.1/armv7-m\libgcc.a
LOAD c:/program files (x86)/cypress/psoc creator/4.4/psoc creator/import/gnu/arm/5.4.1/bin/../lib/gcc/arm-none-eabi/5.4.1/../../../../arm-none-eabi/lib/armv7-m\libg_nano.a
LOAD c:/program files (x86)/cypress/psoc creator/4.4/psoc creator/import/gnu/arm/5.4.1/bin/../lib/gcc/arm-none-eabi/5.4.1/../../../../arm-none-eabi/lib/armv7-m\libc_nano.a
END GROUP
START GROUP
LOAD c:/program files (x86)/cypress/psoc creator/4.4/psoc creator/import/gnu/arm/5.4.1/bin/../lib/gcc/arm-none-eabi/5.4.1/armv7-m\libgcc.a
LOAD c:/program files (x86)/cypress/psoc creator/4.4/psoc creator/import/gnu/arm/5.4.1/bin/../lib/gcc/arm-none-eabi/5.4.1/../../../../arm-none-eabi/lib/armv7-m\libc_nano.a
END GROUP
LOAD c:/program files (x86)/cypress/psoc creator/4.4/psoc creator/import/gnu/arm/5.4.1/bin/../lib/gcc/arm-none-eabi/5.4.1/armv7-m/crtend.o
LOAD c:/program files (x86)/cypress/psoc creator/4.4/psoc creator/import/gnu/arm/5.4.1/bin/../lib/gcc/arm-none-eabi/5.4.1/armv7-m/crtn.o
START GROUP
LOAD c:/program files (x86)/cypress/psoc creator/4.4/psoc creator/import/gnu/arm/5.4.1/bin/../lib/gcc/arm-none-eabi/5.4.1/armv7-m\libgcc.a
LOAD c:/program files (x86)/cypress/psoc creator/4.4/psoc creator/import/gnu/arm/5.4.1/bin/../lib/gcc/arm-none-eabi/5.4.1/../../../../arm-none-eabi/lib/armv7-m\libc.a
LOAD c:/program files (x86)/cypress/psoc creator/4.4/psoc creator/import/gnu/arm/5.4.1/bin/../lib/gcc/arm-none-eabi/5.4.1/../../../../arm-none-eabi/lib/armv7-m\libnosys.a
END GROUP
                0x00000000                CY_APPL_ORIGIN = 0x0
                0x00000100                CY_FLASH_ROW_SIZE = 0x100
                0x00000020                CY_ECC_ROW_SIZE = 0x20
                0x00000000                CY_EE_IN_BTLDR = 0x0
                0x00000000                CY_APPL_LOADABLE = 0x0
                0x00000800                CY_EE_SIZE = 0x800
                0x00000001                CY_APPL_NUM = 0x1
                0x00000001                CY_APPL_MAX = 0x1
                0x00000040                CY_METADATA_SIZE = 0x40
                0x00000000                CY_APPL_LOADABLE = 0x0
                0x00000000                CY_CHECKSUM_EXCLUDE_SIZE = ALIGN (0x0, CY_FLASH_ROW_SIZE)
                [!provide]                PROVIDE (__cy_heap_start, _end)
                0x00000001                PROVIDE (__cy_region_num, ((__cy_regions_end - __cy_regions) / 0x10))
                0x20008000                PROVIDE (__cy_stack, (ORIGIN (ram) + LENGTH (ram)))
                [!provide]                PROVIDE (__cy_heap_end, (__cy_stack - 0x800))

.cybootloader   0x00000000        0x0
 *(.cybootloader)
                0x00000000                appl1_start = CY_APPL_ORIGIN?CY_APPL_ORIGIN:ALIGN (CY_FLASH_ROW_SIZE)
                0x0001ff00                appl2_start = (appl1_start + ALIGN ((((LENGTH (rom) - appl1_start) - (0x2 * CY_FLASH_ROW_SIZE)) / 0x2), CY_FLASH_ROW_SIZE))
                0x00000000                appl_start = (CY_APPL_NUM == 0x1)?appl1_start:appl2_start
                0x00000000                ecc_offset = ((appl_start / CY_FLASH_ROW_SIZE) * CY_ECC_ROW_SIZE)
                0x00000000                ee_offset = (CY_APPL_LOADABLE && ! (CY_EE_IN_BTLDR))?((CY_EE_SIZE / CY_APPL_MAX) * (CY_APPL_NUM - 0x1)):0x0
                0x00000800                ee_size = (CY_APPL_LOADABLE && ! (CY_EE_IN_BTLDR))?(CY_EE_SIZE / CY_APPL_MAX):CY_EE_SIZE
                [!provide]                PROVIDE (CY_ECC_OFFSET, ecc_offset)

.text           0x00000000     0x1076
 CREATE_OBJECT_SYMBOLS
                0x00000000                PROVIDE (__cy_interrupt_vector, RomVectors)
 *(.romvectors)
 .romvectors    0x00000000       0x10 .\CortexM3\ARM_GCC_541\Debug\Cm3Start.o
                0x00000000                RomVectors
                0x00000001                ASSERT ((. != __cy_interrupt_vector), No interrupt vector)
                0x00000001                ASSERT (CY_APPL_ORIGIN?(SIZEOF (.cybootloader) <= CY_APPL_ORIGIN):0x1, Wrong image location)
                0x00000010                PROVIDE (__cy_reset, Reset)
 *(.text.Reset)
 .text.Reset    0x00000010       0x18 .\CortexM3\ARM_GCC_541\Debug\Cm3Start.o
                0x00000010                Reset
                0x00000001                ASSERT ((. != __cy_reset), No reset code)
 *(.dma_init)
                0x00000001                ASSERT ((((appl_start + .) <= 0x10000) || 0x1), DMA Init must be within the first 64k of flash)
 *(.text .text.* .gnu.linkonce.t.*)
 .text          0x00000028       0x5c c:/program files (x86)/cypress/psoc creator/4.4/psoc creator/import/gnu/arm/5.4.1/bin/../lib/gcc/arm-none-eabi/5.4.1/armv7-m/crtbegin.o
 .text.InitUART
                0x00000084        0x8 .\CortexM3\ARM_GCC_541\Debug\RealOne.o
                0x00000084                InitUART
 .text.InitADC  0x0000008c        0xc .\CortexM3\ARM_GCC_541\Debug\RealOne.o
                0x0000008c                InitADC
 .text.InitSPI  0x00000098        0x8 .\CortexM3\ARM_GCC_541\Debug\RealOne.o
                0x00000098                InitSPI
 .text.ReadADC  0x000000a0       0x10 .\CortexM3\ARM_GCC_541\Debug\RealOne.o
                0x000000a0                ReadADC
 .text.SendSPI  0x000000b0       0x28 .\CortexM3\ARM_GCC_541\Debug\RealOne.o
                0x000000b0                SendSPI
 .text.HandleADCConversion
                0x000000d8       0x1c .\CortexM3\ARM_GCC_541\Debug\RealOne.o
                0x000000d8                HandleADCConversion
 .text.SendHandshakeSignal
                0x000000f4       0x14 .\CortexM3\ARM_GCC_541\Debug\RealOne.o
                0x000000f4                SendHandshakeSignal
 .text.main     0x00000108       0x64 .\CortexM3\ARM_GCC_541\Debug\RealOne.o
                0x00000108                main
 .text.CyClockStartupError
                0x0000016c        0x4 .\CortexM3\ARM_GCC_541\Debug\cyfitter_cfg.o
 .text.cfg_write_bytes32
                0x00000170       0x34 .\CortexM3\ARM_GCC_541\Debug\cyfitter_cfg.o
 .text.AnalogSetDefault
                0x000001a4       0x38 .\CortexM3\ARM_GCC_541\Debug\cyfitter_cfg.o
 .text.CYMEMZERO
                0x000001dc        0xc .\CortexM3\ARM_GCC_541\Debug\cyfitter_cfg.o
 .text.CYCONFIGCPY
                0x000001e8        0x8 .\CortexM3\ARM_GCC_541\Debug\cyfitter_cfg.o
 .text.ClockSetup
                0x000001f0       0xf0 .\CortexM3\ARM_GCC_541\Debug\cyfitter_cfg.o
 .text.ADC_DelSig_1_AMux_Set
                0x000002e0       0x1c .\CortexM3\ARM_GCC_541\Debug\cyfitter_cfg.o
                0x000002e0                ADC_DelSig_1_AMux_Set
 .text.ADC_DelSig_1_AMux_Unset
                0x000002fc       0x1c .\CortexM3\ARM_GCC_541\Debug\cyfitter_cfg.o
                0x000002fc                ADC_DelSig_1_AMux_Unset
 .text.cyfitter_cfg
                0x00000318      0x108 .\CortexM3\ARM_GCC_541\Debug\cyfitter_cfg.o
                0x00000318                cyfitter_cfg
 .text.IntDefaultHandler
                0x00000420       0x10 .\CortexM3\ARM_GCC_541\Debug\Cm3Start.o
                0x00000420                IntDefaultHandler
 .text.Start_c  0x00000430       0x4c .\CortexM3\ARM_GCC_541\Debug\Cm3Start.o
                0x00000430                Start_c
 .text.initialize_psoc
                0x0000047c       0x68 .\CortexM3\ARM_GCC_541\Debug\Cm3Start.o
                0x0000047c                initialize_psoc
 .text.ADC_DelSig_1_GainCompensation
                0x000004e4       0xe0 .\CortexM3\ARM_GCC_541\Debug\BANAN.a(ADC_DelSig_1.o)
 .text.ADC_DelSig_1_SetDSMRef0Reg
                0x000005c4       0x4c .\CortexM3\ARM_GCC_541\Debug\BANAN.a(ADC_DelSig_1.o)
 .text.ADC_DelSig_1_InitConfig
                0x00000610      0x32c .\CortexM3\ARM_GCC_541\Debug\BANAN.a(ADC_DelSig_1.o)
 .text.ADC_DelSig_1_Init
                0x0000093c      0x108 .\CortexM3\ARM_GCC_541\Debug\BANAN.a(ADC_DelSig_1.o)
                0x0000093c                ADC_DelSig_1_Init
 .text.ADC_DelSig_1_Enable
                0x00000a44       0xd8 .\CortexM3\ARM_GCC_541\Debug\BANAN.a(ADC_DelSig_1.o)
                0x00000a44                ADC_DelSig_1_Enable
 .text.ADC_DelSig_1_Start
                0x00000b1c       0x28 .\CortexM3\ARM_GCC_541\Debug\BANAN.a(ADC_DelSig_1.o)
                0x00000b1c                ADC_DelSig_1_Start
 .text.ADC_DelSig_1_StartConvert
                0x00000b44       0x10 .\CortexM3\ARM_GCC_541\Debug\BANAN.a(ADC_DelSig_1.o)
                0x00000b44                ADC_DelSig_1_StartConvert
 .text.ADC_DelSig_1_IsEndConversion
                0x00000b54       0x30 .\CortexM3\ARM_GCC_541\Debug\BANAN.a(ADC_DelSig_1.o)
                0x00000b54                ADC_DelSig_1_IsEndConversion
 .text.ADC_DelSig_1_GetResult16
                0x00000b84       0x50 .\CortexM3\ARM_GCC_541\Debug\BANAN.a(ADC_DelSig_1.o)
                0x00000b84                ADC_DelSig_1_GetResult16
 .text.ADC_DelSig_1_ISR1
                0x00000bd4        0x4 .\CortexM3\ARM_GCC_541\Debug\BANAN.a(ADC_DelSig_1_INT.o)
                0x00000bd4                ADC_DelSig_1_ISR1
 .text.ADC_DelSig_1_ISR2
                0x00000bd8        0x4 .\CortexM3\ARM_GCC_541\Debug\BANAN.a(ADC_DelSig_1_INT.o)
                0x00000bd8                ADC_DelSig_1_ISR2
 .text.ADC_DelSig_1_ISR3
                0x00000bdc        0x4 .\CortexM3\ARM_GCC_541\Debug\BANAN.a(ADC_DelSig_1_INT.o)
                0x00000bdc                ADC_DelSig_1_ISR3
 .text.ADC_DelSig_1_ISR4
                0x00000be0        0x4 .\CortexM3\ARM_GCC_541\Debug\BANAN.a(ADC_DelSig_1_INT.o)
                0x00000be0                ADC_DelSig_1_ISR4
 .text.SPIS_1_Enable
                0x00000be4       0x30 .\CortexM3\ARM_GCC_541\Debug\BANAN.a(SPIS_1.o)
                0x00000be4                SPIS_1_Enable
 .text.SPIS_1_ReadTxStatus
                0x00000c14        0xc .\CortexM3\ARM_GCC_541\Debug\BANAN.a(SPIS_1.o)
                0x00000c14                SPIS_1_ReadTxStatus
 .text.SPIS_1_ReadRxStatus
                0x00000c20        0xc .\CortexM3\ARM_GCC_541\Debug\BANAN.a(SPIS_1.o)
                0x00000c20                SPIS_1_ReadRxStatus
 .text.SPIS_1_WriteTxData
                0x00000c2c       0x18 .\CortexM3\ARM_GCC_541\Debug\BANAN.a(SPIS_1.o)
                0x00000c2c                SPIS_1_WriteTxData
 .text.SPIS_1_ClearFIFO
                0x00000c44       0x4c .\CortexM3\ARM_GCC_541\Debug\BANAN.a(SPIS_1.o)
                0x00000c44                SPIS_1_ClearFIFO
 .text.SPIS_1_Init
                0x00000c90       0x2c .\CortexM3\ARM_GCC_541\Debug\BANAN.a(SPIS_1.o)
                0x00000c90                SPIS_1_Init
 .text.SPIS_1_Start
                0x00000cbc       0x1c .\CortexM3\ARM_GCC_541\Debug\BANAN.a(SPIS_1.o)
                0x00000cbc                SPIS_1_Start
 .text.ADC_DelSig_1_Ext_CP_Clk_GetDividerRegister
                0x00000cd8        0xc .\CortexM3\ARM_GCC_541\Debug\BANAN.a(ADC_DelSig_1_Ext_CP_Clk.o)
                0x00000cd8                ADC_DelSig_1_Ext_CP_Clk_GetDividerRegister
 .text.ADC_DelSig_1_Ext_CP_Clk_SetModeRegister
                0x00000ce4       0x14 .\CortexM3\ARM_GCC_541\Debug\BANAN.a(ADC_DelSig_1_Ext_CP_Clk.o)
                0x00000ce4                ADC_DelSig_1_Ext_CP_Clk_SetModeRegister
 .text.ADC_DelSig_1_Ext_CP_Clk_GetSourceRegister
                0x00000cf8       0x10 .\CortexM3\ARM_GCC_541\Debug\BANAN.a(ADC_DelSig_1_Ext_CP_Clk.o)
                0x00000cf8                ADC_DelSig_1_Ext_CP_Clk_GetSourceRegister
 .text.ADC_DelSig_1_Ext_CP_Clk_SetDividerRegister
                0x00000d08       0xd8 .\CortexM3\ARM_GCC_541\Debug\BANAN.a(ADC_DelSig_1_Ext_CP_Clk.o)
                0x00000d08                ADC_DelSig_1_Ext_CP_Clk_SetDividerRegister
 .text.ADC_DelSig_1_theACLK_GetDividerRegister
                0x00000de0        0xc .\CortexM3\ARM_GCC_541\Debug\BANAN.a(ADC_DelSig_1_theACLK.o)
                0x00000de0                ADC_DelSig_1_theACLK_GetDividerRegister
 .text.ADC_DelSig_1_theACLK_SetModeRegister
                0x00000dec       0x14 .\CortexM3\ARM_GCC_541\Debug\BANAN.a(ADC_DelSig_1_theACLK.o)
                0x00000dec                ADC_DelSig_1_theACLK_SetModeRegister
 .text.ADC_DelSig_1_theACLK_GetSourceRegister
                0x00000e00       0x10 .\CortexM3\ARM_GCC_541\Debug\BANAN.a(ADC_DelSig_1_theACLK.o)
                0x00000e00                ADC_DelSig_1_theACLK_GetSourceRegister
 .text.ADC_DelSig_1_theACLK_SetDividerRegister
                0x00000e10       0xd8 .\CortexM3\ARM_GCC_541\Debug\BANAN.a(ADC_DelSig_1_theACLK.o)
                0x00000e10                ADC_DelSig_1_theACLK_SetDividerRegister
 .text.CyHalt   0x00000ee8        0x4 .\CortexM3\ARM_GCC_541\Debug\BANAN.a(CyLib.o)
                0x00000ee8                CyHalt
 .text.CyDelay  0x00000eec       0x2c .\CortexM3\ARM_GCC_541\Debug\BANAN.a(CyLib.o)
                0x00000eec                CyDelay
 .text.CyDelayUs
                0x00000f18       0x14 .\CortexM3\ARM_GCC_541\Debug\BANAN.a(CyLib.o)
                0x00000f18                CyDelayUs
 .text.CyIntSetVector
                0x00000f2c       0x28 .\CortexM3\ARM_GCC_541\Debug\BANAN.a(CyLib.o)
                0x00000f2c                CyIntSetVector
 .text.CyIntSetPriority
                0x00000f54       0x30 .\CortexM3\ARM_GCC_541\Debug\BANAN.a(CyLib.o)
                0x00000f54                CyIntSetPriority
 .text.LED_Write
                0x00000f84       0x18 .\CortexM3\ARM_GCC_541\Debug\BANAN.a(LED.o)
                0x00000f84                LED_Write
 .text.ADC_DelSig_1_AMux_Start
                0x00000f9c       0x20 .\CortexM3\ARM_GCC_541\Debug\BANAN.a(ADC_DelSig_1_AMux.o)
                0x00000f9c                ADC_DelSig_1_AMux_Start
 .text.ADC_DelSig_1_AMux_Select
                0x00000fbc       0x18 .\CortexM3\ARM_GCC_541\Debug\BANAN.a(ADC_DelSig_1_AMux.o)
                0x00000fbc                ADC_DelSig_1_AMux_Select
 *fill*         0x00000fd4        0x4 
 .text          0x00000fd8       0x20 .\CortexM3\ARM_GCC_541\Debug\BANAN.a(CyBootAsmGnu.o)
                0x00000fd8                CyDelayCycles
                0x00000fe8                CyEnterCriticalSection
                0x00000ff0                CyExitCriticalSection
 .text.__errno  0x00000ff8        0xc c:/program files (x86)/cypress/psoc creator/4.4/psoc creator/import/gnu/arm/5.4.1/bin/../lib/gcc/arm-none-eabi/5.4.1/../../../../arm-none-eabi/lib/armv7-m\libg_nano.a(lib_a-errno.o)
                0x00000ff8                __errno
 .text.__libc_init_array
                0x00001004       0x4c c:/program files (x86)/cypress/psoc creator/4.4/psoc creator/import/gnu/arm/5.4.1/bin/../lib/gcc/arm-none-eabi/5.4.1/../../../../arm-none-eabi/lib/armv7-m\libg_nano.a(lib_a-init.o)
                0x00001004                __libc_init_array
 .text.memcpy   0x00001050       0x16 c:/program files (x86)/cypress/psoc creator/4.4/psoc creator/import/gnu/arm/5.4.1/bin/../lib/gcc/arm-none-eabi/5.4.1/../../../../arm-none-eabi/lib/armv7-m\libg_nano.a(lib_a-memcpy-stub.o)
                0x00001050                memcpy
 .text.memset   0x00001066       0x10 c:/program files (x86)/cypress/psoc creator/4.4/psoc creator/import/gnu/arm/5.4.1/bin/../lib/gcc/arm-none-eabi/5.4.1/../../../../arm-none-eabi/lib/armv7-m\libg_nano.a(lib_a-memset.o)
                0x00001066                memset
 *(.plt)
 *(.gnu.warning)
 *(.glue_7t)
 .glue_7t       0x00001076        0x0 linker stubs
 *(.glue_7)
 .glue_7        0x00001076        0x0 linker stubs
 *(.vfp11_veneer)
 .vfp11_veneer  0x00001076        0x0 linker stubs
 *(.bootloader)
 *(.ARM.extab* .gnu.linkonce.armextab.*)
 *(.gcc_except_table)

.v4_bx          0x00001078        0x0
 .v4_bx         0x00001078        0x0 linker stubs

.iplt           0x00001078        0x0
 .iplt          0x00001078        0x0 c:/program files (x86)/cypress/psoc creator/4.4/psoc creator/import/gnu/arm/5.4.1/bin/../lib/gcc/arm-none-eabi/5.4.1/armv7-m/crtbegin.o

.eh_frame_hdr
 *(.eh_frame_hdr)

.eh_frame       0x00001078        0x4
 *(.eh_frame)
 .eh_frame      0x00001078        0x0 c:/program files (x86)/cypress/psoc creator/4.4/psoc creator/import/gnu/arm/5.4.1/bin/../lib/gcc/arm-none-eabi/5.4.1/armv7-m/crtbegin.o
 .eh_frame      0x00001078        0x4 c:/program files (x86)/cypress/psoc creator/4.4/psoc creator/import/gnu/arm/5.4.1/bin/../lib/gcc/arm-none-eabi/5.4.1/armv7-m/crtend.o
                [!provide]                PROVIDE (__exidx_start, .)

.ARM.exidx
 *(.ARM.exidx* .gnu.linkonce.armexidx.*)
                0x0000107c                __exidx_end = .

.rodata         0x0000107c       0x6c
 *(.rodata .rodata.* .gnu.linkonce.r.*)
 .rodata        0x0000107c       0x36 .\CortexM3\ARM_GCC_541\Debug\cyfitter_cfg.o
                0x0000107c                ADC_DelSig_1_AMux__addrTable
                0x00001084                ADC_DelSig_1_AMux__maskTable
 .rodata.str1.1
                0x000010b2        0x2 c:/program files (x86)/cypress/psoc creator/4.4/psoc creator/import/gnu/arm/5.4.1/bin/../lib/gcc/arm-none-eabi/5.4.1/../../../../arm-none-eabi/lib/armv7-m\libg_nano.a(lib_a-impure.o)
                0x000010b4                . = ALIGN (0x4)
 *(.init)
 .init          0x000010b4        0x4 c:/program files (x86)/cypress/psoc creator/4.4/psoc creator/import/gnu/arm/5.4.1/bin/../lib/gcc/arm-none-eabi/5.4.1/armv7-m/crti.o
                0x000010b4                _init
 .init          0x000010b8        0x8 c:/program files (x86)/cypress/psoc creator/4.4/psoc creator/import/gnu/arm/5.4.1/bin/../lib/gcc/arm-none-eabi/5.4.1/armv7-m/crtn.o
                0x000010c0                . = ALIGN (0x4)
                0x000010c0                __preinit_array_start = .
 *(.preinit_array)
                0x000010c0                __preinit_array_end = .
                0x000010c0                . = ALIGN (0x4)
                0x000010c0                __init_array_start = .
 *(SORT(.init_array.*))
 *(.init_array)
 .init_array    0x000010c0        0x4 c:/program files (x86)/cypress/psoc creator/4.4/psoc creator/import/gnu/arm/5.4.1/bin/../lib/gcc/arm-none-eabi/5.4.1/armv7-m/crtbegin.o
 .init_array    0x000010c4        0x4 .\CortexM3\ARM_GCC_541\Debug\Cm3Start.o
                0x000010c8                __init_array_end = .
                0x000010c8                . = ALIGN (0x4)
 *(.fini)
 .fini          0x000010c8        0x4 c:/program files (x86)/cypress/psoc creator/4.4/psoc creator/import/gnu/arm/5.4.1/bin/../lib/gcc/arm-none-eabi/5.4.1/armv7-m/crti.o
                0x000010c8                _fini
 .fini          0x000010cc        0x8 c:/program files (x86)/cypress/psoc creator/4.4/psoc creator/import/gnu/arm/5.4.1/bin/../lib/gcc/arm-none-eabi/5.4.1/armv7-m/crtn.o
                0x000010d4                . = ALIGN (0x4)
                0x000010d4                __fini_array_start = .
 *(.fini_array)
 .fini_array    0x000010d4        0x4 c:/program files (x86)/cypress/psoc creator/4.4/psoc creator/import/gnu/arm/5.4.1/bin/../lib/gcc/arm-none-eabi/5.4.1/armv7-m/crtbegin.o
 *(SORT(.fini_array.*))
                0x000010d8                __fini_array_end = .
                0x000010d8                . = ALIGN (0x4)
 *crtbegin.o(.ctors)
 *(EXCLUDE_FILE(*crtend.o) .ctors)
 *(SORT(.ctors.*))
 *crtend.o(.ctors)
                0x000010d8                . = ALIGN (0x4)
 *crtbegin.o(.dtors)
 *(EXCLUDE_FILE(*crtend.o) .dtors)
 *(SORT(.dtors.*))
 *crtend.o(.dtors)
                0x000010d8                . = ALIGN (0x4)
                0x000010d8                __cy_regions = .
                0x000010d8        0x4 LONG 0x10e8 __cy_region_init_ram
                0x000010dc        0x4 LONG 0x1fff80c8 __cy_region_start_data
                0x000010e0        0x4 LONG 0x80 __cy_region_init_size_ram
                0x000010e4        0x4 LONG 0x440 __cy_region_zero_size_ram
                0x000010e8                __cy_regions_end = .
                0x000010e8                . = ALIGN (0x8)
                0x000010e8                _etext = .

.cy_checksum_exclude
                0x000010e8        0x0
 *(.cy_checksum_exclude)

.ramvectors     0x1fff8000       0xc0
                0x1fff8000                __cy_region_start_ram = .
 *(.ramvectors)
 .ramvectors    0x1fff8000       0xc0 .\CortexM3\ARM_GCC_541\Debug\Cm3Start.o
                0x1fff8000                CyRamVectors

.noinit         0x1fff80c0        0x1
 *(.noinit)
 .noinit        0x1fff80c0        0x1 .\CortexM3\ARM_GCC_541\Debug\BANAN.a(CyLib.o)
                0x1fff80c0                CyResetStatus

.data           0x1fff80c8       0x80 load address 0x000010e8
                0x1fff80c8                __cy_region_start_data = .
 *(.jcr)
 .jcr           0x1fff80c8        0x0 c:/program files (x86)/cypress/psoc creator/4.4/psoc creator/import/gnu/arm/5.4.1/bin/../lib/gcc/arm-none-eabi/5.4.1/armv7-m/crtbegin.o
 .jcr           0x1fff80c8        0x4 c:/program files (x86)/cypress/psoc creator/4.4/psoc creator/import/gnu/arm/5.4.1/bin/../lib/gcc/arm-none-eabi/5.4.1/armv7-m/crtend.o
 *(.got.plt)
 *(.got)
 *(.shdata)
 *(.data .data.* .gnu.linkonce.d.*)
 .data          0x1fff80cc        0x1 .\CortexM3\ARM_GCC_541\Debug\BANAN.a(ADC_DelSig_1.o)
                0x1fff80cc                ADC_DelSig_1_Config
 *fill*         0x1fff80cd        0x3 
 .data          0x1fff80d0       0x10 .\CortexM3\ARM_GCC_541\Debug\BANAN.a(CyLib.o)
                0x1fff80d0                cydelay_32k_ms
                0x1fff80d4                cydelay_freq_khz
                0x1fff80d8                cydelay_freq_mhz
                0x1fff80dc                cydelay_freq_hz
 .data          0x1fff80e0        0x1 .\CortexM3\ARM_GCC_541\Debug\BANAN.a(ADC_DelSig_1_AMux.o)
 *fill*         0x1fff80e1        0x3 
 .data.impure_data
                0x1fff80e4       0x60 c:/program files (x86)/cypress/psoc creator/4.4/psoc creator/import/gnu/arm/5.4.1/bin/../lib/gcc/arm-none-eabi/5.4.1/../../../../arm-none-eabi/lib/armv7-m\libg_nano.a(lib_a-impure.o)
 .data._impure_ptr
                0x1fff8144        0x4 c:/program files (x86)/cypress/psoc creator/4.4/psoc creator/import/gnu/arm/5.4.1/bin/../lib/gcc/arm-none-eabi/5.4.1/../../../../arm-none-eabi/lib/armv7-m\libg_nano.a(lib_a-impure.o)
                0x1fff8144                _impure_ptr
                0x1fff8148                . = ALIGN (0x8)
 *(.ram)
                0x1fff8148                _edata = .

.igot.plt       0x1fff8148        0x0 load address 0x00001168
 .igot.plt      0x1fff8148        0x0 c:/program files (x86)/cypress/psoc creator/4.4/psoc creator/import/gnu/arm/5.4.1/bin/../lib/gcc/arm-none-eabi/5.4.1/armv7-m/crtbegin.o

.bss            0x1fff8148      0x440 load address 0x00001168
                0x1fff8148                PROVIDE (__bss_start__, .)
 *(.shbss)
 *(.bss .bss.* .gnu.linkonce.b.*)
 .bss           0x1fff8148       0x1c c:/program files (x86)/cypress/psoc creator/4.4/psoc creator/import/gnu/arm/5.4.1/bin/../lib/gcc/arm-none-eabi/5.4.1/armv7-m/crtbegin.o
 .bss           0x1fff8164        0x4 .\CortexM3\ARM_GCC_541\Debug\RealOne.o
                0x1fff8164                bufferIndex
 .bss           0x1fff8168       0x18 .\CortexM3\ARM_GCC_541\Debug\BANAN.a(ADC_DelSig_1.o)
                0x1fff8178                ADC_DelSig_1_stopConversion
                0x1fff8179                ADC_DelSig_1_convDone
                0x1fff817a                ADC_DelSig_1_initVar
                0x1fff817b                ADC_DelSig_1_started
                0x1fff817c                ADC_DelSig_1_Offset
 .bss           0x1fff8180        0x1 .\CortexM3\ARM_GCC_541\Debug\BANAN.a(SPIS_1.o)
                0x1fff8180                SPIS_1_initVar
 *(COMMON)
 *fill*         0x1fff8181        0x3 
 COMMON         0x1fff8184      0x400 .\CortexM3\ARM_GCC_541\Debug\RealOne.o
                0x1fff8184                adcBuffer
 COMMON         0x1fff8584        0x4 .\CortexM3\ARM_GCC_541\Debug\BANAN.a(ADC_DelSig_1.o)
                0x1fff8584                ADC_DelSig_1_CountsPerVolt
                0x1fff8588                . = ALIGN (0x8)
 *(.ram.b)
                0x1fff8588                _end = .
                0x1fff8588                __end = .
                0x1fff8588                PROVIDE (end, .)
                0x1fff8588                PROVIDE (__bss_end__, .)
                0x000010e8                __cy_region_init_ram = LOADADDR (.data)
                0x00000080                __cy_region_init_size_ram = (_edata - ADDR (.data))
                0x00000440                __cy_region_zero_size_ram = (_end - _edata)

.heap           0x1fff8588       0x80 load address 0x00001168
                0x1fff8588                . = _end
                0x1fff8608                . = (. + 0x80)
 *fill*         0x1fff8588       0x80 
                0x1fff8608                __cy_heap_limit = .

.stack          0x20007800      0x800
                0x20007800                __cy_stack_limit = .
                0x20008000                . = (. + 0x800)
 *fill*         0x20007800      0x800 
                0x00000001                ASSERT ((__cy_stack_limit >= __cy_heap_limit), region RAM overflowed with stack)
                0x00000000                cy_checksum_exclude_size = (CY_APPL_LOADABLE == 0x1)?SIZEOF (.cy_checksum_exclude):0x0
                0x00000001                ASSERT ((cy_checksum_exclude_size <= CY_CHECKSUM_EXCLUDE_SIZE), CY_BOOT: Section .cy_checksum_exclude size exceedes specified limit.)

.cyloadermeta
 *(.cyloadermeta)

.cyloadablemeta
 *(.cyloadablemeta)

.cyconfigecc    0x80000000      0x270
 *(.cyconfigecc)
 .cyconfigecc   0x80000000      0x270 .\CortexM3\ARM_GCC_541\Debug\cymetadata.o
                0x80000000                cy_meta_configecc

.cycustnvl      0x90000000        0x4
 *(.cycustnvl)
 .cycustnvl     0x90000000        0x4 .\CortexM3\ARM_GCC_541\Debug\cymetadata.o
                0x90000000                cy_meta_custnvl

.cywolatch      0x90100000        0x4
 *(.cywolatch)
 .cywolatch     0x90100000        0x4 .\CortexM3\ARM_GCC_541\Debug\cymetadata.o
                0x90100000                cy_meta_wonvl

.cyeeprom       0x90200000        0x0
 *(.cyeeprom)
                0x00000001                ASSERT ((. <= ((0x90200000 + ee_offset) + ee_size)), .cyeeprom data will not fit in EEPROM)

.cyflashprotect
                0x90400000      0x100
 *(.cyflashprotect)
 .cyflashprotect
                0x90400000      0x100 .\CortexM3\ARM_GCC_541\Debug\cymetadata.o
                0x90400000                cy_meta_flashprotect

.cymeta         0x90500000        0xc
 *(.cymeta)
 .cymeta        0x90500000        0xc .\CortexM3\ARM_GCC_541\Debug\cymetadata.o
                0x90500000                cy_metadata

.rel.dyn        0x00001168        0x0 load address 0x9050000c
 .rel.iplt      0x00001168        0x0 c:/program files (x86)/cypress/psoc creator/4.4/psoc creator/import/gnu/arm/5.4.1/bin/../lib/gcc/arm-none-eabi/5.4.1/armv7-m/crtbegin.o

.stab
 *(.stab)

.stabstr
 *(.stabstr)

.debug
 *(.debug)

.line
 *(.line)

.debug_srcinfo
 *(.debug_srcinfo)

.debug_sfnames
 *(.debug_sfnames)

.debug_aranges  0x00000000      0x8e0
 *(.debug_aranges)
 .debug_aranges
                0x00000000       0x60 .\CortexM3\ARM_GCC_541\Debug\RealOne.o
 .debug_aranges
                0x00000060       0x68 .\CortexM3\ARM_GCC_541\Debug\cyfitter_cfg.o
 .debug_aranges
                0x000000c8       0x18 .\CortexM3\ARM_GCC_541\Debug\cymetadata.o
 .debug_aranges
                0x000000e0       0x48 .\CortexM3\ARM_GCC_541\Debug\Cm3Start.o
 .debug_aranges
                0x00000128       0xe8 .\CortexM3\ARM_GCC_541\Debug\BANAN.a(ADC_DelSig_1.o)
 .debug_aranges
                0x00000210       0x38 .\CortexM3\ARM_GCC_541\Debug\BANAN.a(ADC_DelSig_1_INT.o)
 .debug_aranges
                0x00000248       0xe0 .\CortexM3\ARM_GCC_541\Debug\BANAN.a(SPIS_1.o)
 .debug_aranges
                0x00000328       0x70 .\CortexM3\ARM_GCC_541\Debug\BANAN.a(ADC_DelSig_1_Ext_CP_Clk.o)
 .debug_aranges
                0x00000398       0x80 .\CortexM3\ARM_GCC_541\Debug\BANAN.a(ADC_DelSig_1_theACLK.o)
 .debug_aranges
                0x00000418      0x2a0 .\CortexM3\ARM_GCC_541\Debug\BANAN.a(CyLib.o)
 .debug_aranges
                0x000006b8       0x98 .\CortexM3\ARM_GCC_541\Debug\BANAN.a(cyPm.o)
 .debug_aranges
                0x00000750       0x38 .\CortexM3\ARM_GCC_541\Debug\BANAN.a(LED.o)
 .debug_aranges
                0x00000788       0x30 .\CortexM3\ARM_GCC_541\Debug\BANAN.a(ADC_DelSig_1_AMux.o)
 .debug_aranges
                0x000007b8       0x20 .\CortexM3\ARM_GCC_541\Debug\BANAN.a(CyBootAsmGnu.o)
 .debug_aranges
                0x000007d8       0x88 .\CortexM3\ARM_GCC_541\Debug\BANAN.a(CyFlash.o)
 .debug_aranges
                0x00000860       0x80 .\CortexM3\ARM_GCC_541\Debug\BANAN.a(CySpc.o)

.debug_pubnames
 *(.debug_pubnames)

.debug_info     0x00000000     0x525b
 *(.debug_info .gnu.linkonce.wi.*)
 .debug_info    0x00000000      0x440 .\CortexM3\ARM_GCC_541\Debug\RealOne.o
 .debug_info    0x00000440      0x5c0 .\CortexM3\ARM_GCC_541\Debug\cyfitter_cfg.o
 .debug_info    0x00000a00      0x135 .\CortexM3\ARM_GCC_541\Debug\cymetadata.o
 .debug_info    0x00000b35      0x3bb .\CortexM3\ARM_GCC_541\Debug\Cm3Start.o
 .debug_info    0x00000ef0      0xbef .\CortexM3\ARM_GCC_541\Debug\BANAN.a(ADC_DelSig_1.o)
 .debug_info    0x00001adf       0xd3 .\CortexM3\ARM_GCC_541\Debug\BANAN.a(ADC_DelSig_1_INT.o)
 .debug_info    0x00001bb2      0x4d6 .\CortexM3\ARM_GCC_541\Debug\BANAN.a(SPIS_1.o)
 .debug_info    0x00002088      0x283 .\CortexM3\ARM_GCC_541\Debug\BANAN.a(ADC_DelSig_1_Ext_CP_Clk.o)
 .debug_info    0x0000230b      0x2c4 .\CortexM3\ARM_GCC_541\Debug\BANAN.a(ADC_DelSig_1_theACLK.o)
 .debug_info    0x000025cf     0x1374 .\CortexM3\ARM_GCC_541\Debug\BANAN.a(CyLib.o)
 .debug_info    0x00003943      0xa2a .\CortexM3\ARM_GCC_541\Debug\BANAN.a(cyPm.o)
 .debug_info    0x0000436d      0x11f .\CortexM3\ARM_GCC_541\Debug\BANAN.a(LED.o)
 .debug_info    0x0000448c      0x165 .\CortexM3\ARM_GCC_541\Debug\BANAN.a(ADC_DelSig_1_AMux.o)
 .debug_info    0x000045f1       0xcd .\CortexM3\ARM_GCC_541\Debug\BANAN.a(CyBootAsmGnu.o)
 .debug_info    0x000046be      0x64d .\CortexM3\ARM_GCC_541\Debug\BANAN.a(CyFlash.o)
 .debug_info    0x00004d0b      0x550 .\CortexM3\ARM_GCC_541\Debug\BANAN.a(CySpc.o)

.debug_abbrev   0x00000000     0x1444
 *(.debug_abbrev)
 .debug_abbrev  0x00000000      0x17c .\CortexM3\ARM_GCC_541\Debug\RealOne.o
 .debug_abbrev  0x0000017c      0x21e .\CortexM3\ARM_GCC_541\Debug\cyfitter_cfg.o
 .debug_abbrev  0x0000039a       0x66 .\CortexM3\ARM_GCC_541\Debug\cymetadata.o
 .debug_abbrev  0x00000400      0x1e8 .\CortexM3\ARM_GCC_541\Debug\Cm3Start.o
 .debug_abbrev  0x000005e8      0x1eb .\CortexM3\ARM_GCC_541\Debug\BANAN.a(ADC_DelSig_1.o)
 .debug_abbrev  0x000007d3       0x42 .\CortexM3\ARM_GCC_541\Debug\BANAN.a(ADC_DelSig_1_INT.o)
 .debug_abbrev  0x00000815      0x146 .\CortexM3\ARM_GCC_541\Debug\BANAN.a(SPIS_1.o)
 .debug_abbrev  0x0000095b      0x139 .\CortexM3\ARM_GCC_541\Debug\BANAN.a(ADC_DelSig_1_Ext_CP_Clk.o)
 .debug_abbrev  0x00000a94      0x121 .\CortexM3\ARM_GCC_541\Debug\BANAN.a(ADC_DelSig_1_theACLK.o)
 .debug_abbrev  0x00000bb5      0x254 .\CortexM3\ARM_GCC_541\Debug\BANAN.a(CyLib.o)
 .debug_abbrev  0x00000e09      0x1ab .\CortexM3\ARM_GCC_541\Debug\BANAN.a(cyPm.o)
 .debug_abbrev  0x00000fb4       0x90 .\CortexM3\ARM_GCC_541\Debug\BANAN.a(LED.o)
 .debug_abbrev  0x00001044       0xb1 .\CortexM3\ARM_GCC_541\Debug\BANAN.a(ADC_DelSig_1_AMux.o)
 .debug_abbrev  0x000010f5       0x14 .\CortexM3\ARM_GCC_541\Debug\BANAN.a(CyBootAsmGnu.o)
 .debug_abbrev  0x00001109      0x1a7 .\CortexM3\ARM_GCC_541\Debug\BANAN.a(CyFlash.o)
 .debug_abbrev  0x000012b0      0x194 .\CortexM3\ARM_GCC_541\Debug\BANAN.a(CySpc.o)

.debug_line     0x00000000     0x23c0
 *(.debug_line)
 .debug_line    0x00000000      0x2b8 .\CortexM3\ARM_GCC_541\Debug\RealOne.o
 .debug_line    0x000002b8      0x205 .\CortexM3\ARM_GCC_541\Debug\cyfitter_cfg.o
 .debug_line    0x000004bd      0x141 .\CortexM3\ARM_GCC_541\Debug\cymetadata.o
 .debug_line    0x000005fe      0x234 .\CortexM3\ARM_GCC_541\Debug\Cm3Start.o
 .debug_line    0x00000832      0x3ee .\CortexM3\ARM_GCC_541\Debug\BANAN.a(ADC_DelSig_1.o)
 .debug_line    0x00000c20       0x89 .\CortexM3\ARM_GCC_541\Debug\BANAN.a(ADC_DelSig_1_INT.o)
 .debug_line    0x00000ca9      0x249 .\CortexM3\ARM_GCC_541\Debug\BANAN.a(SPIS_1.o)
 .debug_line    0x00000ef2      0x186 .\CortexM3\ARM_GCC_541\Debug\BANAN.a(ADC_DelSig_1_Ext_CP_Clk.o)
 .debug_line    0x00001078      0x1a6 .\CortexM3\ARM_GCC_541\Debug\BANAN.a(ADC_DelSig_1_theACLK.o)
 .debug_line    0x0000121e      0x816 .\CortexM3\ARM_GCC_541\Debug\BANAN.a(CyLib.o)
 .debug_line    0x00001a34      0x367 .\CortexM3\ARM_GCC_541\Debug\BANAN.a(cyPm.o)
 .debug_line    0x00001d9b       0x90 .\CortexM3\ARM_GCC_541\Debug\BANAN.a(LED.o)
 .debug_line    0x00001e2b       0xb5 .\CortexM3\ARM_GCC_541\Debug\BANAN.a(ADC_DelSig_1_AMux.o)
 .debug_line    0x00001ee0       0x66 .\CortexM3\ARM_GCC_541\Debug\BANAN.a(CyBootAsmGnu.o)
 .debug_line    0x00001f46      0x21a .\CortexM3\ARM_GCC_541\Debug\BANAN.a(CyFlash.o)
 .debug_line    0x00002160      0x260 .\CortexM3\ARM_GCC_541\Debug\BANAN.a(CySpc.o)

.debug_frame    0x00000000     0x1a50
 *(.debug_frame)
 .debug_frame   0x00000000      0x10c .\CortexM3\ARM_GCC_541\Debug\RealOne.o
 .debug_frame   0x0000010c      0x104 .\CortexM3\ARM_GCC_541\Debug\cyfitter_cfg.o
 .debug_frame   0x00000210       0xb8 .\CortexM3\ARM_GCC_541\Debug\Cm3Start.o
 .debug_frame   0x000002c8      0x284 .\CortexM3\ARM_GCC_541\Debug\BANAN.a(ADC_DelSig_1.o)
 .debug_frame   0x0000054c       0x50 .\CortexM3\ARM_GCC_541\Debug\BANAN.a(ADC_DelSig_1_INT.o)
 .debug_frame   0x0000059c      0x1f8 .\CortexM3\ARM_GCC_541\Debug\BANAN.a(SPIS_1.o)
 .debug_frame   0x00000794       0xe0 .\CortexM3\ARM_GCC_541\Debug\BANAN.a(ADC_DelSig_1_Ext_CP_Clk.o)
 .debug_frame   0x00000874      0x100 .\CortexM3\ARM_GCC_541\Debug\BANAN.a(ADC_DelSig_1_theACLK.o)
 .debug_frame   0x00000974      0x738 .\CortexM3\ARM_GCC_541\Debug\BANAN.a(CyLib.o)
 .debug_frame   0x000010ac      0x1f8 .\CortexM3\ARM_GCC_541\Debug\BANAN.a(cyPm.o)
 .debug_frame   0x000012a4       0x50 .\CortexM3\ARM_GCC_541\Debug\BANAN.a(LED.o)
 .debug_frame   0x000012f4       0x64 .\CortexM3\ARM_GCC_541\Debug\BANAN.a(ADC_DelSig_1_AMux.o)
 .debug_frame   0x00001358      0x194 .\CortexM3\ARM_GCC_541\Debug\BANAN.a(CyFlash.o)
 .debug_frame   0x000014ec      0x180 .\CortexM3\ARM_GCC_541\Debug\BANAN.a(CySpc.o)
 .debug_frame   0x0000166c       0x20 c:/program files (x86)/cypress/psoc creator/4.4/psoc creator/import/gnu/arm/5.4.1/bin/../lib/gcc/arm-none-eabi/5.4.1/../../../../arm-none-eabi/lib/armv7-m\libg_nano.a(lib_a-errno.o)
 .debug_frame   0x0000168c       0x28 c:/program files (x86)/cypress/psoc creator/4.4/psoc creator/import/gnu/arm/5.4.1/bin/../lib/gcc/arm-none-eabi/5.4.1/../../../../arm-none-eabi/lib/armv7-m\libg_nano.a(lib_a-exit.o)
 .debug_frame   0x000016b4       0x2c c:/program files (x86)/cypress/psoc creator/4.4/psoc creator/import/gnu/arm/5.4.1/bin/../lib/gcc/arm-none-eabi/5.4.1/../../../../arm-none-eabi/lib/armv7-m\libg_nano.a(lib_a-init.o)
 .debug_frame   0x000016e0       0x28 c:/program files (x86)/cypress/psoc creator/4.4/psoc creator/import/gnu/arm/5.4.1/bin/../lib/gcc/arm-none-eabi/5.4.1/../../../../arm-none-eabi/lib/armv7-m\libg_nano.a(lib_a-memcpy-stub.o)
 .debug_frame   0x00001708       0x20 c:/program files (x86)/cypress/psoc creator/4.4/psoc creator/import/gnu/arm/5.4.1/bin/../lib/gcc/arm-none-eabi/5.4.1/../../../../arm-none-eabi/lib/armv7-m\libg_nano.a(lib_a-memset.o)
 .debug_frame   0x00001728       0x70 c:/program files (x86)/cypress/psoc creator/4.4/psoc creator/import/gnu/arm/5.4.1/bin/../lib/gcc/arm-none-eabi/5.4.1/../../../../arm-none-eabi/lib/armv7-m\libg_nano.a(lib_a-sprintf.o)
 .debug_frame   0x00001798       0x90 c:/program files (x86)/cypress/psoc creator/4.4/psoc creator/import/gnu/arm/5.4.1/bin/../lib/gcc/arm-none-eabi/5.4.1/../../../../arm-none-eabi/lib/armv7-m\libg_nano.a(lib_a-nano-svfprintf.o)
 .debug_frame   0x00001828       0x60 c:/program files (x86)/cypress/psoc creator/4.4/psoc creator/import/gnu/arm/5.4.1/bin/../lib/gcc/arm-none-eabi/5.4.1/../../../../arm-none-eabi/lib/armv7-m\libg_nano.a(lib_a-nano-vfprintf_i.o)
 .debug_frame   0x00001888       0x28 c:/program files (x86)/cypress/psoc creator/4.4/psoc creator/import/gnu/arm/5.4.1/bin/../lib/gcc/arm-none-eabi/5.4.1/../../../../arm-none-eabi/lib/armv7-m\libg_nano.a(lib_a-memchr-stub.o)
 .debug_frame   0x000018b0       0x28 c:/program files (x86)/cypress/psoc creator/4.4/psoc creator/import/gnu/arm/5.4.1/bin/../lib/gcc/arm-none-eabi/5.4.1/../../../../arm-none-eabi/lib/armv7-m\libg_nano.a(lib_a-memmove.o)
 .debug_frame   0x000018d8       0x38 c:/program files (x86)/cypress/psoc creator/4.4/psoc creator/import/gnu/arm/5.4.1/bin/../lib/gcc/arm-none-eabi/5.4.1/../../../../arm-none-eabi/lib/armv7-m\libg_nano.a(lib_a-nano-freer.o)
 .debug_frame   0x00001910       0x2c c:/program files (x86)/cypress/psoc creator/4.4/psoc creator/import/gnu/arm/5.4.1/bin/../lib/gcc/arm-none-eabi/5.4.1/../../../../arm-none-eabi/lib/armv7-m\libg_nano.a(lib_a-nano-mallocr.o)
 .debug_frame   0x0000193c       0x3c c:/program files (x86)/cypress/psoc creator/4.4/psoc creator/import/gnu/arm/5.4.1/bin/../lib/gcc/arm-none-eabi/5.4.1/../../../../arm-none-eabi/lib/armv7-m\libg_nano.a(lib_a-nano-reallocr.o)
 .debug_frame   0x00001978       0x2c c:/program files (x86)/cypress/psoc creator/4.4/psoc creator/import/gnu/arm/5.4.1/bin/../lib/gcc/arm-none-eabi/5.4.1/../../../../arm-none-eabi/lib/armv7-m\libg_nano.a(lib_a-sbrkr.o)
 .debug_frame   0x000019a4       0x30 c:/program files (x86)/cypress/psoc creator/4.4/psoc creator/import/gnu/arm/5.4.1/bin/../lib/gcc/arm-none-eabi/5.4.1/../../../../arm-none-eabi/lib/armv7-m\libg_nano.a(lib_a-mlock.o)
 .debug_frame   0x000019d4       0x20 c:/program files (x86)/cypress/psoc creator/4.4/psoc creator/import/gnu/arm/5.4.1/bin/../lib/gcc/arm-none-eabi/5.4.1/../../../../arm-none-eabi/lib/armv7-m\libg_nano.a(lib_a-nano-msizer.o)
 .debug_frame   0x000019f4       0x5c c:/program files (x86)/cypress/psoc creator/4.4/psoc creator/import/gnu/arm/5.4.1/bin/../lib/gcc/arm-none-eabi/5.4.1/../../../../arm-none-eabi/lib/armv7-m\libg_nano.a(lib_a-reent.o)

.debug_str      0x00000000     0x209f
 *(.debug_str)
 .debug_str     0x00000000      0x2d4 .\CortexM3\ARM_GCC_541\Debug\RealOne.o
                                0x331 (size before relaxing)
 .debug_str     0x000002d4      0x269 .\CortexM3\ARM_GCC_541\Debug\cyfitter_cfg.o
                                0x3bc (size before relaxing)
 .debug_str     0x0000053d       0x7f .\CortexM3\ARM_GCC_541\Debug\cymetadata.o
                                0x221 (size before relaxing)
 .debug_str     0x000005bc      0x144 .\CortexM3\ARM_GCC_541\Debug\Cm3Start.o
                                0x347 (size before relaxing)
 .debug_str     0x00000700      0x4eb .\CortexM3\ARM_GCC_541\Debug\BANAN.a(ADC_DelSig_1.o)
                                0x753 (size before relaxing)
 .debug_str     0x00000beb       0x72 .\CortexM3\ARM_GCC_541\Debug\BANAN.a(ADC_DelSig_1_INT.o)
                                0x206 (size before relaxing)
 .debug_str     0x00000c5d      0x23b .\CortexM3\ARM_GCC_541\Debug\BANAN.a(SPIS_1.o)
                                0x465 (size before relaxing)
 .debug_str     0x00000e98      0x1cd .\CortexM3\ARM_GCC_541\Debug\BANAN.a(ADC_DelSig_1_Ext_CP_Clk.o)
                                0x3c7 (size before relaxing)
 .debug_str     0x00001065      0x1bb .\CortexM3\ARM_GCC_541\Debug\BANAN.a(ADC_DelSig_1_theACLK.o)
                                0x3f8 (size before relaxing)
 .debug_str     0x00001220      0x7e5 .\CortexM3\ARM_GCC_541\Debug\BANAN.a(CyLib.o)
                                0xa84 (size before relaxing)
 .debug_str     0x00001a05      0x365 .\CortexM3\ARM_GCC_541\Debug\BANAN.a(cyPm.o)
                                0x770 (size before relaxing)
 .debug_str     0x00001d6a       0x52 .\CortexM3\ARM_GCC_541\Debug\BANAN.a(LED.o)
                                0x215 (size before relaxing)
 .debug_str     0x00001dbc       0x83 .\CortexM3\ARM_GCC_541\Debug\BANAN.a(ADC_DelSig_1_AMux.o)
                                0x257 (size before relaxing)
 .debug_str     0x00001e3f      0x1b4 .\CortexM3\ARM_GCC_541\Debug\BANAN.a(CyFlash.o)
                                0x3fd (size before relaxing)
 .debug_str     0x00001ff3       0xac .\CortexM3\ARM_GCC_541\Debug\BANAN.a(CySpc.o)
                                0x375 (size before relaxing)

.debug_loc      0x00000000     0x252d
 *(.debug_loc)
 .debug_loc     0x00000000       0x89 .\CortexM3\ARM_GCC_541\Debug\RealOne.o
 .debug_loc     0x00000089      0x219 .\CortexM3\ARM_GCC_541\Debug\cyfitter_cfg.o
 .debug_loc     0x000002a2      0x144 .\CortexM3\ARM_GCC_541\Debug\Cm3Start.o
 .debug_loc     0x000003e6      0x681 .\CortexM3\ARM_GCC_541\Debug\BANAN.a(ADC_DelSig_1.o)
 .debug_loc     0x00000a67       0xf3 .\CortexM3\ARM_GCC_541\Debug\BANAN.a(SPIS_1.o)
 .debug_loc     0x00000b5a      0x12c .\CortexM3\ARM_GCC_541\Debug\BANAN.a(ADC_DelSig_1_Ext_CP_Clk.o)
 .debug_loc     0x00000c86      0x14d .\CortexM3\ARM_GCC_541\Debug\BANAN.a(ADC_DelSig_1_theACLK.o)
 .debug_loc     0x00000dd3      0xa11 .\CortexM3\ARM_GCC_541\Debug\BANAN.a(CyLib.o)
 .debug_loc     0x000017e4      0x1e4 .\CortexM3\ARM_GCC_541\Debug\BANAN.a(cyPm.o)
 .debug_loc     0x000019c8       0x42 .\CortexM3\ARM_GCC_541\Debug\BANAN.a(LED.o)
 .debug_loc     0x00001a0a       0x6c .\CortexM3\ARM_GCC_541\Debug\BANAN.a(ADC_DelSig_1_AMux.o)
 .debug_loc     0x00001a76      0x3b2 .\CortexM3\ARM_GCC_541\Debug\BANAN.a(CyFlash.o)
 .debug_loc     0x00001e28      0x705 .\CortexM3\ARM_GCC_541\Debug\BANAN.a(CySpc.o)

.debug_macinfo
 *(.debug_macinfo)

.debug_ranges   0x00000000      0x7c8
 *(.debug_ranges)
 .debug_ranges  0x00000000       0x50 .\CortexM3\ARM_GCC_541\Debug\RealOne.o
 .debug_ranges  0x00000050       0x58 .\CortexM3\ARM_GCC_541\Debug\cyfitter_cfg.o
 .debug_ranges  0x000000a8       0x38 .\CortexM3\ARM_GCC_541\Debug\Cm3Start.o
 .debug_ranges  0x000000e0       0xd8 .\CortexM3\ARM_GCC_541\Debug\BANAN.a(ADC_DelSig_1.o)
 .debug_ranges  0x000001b8       0x28 .\CortexM3\ARM_GCC_541\Debug\BANAN.a(ADC_DelSig_1_INT.o)
 .debug_ranges  0x000001e0       0xd0 .\CortexM3\ARM_GCC_541\Debug\BANAN.a(SPIS_1.o)
 .debug_ranges  0x000002b0       0x60 .\CortexM3\ARM_GCC_541\Debug\BANAN.a(ADC_DelSig_1_Ext_CP_Clk.o)
 .debug_ranges  0x00000310       0x70 .\CortexM3\ARM_GCC_541\Debug\BANAN.a(ADC_DelSig_1_theACLK.o)
 .debug_ranges  0x00000380      0x290 .\CortexM3\ARM_GCC_541\Debug\BANAN.a(CyLib.o)
 .debug_ranges  0x00000610       0x88 .\CortexM3\ARM_GCC_541\Debug\BANAN.a(cyPm.o)
 .debug_ranges  0x00000698       0x28 .\CortexM3\ARM_GCC_541\Debug\BANAN.a(LED.o)
 .debug_ranges  0x000006c0       0x20 .\CortexM3\ARM_GCC_541\Debug\BANAN.a(ADC_DelSig_1_AMux.o)
 .debug_ranges  0x000006e0       0x78 .\CortexM3\ARM_GCC_541\Debug\BANAN.a(CyFlash.o)
 .debug_ranges  0x00000758       0x70 .\CortexM3\ARM_GCC_541\Debug\BANAN.a(CySpc.o)

.comment        0x00000000       0x6e
 .comment       0x00000000       0x6e .\CortexM3\ARM_GCC_541\Debug\RealOne.o
                                 0x6f (size before relaxing)
 .comment       0x0000006e       0x6f .\CortexM3\ARM_GCC_541\Debug\cyfitter_cfg.o
 .comment       0x0000006e       0x6f .\CortexM3\ARM_GCC_541\Debug\cymetadata.o
 .comment       0x0000006e       0x6f .\CortexM3\ARM_GCC_541\Debug\Cm3Start.o
 .comment       0x0000006e       0x6f .\CortexM3\ARM_GCC_541\Debug\BANAN.a(ADC_DelSig_1.o)
 .comment       0x0000006e       0x6f .\CortexM3\ARM_GCC_541\Debug\BANAN.a(ADC_DelSig_1_INT.o)
 .comment       0x0000006e       0x6f .\CortexM3\ARM_GCC_541\Debug\BANAN.a(SPIS_1.o)
 .comment       0x0000006e       0x6f .\CortexM3\ARM_GCC_541\Debug\BANAN.a(ADC_DelSig_1_Ext_CP_Clk.o)
 .comment       0x0000006e       0x6f .\CortexM3\ARM_GCC_541\Debug\BANAN.a(ADC_DelSig_1_theACLK.o)
 .comment       0x0000006e       0x6f .\CortexM3\ARM_GCC_541\Debug\BANAN.a(CyLib.o)
 .comment       0x0000006e       0x6f .\CortexM3\ARM_GCC_541\Debug\BANAN.a(cyPm.o)
 .comment       0x0000006e       0x6f .\CortexM3\ARM_GCC_541\Debug\BANAN.a(LED.o)
 .comment       0x0000006e       0x6f .\CortexM3\ARM_GCC_541\Debug\BANAN.a(ADC_DelSig_1_AMux.o)
 .comment       0x0000006e       0x6f .\CortexM3\ARM_GCC_541\Debug\BANAN.a(CyFlash.o)
 .comment       0x0000006e       0x6f .\CortexM3\ARM_GCC_541\Debug\BANAN.a(CySpc.o)

.debug_weaknames
 *(.debug_weaknames)

.debug_funcnames
 *(.debug_funcnames)

.debug_typenames
 *(.debug_typenames)

.debug_varnames
 *(.debug_varnames)

.note.gnu.arm.ident
 *(.note.gnu.arm.ident)

.ARM.attributes
                0x00000000       0x29
 *(.ARM.attributes)
 .ARM.attributes
                0x00000000       0x1d c:/program files (x86)/cypress/psoc creator/4.4/psoc creator/import/gnu/arm/5.4.1/bin/../lib/gcc/arm-none-eabi/5.4.1/armv7-m/crti.o
 .ARM.attributes
                0x0000001d       0x2d c:/program files (x86)/cypress/psoc creator/4.4/psoc creator/import/gnu/arm/5.4.1/bin/../lib/gcc/arm-none-eabi/5.4.1/armv7-m/crtbegin.o
 .ARM.attributes
                0x0000004a       0x1b c:/program files (x86)/cypress/psoc creator/4.4/psoc creator/import/gnu/arm/5.4.1/bin/../lib/gcc/arm-none-eabi/5.4.1/../../../../arm-none-eabi/lib/armv7-m/crt0.o
 .ARM.attributes
                0x00000065       0x33 .\CortexM3\ARM_GCC_541\Debug\RealOne.o
 .ARM.attributes
                0x00000098       0x33 .\CortexM3\ARM_GCC_541\Debug\cyfitter_cfg.o
 .ARM.attributes
                0x000000cb       0x33 .\CortexM3\ARM_GCC_541\Debug\cymetadata.o
 .ARM.attributes
                0x000000fe       0x33 .\CortexM3\ARM_GCC_541\Debug\Cm3Start.o
 .ARM.attributes
                0x00000131       0x33 .\CortexM3\ARM_GCC_541\Debug\BANAN.a(ADC_DelSig_1.o)
 .ARM.attributes
                0x00000164       0x33 .\CortexM3\ARM_GCC_541\Debug\BANAN.a(ADC_DelSig_1_INT.o)
 .ARM.attributes
                0x00000197       0x33 .\CortexM3\ARM_GCC_541\Debug\BANAN.a(SPIS_1.o)
 .ARM.attributes
                0x000001ca       0x33 .\CortexM3\ARM_GCC_541\Debug\BANAN.a(ADC_DelSig_1_Ext_CP_Clk.o)
 .ARM.attributes
                0x000001fd       0x33 .\CortexM3\ARM_GCC_541\Debug\BANAN.a(ADC_DelSig_1_theACLK.o)
 .ARM.attributes
                0x00000230       0x33 .\CortexM3\ARM_GCC_541\Debug\BANAN.a(CyLib.o)
 .ARM.attributes
                0x00000263       0x33 .\CortexM3\ARM_GCC_541\Debug\BANAN.a(cyPm.o)
 .ARM.attributes
                0x00000296       0x33 .\CortexM3\ARM_GCC_541\Debug\BANAN.a(LED.o)
 .ARM.attributes
                0x000002c9       0x33 .\CortexM3\ARM_GCC_541\Debug\BANAN.a(ADC_DelSig_1_AMux.o)
 .ARM.attributes
                0x000002fc       0x21 .\CortexM3\ARM_GCC_541\Debug\BANAN.a(CyBootAsmGnu.o)
 .ARM.attributes
                0x0000031d       0x33 .\CortexM3\ARM_GCC_541\Debug\BANAN.a(CyFlash.o)
 .ARM.attributes
                0x00000350       0x33 .\CortexM3\ARM_GCC_541\Debug\BANAN.a(CySpc.o)
 .ARM.attributes
                0x00000383       0x1d c:/program files (x86)/cypress/psoc creator/4.4/psoc creator/import/gnu/arm/5.4.1/bin/../lib/gcc/arm-none-eabi/5.4.1/armv7-m\libgcc.a(_arm_addsubdf3.o)
 .ARM.attributes
                0x000003a0       0x1d c:/program files (x86)/cypress/psoc creator/4.4/psoc creator/import/gnu/arm/5.4.1/bin/../lib/gcc/arm-none-eabi/5.4.1/armv7-m\libgcc.a(_arm_cmpdf2.o)
 .ARM.attributes
                0x000003bd       0x1d c:/program files (x86)/cypress/psoc creator/4.4/psoc creator/import/gnu/arm/5.4.1/bin/../lib/gcc/arm-none-eabi/5.4.1/armv7-m\libgcc.a(_arm_addsubsf3.o)
 .ARM.attributes
                0x000003da       0x1d c:/program files (x86)/cypress/psoc creator/4.4/psoc creator/import/gnu/arm/5.4.1/bin/../lib/gcc/arm-none-eabi/5.4.1/armv7-m\libgcc.a(_arm_muldivsf3.o)
 .ARM.attributes
                0x000003f7       0x1d c:/program files (x86)/cypress/psoc creator/4.4/psoc creator/import/gnu/arm/5.4.1/bin/../lib/gcc/arm-none-eabi/5.4.1/armv7-m\libgcc.a(_arm_fixunssfsi.o)
 .ARM.attributes
                0x00000414       0x2d c:/program files (x86)/cypress/psoc creator/4.4/psoc creator/import/gnu/arm/5.4.1/bin/../lib/gcc/arm-none-eabi/5.4.1/../../../../arm-none-eabi/lib/armv7-m\libg_nano.a(lib_a-errno.o)
 .ARM.attributes
                0x00000441       0x2d c:/program files (x86)/cypress/psoc creator/4.4/psoc creator/import/gnu/arm/5.4.1/bin/../lib/gcc/arm-none-eabi/5.4.1/../../../../arm-none-eabi/lib/armv7-m\libg_nano.a(lib_a-exit.o)
 .ARM.attributes
                0x0000046e       0x2d c:/program files (x86)/cypress/psoc creator/4.4/psoc creator/import/gnu/arm/5.4.1/bin/../lib/gcc/arm-none-eabi/5.4.1/../../../../arm-none-eabi/lib/armv7-m\libg_nano.a(lib_a-impure.o)
 .ARM.attributes
                0x0000049b       0x2d c:/program files (x86)/cypress/psoc creator/4.4/psoc creator/import/gnu/arm/5.4.1/bin/../lib/gcc/arm-none-eabi/5.4.1/../../../../arm-none-eabi/lib/armv7-m\libg_nano.a(lib_a-init.o)
 .ARM.attributes
                0x000004c8       0x2d c:/program files (x86)/cypress/psoc creator/4.4/psoc creator/import/gnu/arm/5.4.1/bin/../lib/gcc/arm-none-eabi/5.4.1/../../../../arm-none-eabi/lib/armv7-m\libg_nano.a(lib_a-memcpy-stub.o)
 .ARM.attributes
                0x000004f5       0x2d c:/program files (x86)/cypress/psoc creator/4.4/psoc creator/import/gnu/arm/5.4.1/bin/../lib/gcc/arm-none-eabi/5.4.1/../../../../arm-none-eabi/lib/armv7-m\libg_nano.a(lib_a-memset.o)
 .ARM.attributes
                0x00000522       0x2d c:/program files (x86)/cypress/psoc creator/4.4/psoc creator/import/gnu/arm/5.4.1/bin/../lib/gcc/arm-none-eabi/5.4.1/../../../../arm-none-eabi/lib/armv7-m\libg_nano.a(lib_a-sprintf.o)
 .ARM.attributes
                0x0000054f       0x2d c:/program files (x86)/cypress/psoc creator/4.4/psoc creator/import/gnu/arm/5.4.1/bin/../lib/gcc/arm-none-eabi/5.4.1/../../../../arm-none-eabi/lib/armv7-m\libg_nano.a(lib_a-nano-svfprintf.o)
 .ARM.attributes
                0x0000057c       0x2d c:/program files (x86)/cypress/psoc creator/4.4/psoc creator/import/gnu/arm/5.4.1/bin/../lib/gcc/arm-none-eabi/5.4.1/../../../../arm-none-eabi/lib/armv7-m\libg_nano.a(lib_a-nano-vfprintf_i.o)
 .ARM.attributes
                0x000005a9       0x2d c:/program files (x86)/cypress/psoc creator/4.4/psoc creator/import/gnu/arm/5.4.1/bin/../lib/gcc/arm-none-eabi/5.4.1/../../../../arm-none-eabi/lib/armv7-m\libg_nano.a(lib_a-memchr-stub.o)
 .ARM.attributes
                0x000005d6       0x2d c:/program files (x86)/cypress/psoc creator/4.4/psoc creator/import/gnu/arm/5.4.1/bin/../lib/gcc/arm-none-eabi/5.4.1/../../../../arm-none-eabi/lib/armv7-m\libg_nano.a(lib_a-memmove.o)
 .ARM.attributes
                0x00000603       0x2d c:/program files (x86)/cypress/psoc creator/4.4/psoc creator/import/gnu/arm/5.4.1/bin/../lib/gcc/arm-none-eabi/5.4.1/../../../../arm-none-eabi/lib/armv7-m\libg_nano.a(lib_a-nano-freer.o)
 .ARM.attributes
                0x00000630       0x2d c:/program files (x86)/cypress/psoc creator/4.4/psoc creator/import/gnu/arm/5.4.1/bin/../lib/gcc/arm-none-eabi/5.4.1/../../../../arm-none-eabi/lib/armv7-m\libg_nano.a(lib_a-nano-mallocr.o)
 .ARM.attributes
                0x0000065d       0x2d c:/program files (x86)/cypress/psoc creator/4.4/psoc creator/import/gnu/arm/5.4.1/bin/../lib/gcc/arm-none-eabi/5.4.1/../../../../arm-none-eabi/lib/armv7-m\libg_nano.a(lib_a-nano-reallocr.o)
 .ARM.attributes
                0x0000068a       0x2d c:/program files (x86)/cypress/psoc creator/4.4/psoc creator/import/gnu/arm/5.4.1/bin/../lib/gcc/arm-none-eabi/5.4.1/../../../../arm-none-eabi/lib/armv7-m\libg_nano.a(lib_a-sbrkr.o)
 .ARM.attributes
                0x000006b7       0x2d c:/program files (x86)/cypress/psoc creator/4.4/psoc creator/import/gnu/arm/5.4.1/bin/../lib/gcc/arm-none-eabi/5.4.1/../../../../arm-none-eabi/lib/armv7-m\libg_nano.a(lib_a-mlock.o)
 .ARM.attributes
                0x000006e4       0x2d c:/program files (x86)/cypress/psoc creator/4.4/psoc creator/import/gnu/arm/5.4.1/bin/../lib/gcc/arm-none-eabi/5.4.1/../../../../arm-none-eabi/lib/armv7-m\libg_nano.a(lib_a-nano-msizer.o)
 .ARM.attributes
                0x00000711       0x2d c:/program files (x86)/cypress/psoc creator/4.4/psoc creator/import/gnu/arm/5.4.1/bin/../lib/gcc/arm-none-eabi/5.4.1/../../../../arm-none-eabi/lib/armv7-m\libg_nano.a(lib_a-reent.o)
 .ARM.attributes
                0x0000073e       0x2d c:/program files (x86)/cypress/psoc creator/4.4/psoc creator/import/gnu/arm/5.4.1/bin/../lib/gcc/arm-none-eabi/5.4.1/armv7-m/crtend.o
 .ARM.attributes
                0x0000076b       0x1d c:/program files (x86)/cypress/psoc creator/4.4/psoc creator/import/gnu/arm/5.4.1/bin/../lib/gcc/arm-none-eabi/5.4.1/armv7-m/crtn.o

/DISCARD/
 *(.note.GNU-stack)
OUTPUT(C:\Users\hanad\OneDrive\Dokumenter\3. Semester\Projekt\repos\Projects\PRJ3\AMK\BANAN.cydsn\CortexM3\ARM_GCC_541\Debug\BANAN.elf elf32-littlearm)
