Archive member included to satisfy reference by file (symbol)

.\CortexM3\ARM_GCC_541\Debug\BANAN.a(ADC_DelSig_1.o)
                              .\CortexM3\ARM_GCC_541\Debug\adc.o (ADC_DelSig_1_Start)
.\CortexM3\ARM_GCC_541\Debug\BANAN.a(ADC_DelSig_1_INT.o)
                              .\CortexM3\ARM_GCC_541\Debug\BANAN.a(ADC_DelSig_1.o) (ADC_DelSig_1_ISR1)
.\CortexM3\ARM_GCC_541\Debug\BANAN.a(SPIS_1.o)
                              .\CortexM3\ARM_GCC_541\Debug\spi.o (SPIS_1_ReadTxStatus)
.\CortexM3\ARM_GCC_541\Debug\BANAN.a(ADC_DelSig_1_Ext_CP_Clk.o)
                              .\CortexM3\ARM_GCC_541\Debug\BANAN.a(ADC_DelSig_1.o) (ADC_DelSig_1_Ext_CP_Clk_SetModeRegister)
.\CortexM3\ARM_GCC_541\Debug\BANAN.a(ADC_DelSig_1_theACLK.o)
                              .\CortexM3\ARM_GCC_541\Debug\BANAN.a(ADC_DelSig_1.o) (ADC_DelSig_1_theACLK_SetModeRegister)
.\CortexM3\ARM_GCC_541\Debug\BANAN.a(CyLib.o)
                              .\CortexM3\ARM_GCC_541\Debug\Cm3Start.o (CyHalt)
.\CortexM3\ARM_GCC_541\Debug\BANAN.a(cyPm.o)
                              .\CortexM3\ARM_GCC_541\Debug\BANAN.a(CyLib.o) (CyPmReadStatus)
.\CortexM3\ARM_GCC_541\Debug\BANAN.a(LED.o)
                              .\CortexM3\ARM_GCC_541\Debug\adc.o (LED_Write)
.\CortexM3\ARM_GCC_541\Debug\BANAN.a(ADC_DelSig_1_AMux.o)
                              .\CortexM3\ARM_GCC_541\Debug\BANAN.a(ADC_DelSig_1.o) (ADC_DelSig_1_AMux_Select)
.\CortexM3\ARM_GCC_541\Debug\BANAN.a(CyBootAsmGnu.o)
                              .\CortexM3\ARM_GCC_541\Debug\cyfitter_cfg.o (CyDelayCycles)
.\CortexM3\ARM_GCC_541\Debug\BANAN.a(CyFlash.o)
                              .\CortexM3\ARM_GCC_541\Debug\BANAN.a(cyPm.o) (CyFlash_SetWaitCycles)
.\CortexM3\ARM_GCC_541\Debug\BANAN.a(CySpc.o)
                              .\CortexM3\ARM_GCC_541\Debug\BANAN.a(CyFlash.o) (CySpcStart)
c:/program files (x86)/cypress/psoc creator/4.4/psoc creator/import/gnu/arm/5.4.1/bin/../lib/gcc/arm-none-eabi/5.4.1/armv7-m\libgcc.a(_arm_addsubdf3.o)
                              .\CortexM3\ARM_GCC_541\Debug\BANAN.a(ADC_DelSig_1.o) (__aeabi_f2d)
c:/program files (x86)/cypress/psoc creator/4.4/psoc creator/import/gnu/arm/5.4.1/bin/../lib/gcc/arm-none-eabi/5.4.1/armv7-m\libgcc.a(_arm_cmpdf2.o)
                              .\CortexM3\ARM_GCC_541\Debug\BANAN.a(ADC_DelSig_1.o) (__aeabi_dcmpgt)
c:/program files (x86)/cypress/psoc creator/4.4/psoc creator/import/gnu/arm/5.4.1/bin/../lib/gcc/arm-none-eabi/5.4.1/armv7-m\libgcc.a(_arm_addsubsf3.o)
                              .\CortexM3\ARM_GCC_541\Debug\BANAN.a(ADC_DelSig_1.o) (__aeabi_ui2f)
c:/program files (x86)/cypress/psoc creator/4.4/psoc creator/import/gnu/arm/5.4.1/bin/../lib/gcc/arm-none-eabi/5.4.1/armv7-m\libgcc.a(_arm_muldivsf3.o)
                              .\CortexM3\ARM_GCC_541\Debug\BANAN.a(ADC_DelSig_1.o) (__aeabi_fmul)
c:/program files (x86)/cypress/psoc creator/4.4/psoc creator/import/gnu/arm/5.4.1/bin/../lib/gcc/arm-none-eabi/5.4.1/armv7-m\libgcc.a(_arm_fixunssfsi.o)
                              .\CortexM3\ARM_GCC_541\Debug\BANAN.a(ADC_DelSig_1.o) (__aeabi_f2uiz)
c:/program files (x86)/cypress/psoc creator/4.4/psoc creator/import/gnu/arm/5.4.1/bin/../lib/gcc/arm-none-eabi/5.4.1/../../../../arm-none-eabi/lib/armv7-m\libg_nano.a(lib_a-errno.o)
                              .\CortexM3\ARM_GCC_541\Debug\Cm3Start.o (__errno)
c:/program files (x86)/cypress/psoc creator/4.4/psoc creator/import/gnu/arm/5.4.1/bin/../lib/gcc/arm-none-eabi/5.4.1/../../../../arm-none-eabi/lib/armv7-m\libg_nano.a(lib_a-exit.o)
                              c:/program files (x86)/cypress/psoc creator/4.4/psoc creator/import/gnu/arm/5.4.1/bin/../lib/gcc/arm-none-eabi/5.4.1/../../../../arm-none-eabi/lib/armv7-m/crt0.o (exit)
c:/program files (x86)/cypress/psoc creator/4.4/psoc creator/import/gnu/arm/5.4.1/bin/../lib/gcc/arm-none-eabi/5.4.1/../../../../arm-none-eabi/lib/armv7-m\libg_nano.a(lib_a-impure.o)
                              c:/program files (x86)/cypress/psoc creator/4.4/psoc creator/import/gnu/arm/5.4.1/bin/../lib/gcc/arm-none-eabi/5.4.1/../../../../arm-none-eabi/lib/armv7-m\libg_nano.a(lib_a-exit.o) (_global_impure_ptr)
c:/program files (x86)/cypress/psoc creator/4.4/psoc creator/import/gnu/arm/5.4.1/bin/../lib/gcc/arm-none-eabi/5.4.1/../../../../arm-none-eabi/lib/armv7-m\libg_nano.a(lib_a-init.o)
                              c:/program files (x86)/cypress/psoc creator/4.4/psoc creator/import/gnu/arm/5.4.1/bin/../lib/gcc/arm-none-eabi/5.4.1/../../../../arm-none-eabi/lib/armv7-m/crt0.o (__libc_init_array)
c:/program files (x86)/cypress/psoc creator/4.4/psoc creator/import/gnu/arm/5.4.1/bin/../lib/gcc/arm-none-eabi/5.4.1/../../../../arm-none-eabi/lib/armv7-m\libg_nano.a(lib_a-memcpy-stub.o)
                              .\CortexM3\ARM_GCC_541\Debug\cyfitter_cfg.o (memcpy)
c:/program files (x86)/cypress/psoc creator/4.4/psoc creator/import/gnu/arm/5.4.1/bin/../lib/gcc/arm-none-eabi/5.4.1/../../../../arm-none-eabi/lib/armv7-m\libg_nano.a(lib_a-memset.o)
                              c:/program files (x86)/cypress/psoc creator/4.4/psoc creator/import/gnu/arm/5.4.1/bin/../lib/gcc/arm-none-eabi/5.4.1/../../../../arm-none-eabi/lib/armv7-m/crt0.o (memset)

Allocating common symbols
Common symbol       size              file

adcBuffer           0x400             .\CortexM3\ARM_GCC_541\Debug\main.o
ADC_DelSig_1_CountsPerVolt
                    0x4               .\CortexM3\ARM_GCC_541\Debug\BANAN.a(ADC_DelSig_1.o)
SPIS_1_swStatusTx   0x1               .\CortexM3\ARM_GCC_541\Debug\BANAN.a(SPIS_1.o)
SPIS_1_swStatusRx   0x1               .\CortexM3\ARM_GCC_541\Debug\BANAN.a(SPIS_1.o)
dieTemperature      0x2               .\CortexM3\ARM_GCC_541\Debug\BANAN.a(CyFlash.o)

Discarded input sections

 .text          0x00000000        0x0 c:/program files (x86)/cypress/psoc creator/4.4/psoc creator/import/gnu/arm/5.4.1/bin/../lib/gcc/arm-none-eabi/5.4.1/armv7-m/crti.o
 .data          0x00000000        0x0 c:/program files (x86)/cypress/psoc creator/4.4/psoc creator/import/gnu/arm/5.4.1/bin/../lib/gcc/arm-none-eabi/5.4.1/armv7-m/crti.o
 .bss           0x00000000        0x0 c:/program files (x86)/cypress/psoc creator/4.4/psoc creator/import/gnu/arm/5.4.1/bin/../lib/gcc/arm-none-eabi/5.4.1/armv7-m/crti.o
 .data          0x00000000        0x4 c:/program files (x86)/cypress/psoc creator/4.4/psoc creator/import/gnu/arm/5.4.1/bin/../lib/gcc/arm-none-eabi/5.4.1/armv7-m/crtbegin.o
 .text          0x00000000       0x74 c:/program files (x86)/cypress/psoc creator/4.4/psoc creator/import/gnu/arm/5.4.1/bin/../lib/gcc/arm-none-eabi/5.4.1/../../../../arm-none-eabi/lib/armv7-m/crt0.o
 .data          0x00000000        0x0 c:/program files (x86)/cypress/psoc creator/4.4/psoc creator/import/gnu/arm/5.4.1/bin/../lib/gcc/arm-none-eabi/5.4.1/../../../../arm-none-eabi/lib/armv7-m/crt0.o
 .bss           0x00000000        0x0 c:/program files (x86)/cypress/psoc creator/4.4/psoc creator/import/gnu/arm/5.4.1/bin/../lib/gcc/arm-none-eabi/5.4.1/../../../../arm-none-eabi/lib/armv7-m/crt0.o
 .ARM.extab     0x00000000        0x0 c:/program files (x86)/cypress/psoc creator/4.4/psoc creator/import/gnu/arm/5.4.1/bin/../lib/gcc/arm-none-eabi/5.4.1/../../../../arm-none-eabi/lib/armv7-m/crt0.o
 .ARM.exidx     0x00000000        0x8 c:/program files (x86)/cypress/psoc creator/4.4/psoc creator/import/gnu/arm/5.4.1/bin/../lib/gcc/arm-none-eabi/5.4.1/../../../../arm-none-eabi/lib/armv7-m/crt0.o
 .text          0x00000000        0x0 .\CortexM3\ARM_GCC_541\Debug\adc.o
 .data          0x00000000        0x0 .\CortexM3\ARM_GCC_541\Debug\adc.o
 .bss           0x00000000        0x0 .\CortexM3\ARM_GCC_541\Debug\adc.o
 .text          0x00000000        0x0 .\CortexM3\ARM_GCC_541\Debug\main.o
 .data          0x00000000        0x0 .\CortexM3\ARM_GCC_541\Debug\main.o
 .text          0x00000000        0x0 .\CortexM3\ARM_GCC_541\Debug\spi.o
 .data          0x00000000        0x0 .\CortexM3\ARM_GCC_541\Debug\spi.o
 .bss           0x00000000        0x0 .\CortexM3\ARM_GCC_541\Debug\spi.o
 .text          0x00000000        0x0 .\CortexM3\ARM_GCC_541\Debug\cyfitter_cfg.o
 .data          0x00000000        0x0 .\CortexM3\ARM_GCC_541\Debug\cyfitter_cfg.o
 .bss           0x00000000        0x0 .\CortexM3\ARM_GCC_541\Debug\cyfitter_cfg.o
 .text.SetAnalogRoutingPumps
                0x00000000       0x1c .\CortexM3\ARM_GCC_541\Debug\cyfitter_cfg.o
 .text          0x00000000        0x0 .\CortexM3\ARM_GCC_541\Debug\cymetadata.o
 .data          0x00000000        0x0 .\CortexM3\ARM_GCC_541\Debug\cymetadata.o
 .bss           0x00000000        0x0 .\CortexM3\ARM_GCC_541\Debug\cymetadata.o
 .text          0x00000000        0x0 .\CortexM3\ARM_GCC_541\Debug\Cm3Start.o
 .data          0x00000000        0x4 .\CortexM3\ARM_GCC_541\Debug\Cm3Start.o
 .bss           0x00000000        0x0 .\CortexM3\ARM_GCC_541\Debug\Cm3Start.o
 .text._exit    0x00000000        0xc .\CortexM3\ARM_GCC_541\Debug\Cm3Start.o
 .text._sbrk    0x00000000       0x30 .\CortexM3\ARM_GCC_541\Debug\Cm3Start.o
 .text          0x00000000        0x0 .\CortexM3\ARM_GCC_541\Debug\BANAN.a(ADC_DelSig_1.o)
 .text.ADC_DelSig_1_Stop
                0x00000000       0xe4 .\CortexM3\ARM_GCC_541\Debug\BANAN.a(ADC_DelSig_1.o)
 .text.ADC_DelSig_1_SetBufferGain
                0x00000000       0x18 .\CortexM3\ARM_GCC_541\Debug\BANAN.a(ADC_DelSig_1.o)
 .text.ADC_DelSig_1_SetCoherency
                0x00000000       0x18 .\CortexM3\ARM_GCC_541\Debug\BANAN.a(ADC_DelSig_1.o)
 .text.ADC_DelSig_1_SetGCOR
                0x00000000       0x74 .\CortexM3\ARM_GCC_541\Debug\BANAN.a(ADC_DelSig_1.o)
 .text.ADC_DelSig_1_ReadGCOR
                0x00000000       0x24 .\CortexM3\ARM_GCC_541\Debug\BANAN.a(ADC_DelSig_1.o)
 .text.ADC_DelSig_1_StopConvert
                0x00000000       0x10 .\CortexM3\ARM_GCC_541\Debug\BANAN.a(ADC_DelSig_1.o)
 .text.ADC_DelSig_1_GetResult8
                0x00000000       0x48 .\CortexM3\ARM_GCC_541\Debug\BANAN.a(ADC_DelSig_1.o)
 .text.ADC_DelSig_1_GetResult32
                0x00000000       0x6c .\CortexM3\ARM_GCC_541\Debug\BANAN.a(ADC_DelSig_1.o)
 .text.ADC_DelSig_1_SetOffset
                0x00000000        0xc .\CortexM3\ARM_GCC_541\Debug\BANAN.a(ADC_DelSig_1.o)
 .text.ADC_DelSig_1_SetGain
                0x00000000        0xc .\CortexM3\ARM_GCC_541\Debug\BANAN.a(ADC_DelSig_1.o)
 .text.ADC_DelSig_1_CountsTo_mVolts
                0x00000000       0x24 .\CortexM3\ARM_GCC_541\Debug\BANAN.a(ADC_DelSig_1.o)
 .text.ADC_DelSig_1_CountsTo_Volts
                0x00000000       0x28 .\CortexM3\ARM_GCC_541\Debug\BANAN.a(ADC_DelSig_1.o)
 .text.ADC_DelSig_1_CountsTo_uVolts
                0x00000000       0x4c .\CortexM3\ARM_GCC_541\Debug\BANAN.a(ADC_DelSig_1.o)
 .text.ADC_DelSig_1_SelectConfiguration
                0x00000000       0x64 .\CortexM3\ARM_GCC_541\Debug\BANAN.a(ADC_DelSig_1.o)
 .text.ADC_DelSig_1_Read8
                0x00000000       0x28 .\CortexM3\ARM_GCC_541\Debug\BANAN.a(ADC_DelSig_1.o)
 .text.ADC_DelSig_1_Read16
                0x00000000       0x28 .\CortexM3\ARM_GCC_541\Debug\BANAN.a(ADC_DelSig_1.o)
 .text.ADC_DelSig_1_Read32
                0x00000000       0x28 .\CortexM3\ARM_GCC_541\Debug\BANAN.a(ADC_DelSig_1.o)
 .text          0x00000000        0x0 .\CortexM3\ARM_GCC_541\Debug\BANAN.a(ADC_DelSig_1_INT.o)
 .data          0x00000000        0x0 .\CortexM3\ARM_GCC_541\Debug\BANAN.a(ADC_DelSig_1_INT.o)
 .bss           0x00000000        0x0 .\CortexM3\ARM_GCC_541\Debug\BANAN.a(ADC_DelSig_1_INT.o)
 .text          0x00000000        0x0 .\CortexM3\ARM_GCC_541\Debug\BANAN.a(SPIS_1.o)
 .data          0x00000000        0x0 .\CortexM3\ARM_GCC_541\Debug\BANAN.a(SPIS_1.o)
 .text.SPIS_1_Stop
                0x00000000       0x24 .\CortexM3\ARM_GCC_541\Debug\BANAN.a(SPIS_1.o)
 .text.SPIS_1_EnableTxInt
                0x00000000        0x4 .\CortexM3\ARM_GCC_541\Debug\BANAN.a(SPIS_1.o)
 .text.SPIS_1_EnableRxInt
                0x00000000        0x4 .\CortexM3\ARM_GCC_541\Debug\BANAN.a(SPIS_1.o)
 .text.SPIS_1_DisableTxInt
                0x00000000        0x4 .\CortexM3\ARM_GCC_541\Debug\BANAN.a(SPIS_1.o)
 .text.SPIS_1_DisableRxInt
                0x00000000        0x4 .\CortexM3\ARM_GCC_541\Debug\BANAN.a(SPIS_1.o)
 .text.SPIS_1_SetTxInterruptMode
                0x00000000        0xc .\CortexM3\ARM_GCC_541\Debug\BANAN.a(SPIS_1.o)
 .text.SPIS_1_SetRxInterruptMode
                0x00000000        0xc .\CortexM3\ARM_GCC_541\Debug\BANAN.a(SPIS_1.o)
 .text.SPIS_1_WriteTxDataZero
                0x00000000        0xc .\CortexM3\ARM_GCC_541\Debug\BANAN.a(SPIS_1.o)
 .text.SPIS_1_ReadRxData
                0x00000000        0xc .\CortexM3\ARM_GCC_541\Debug\BANAN.a(SPIS_1.o)
 .text.SPIS_1_GetRxBufferSize
                0x00000000       0x18 .\CortexM3\ARM_GCC_541\Debug\BANAN.a(SPIS_1.o)
 .text.SPIS_1_GetTxBufferSize
                0x00000000       0x24 .\CortexM3\ARM_GCC_541\Debug\BANAN.a(SPIS_1.o)
 .text.SPIS_1_ClearRxBuffer
                0x00000000       0x1c .\CortexM3\ARM_GCC_541\Debug\BANAN.a(SPIS_1.o)
 .text.SPIS_1_ClearTxBuffer
                0x00000000       0x34 .\CortexM3\ARM_GCC_541\Debug\BANAN.a(SPIS_1.o)
 .text.SPIS_1_PutArray
                0x00000000       0x20 .\CortexM3\ARM_GCC_541\Debug\BANAN.a(SPIS_1.o)
 .text.SPIS_1_EnableInt
                0x00000000        0x4 .\CortexM3\ARM_GCC_541\Debug\BANAN.a(SPIS_1.o)
 .text.SPIS_1_DisableInt
                0x00000000        0x4 .\CortexM3\ARM_GCC_541\Debug\BANAN.a(SPIS_1.o)
 .text.SPIS_1_SetInterruptMode
                0x00000000       0x10 .\CortexM3\ARM_GCC_541\Debug\BANAN.a(SPIS_1.o)
 .text.SPIS_1_ReadStatus
                0x00000000       0x14 .\CortexM3\ARM_GCC_541\Debug\BANAN.a(SPIS_1.o)
 COMMON         0x00000000        0x2 .\CortexM3\ARM_GCC_541\Debug\BANAN.a(SPIS_1.o)
 .text          0x00000000        0x0 .\CortexM3\ARM_GCC_541\Debug\BANAN.a(ADC_DelSig_1_Ext_CP_Clk.o)
 .data          0x00000000        0x0 .\CortexM3\ARM_GCC_541\Debug\BANAN.a(ADC_DelSig_1_Ext_CP_Clk.o)
 .bss           0x00000000        0x0 .\CortexM3\ARM_GCC_541\Debug\BANAN.a(ADC_DelSig_1_Ext_CP_Clk.o)
 .text.ADC_DelSig_1_Ext_CP_Clk_Start
                0x00000000       0x1c .\CortexM3\ARM_GCC_541\Debug\BANAN.a(ADC_DelSig_1_Ext_CP_Clk.o)
 .text.ADC_DelSig_1_Ext_CP_Clk_Stop
                0x00000000       0x1c .\CortexM3\ARM_GCC_541\Debug\BANAN.a(ADC_DelSig_1_Ext_CP_Clk.o)
 .text.ADC_DelSig_1_Ext_CP_Clk_StopBlock
                0x00000000       0x6c .\CortexM3\ARM_GCC_541\Debug\BANAN.a(ADC_DelSig_1_Ext_CP_Clk.o)
 .text.ADC_DelSig_1_Ext_CP_Clk_StandbyPower
                0x00000000       0x20 .\CortexM3\ARM_GCC_541\Debug\BANAN.a(ADC_DelSig_1_Ext_CP_Clk.o)
 .text.ADC_DelSig_1_Ext_CP_Clk_ClearModeRegister
                0x00000000       0x18 .\CortexM3\ARM_GCC_541\Debug\BANAN.a(ADC_DelSig_1_Ext_CP_Clk.o)
 .text.ADC_DelSig_1_Ext_CP_Clk_GetModeRegister
                0x00000000       0x10 .\CortexM3\ARM_GCC_541\Debug\BANAN.a(ADC_DelSig_1_Ext_CP_Clk.o)
 .text.ADC_DelSig_1_Ext_CP_Clk_SetSourceRegister
                0x00000000       0x5c .\CortexM3\ARM_GCC_541\Debug\BANAN.a(ADC_DelSig_1_Ext_CP_Clk.o)
 .text          0x00000000        0x0 .\CortexM3\ARM_GCC_541\Debug\BANAN.a(ADC_DelSig_1_theACLK.o)
 .data          0x00000000        0x0 .\CortexM3\ARM_GCC_541\Debug\BANAN.a(ADC_DelSig_1_theACLK.o)
 .bss           0x00000000        0x0 .\CortexM3\ARM_GCC_541\Debug\BANAN.a(ADC_DelSig_1_theACLK.o)
 .text.ADC_DelSig_1_theACLK_Start
                0x00000000       0x1c .\CortexM3\ARM_GCC_541\Debug\BANAN.a(ADC_DelSig_1_theACLK.o)
 .text.ADC_DelSig_1_theACLK_Stop
                0x00000000       0x1c .\CortexM3\ARM_GCC_541\Debug\BANAN.a(ADC_DelSig_1_theACLK.o)
 .text.ADC_DelSig_1_theACLK_StopBlock
                0x00000000       0x6c .\CortexM3\ARM_GCC_541\Debug\BANAN.a(ADC_DelSig_1_theACLK.o)
 .text.ADC_DelSig_1_theACLK_StandbyPower
                0x00000000       0x20 .\CortexM3\ARM_GCC_541\Debug\BANAN.a(ADC_DelSig_1_theACLK.o)
 .text.ADC_DelSig_1_theACLK_ClearModeRegister
                0x00000000       0x18 .\CortexM3\ARM_GCC_541\Debug\BANAN.a(ADC_DelSig_1_theACLK.o)
 .text.ADC_DelSig_1_theACLK_GetModeRegister
                0x00000000       0x10 .\CortexM3\ARM_GCC_541\Debug\BANAN.a(ADC_DelSig_1_theACLK.o)
 .text.ADC_DelSig_1_theACLK_SetSourceRegister
                0x00000000       0x5c .\CortexM3\ARM_GCC_541\Debug\BANAN.a(ADC_DelSig_1_theACLK.o)
 .text.ADC_DelSig_1_theACLK_SetPhaseRegister
                0x00000000       0x10 .\CortexM3\ARM_GCC_541\Debug\BANAN.a(ADC_DelSig_1_theACLK.o)
 .text.ADC_DelSig_1_theACLK_GetPhaseRegister
                0x00000000       0x10 .\CortexM3\ARM_GCC_541\Debug\BANAN.a(ADC_DelSig_1_theACLK.o)
 .text          0x00000000        0x0 .\CortexM3\ARM_GCC_541\Debug\BANAN.a(CyLib.o)
 .bss           0x00000000       0x1c .\CortexM3\ARM_GCC_541\Debug\BANAN.a(CyLib.o)
 .text.CyUSB_PowerOnCheck
                0x00000000       0x48 .\CortexM3\ARM_GCC_541\Debug\BANAN.a(CyLib.o)
 .text.CyBusClk_Internal_SetDivider
                0x00000000       0x48 .\CortexM3\ARM_GCC_541\Debug\BANAN.a(CyLib.o)
 .text.CyPLL_OUT_Stop
                0x00000000       0x10 .\CortexM3\ARM_GCC_541\Debug\BANAN.a(CyLib.o)
 .text.CyIMO_Stop
                0x00000000       0x1c .\CortexM3\ARM_GCC_541\Debug\BANAN.a(CyLib.o)
 .text.CyIMO_EnableDoubler
                0x00000000       0x10 .\CortexM3\ARM_GCC_541\Debug\BANAN.a(CyLib.o)
 .text.CyIMO_DisableDoubler
                0x00000000       0x10 .\CortexM3\ARM_GCC_541\Debug\BANAN.a(CyLib.o)
 .text.CyMasterClk_SetSource
                0x00000000       0x18 .\CortexM3\ARM_GCC_541\Debug\BANAN.a(CyLib.o)
 .text.CyMasterClk_SetDivider
                0x00000000        0xc .\CortexM3\ARM_GCC_541\Debug\BANAN.a(CyLib.o)
 .text.CyBusClk_SetDivider
                0x00000000       0x70 .\CortexM3\ARM_GCC_541\Debug\BANAN.a(CyLib.o)
 .text.CyUsbClk_SetSource
                0x00000000       0x18 .\CortexM3\ARM_GCC_541\Debug\BANAN.a(CyLib.o)
 .text.CyILO_Start1K
                0x00000000       0x10 .\CortexM3\ARM_GCC_541\Debug\BANAN.a(CyLib.o)
 .text.CyILO_Stop1K
                0x00000000       0x10 .\CortexM3\ARM_GCC_541\Debug\BANAN.a(CyLib.o)
 .text.CyILO_Start100K
                0x00000000       0x10 .\CortexM3\ARM_GCC_541\Debug\BANAN.a(CyLib.o)
 .text.CyILO_Stop100K
                0x00000000       0x10 .\CortexM3\ARM_GCC_541\Debug\BANAN.a(CyLib.o)
 .text.CyPLL_OUT_Start
                0x00000000       0x78 .\CortexM3\ARM_GCC_541\Debug\BANAN.a(CyLib.o)
 .text.CyIMO_Start
                0x00000000       0x60 .\CortexM3\ARM_GCC_541\Debug\BANAN.a(CyLib.o)
 .text.CyILO_Enable33K
                0x00000000       0x10 .\CortexM3\ARM_GCC_541\Debug\BANAN.a(CyLib.o)
 .text.CyILO_Disable33K
                0x00000000       0x10 .\CortexM3\ARM_GCC_541\Debug\BANAN.a(CyLib.o)
 .text.CyILO_SetSource
                0x00000000       0x18 .\CortexM3\ARM_GCC_541\Debug\BANAN.a(CyLib.o)
 .text.CyILO_SetPowerMode
                0x00000000       0x24 .\CortexM3\ARM_GCC_541\Debug\BANAN.a(CyLib.o)
 .text.CyXTAL_32KHZ_Stop
                0x00000000       0x30 .\CortexM3\ARM_GCC_541\Debug\BANAN.a(CyLib.o)
 .text.CyXTAL_32KHZ_ReadStatus
                0x00000000       0x10 .\CortexM3\ARM_GCC_541\Debug\BANAN.a(CyLib.o)
 .text.CyXTAL_Start
                0x00000000       0xac .\CortexM3\ARM_GCC_541\Debug\BANAN.a(CyLib.o)
 .text.CyXTAL_Stop
                0x00000000       0x10 .\CortexM3\ARM_GCC_541\Debug\BANAN.a(CyLib.o)
 .text.CyXTAL_EnableErrStatus
                0x00000000       0x10 .\CortexM3\ARM_GCC_541\Debug\BANAN.a(CyLib.o)
 .text.CyXTAL_DisableErrStatus
                0x00000000       0x10 .\CortexM3\ARM_GCC_541\Debug\BANAN.a(CyLib.o)
 .text.CyXTAL_ReadStatus
                0x00000000       0x18 .\CortexM3\ARM_GCC_541\Debug\BANAN.a(CyLib.o)
 .text.CyXTAL_EnableFaultRecovery
                0x00000000       0x10 .\CortexM3\ARM_GCC_541\Debug\BANAN.a(CyLib.o)
 .text.CyXTAL_DisableFaultRecovery
                0x00000000       0x10 .\CortexM3\ARM_GCC_541\Debug\BANAN.a(CyLib.o)
 .text.CyXTAL_SetStartup
                0x00000000       0x18 .\CortexM3\ARM_GCC_541\Debug\BANAN.a(CyLib.o)
 .text.CyXTAL_SetFbVoltage
                0x00000000       0x18 .\CortexM3\ARM_GCC_541\Debug\BANAN.a(CyLib.o)
 .text.CyXTAL_SetWdVoltage
                0x00000000       0x18 .\CortexM3\ARM_GCC_541\Debug\BANAN.a(CyLib.o)
 .text.CyPLL_OUT_SetPQ
                0x00000000       0x60 .\CortexM3\ARM_GCC_541\Debug\BANAN.a(CyLib.o)
 .text.CyPLL_OUT_SetSource
                0x00000000       0x34 .\CortexM3\ARM_GCC_541\Debug\BANAN.a(CyLib.o)
 .text.CyIMO_SetTrimValue
                0x00000000       0xcc .\CortexM3\ARM_GCC_541\Debug\BANAN.a(CyLib.o)
 .text.CyIMO_SetFreq
                0x00000000       0xf4 .\CortexM3\ARM_GCC_541\Debug\BANAN.a(CyLib.o)
 .text.CyIMO_SetSource
                0x00000000       0x58 .\CortexM3\ARM_GCC_541\Debug\BANAN.a(CyLib.o)
 .text.CySoftwareReset
                0x00000000       0x10 .\CortexM3\ARM_GCC_541\Debug\BANAN.a(CyLib.o)
 .text.CyXTAL_32KHZ_SetPowerMode
                0x00000000       0x84 .\CortexM3\ARM_GCC_541\Debug\BANAN.a(CyLib.o)
 .text.CyXTAL_32KHZ_Start
                0x00000000       0x74 .\CortexM3\ARM_GCC_541\Debug\BANAN.a(CyLib.o)
 .text.CyDelayFreq
                0x00000000       0x4c .\CortexM3\ARM_GCC_541\Debug\BANAN.a(CyLib.o)
 .text.CyWdtStart
                0x00000000       0x40 .\CortexM3\ARM_GCC_541\Debug\BANAN.a(CyLib.o)
 .text.CyWdtClear
                0x00000000        0xc .\CortexM3\ARM_GCC_541\Debug\BANAN.a(CyLib.o)
 .text.CyVdStickyStatus
                0x00000000       0x2c .\CortexM3\ARM_GCC_541\Debug\BANAN.a(CyLib.o)
 .text.CyVdLvDigitEnable
                0x00000000       0x84 .\CortexM3\ARM_GCC_541\Debug\BANAN.a(CyLib.o)
 .text.CyVdLvAnalogEnable
                0x00000000       0x80 .\CortexM3\ARM_GCC_541\Debug\BANAN.a(CyLib.o)
 .text.CyVdLvDigitDisable
                0x00000000       0x30 .\CortexM3\ARM_GCC_541\Debug\BANAN.a(CyLib.o)
 .text.CyVdLvAnalogDisable
                0x00000000       0x28 .\CortexM3\ARM_GCC_541\Debug\BANAN.a(CyLib.o)
 .text.CyVdHvAnalogEnable
                0x00000000       0x54 .\CortexM3\ARM_GCC_541\Debug\BANAN.a(CyLib.o)
 .text.CyVdHvAnalogDisable
                0x00000000       0x20 .\CortexM3\ARM_GCC_541\Debug\BANAN.a(CyLib.o)
 .text.CyVdRealTimeStatus
                0x00000000       0x1c .\CortexM3\ARM_GCC_541\Debug\BANAN.a(CyLib.o)
 .text.CyDisableInts
                0x00000000       0x1c .\CortexM3\ARM_GCC_541\Debug\BANAN.a(CyLib.o)
 .text.CyEnableInts
                0x00000000       0x18 .\CortexM3\ARM_GCC_541\Debug\BANAN.a(CyLib.o)
 .text.CyFlushCache
                0x00000000       0x44 .\CortexM3\ARM_GCC_541\Debug\BANAN.a(CyLib.o)
 .text.CyIntSetSysVector
                0x00000000       0x28 .\CortexM3\ARM_GCC_541\Debug\BANAN.a(CyLib.o)
 .text.CyIntGetSysVector
                0x00000000       0x20 .\CortexM3\ARM_GCC_541\Debug\BANAN.a(CyLib.o)
 .text.CyIntGetVector
                0x00000000       0x24 .\CortexM3\ARM_GCC_541\Debug\BANAN.a(CyLib.o)
 .text.CyIntGetPriority
                0x00000000       0x20 .\CortexM3\ARM_GCC_541\Debug\BANAN.a(CyLib.o)
 .text.CyIntGetState
                0x00000000       0x24 .\CortexM3\ARM_GCC_541\Debug\BANAN.a(CyLib.o)
 .text.CySysTickStop
                0x00000000       0x10 .\CortexM3\ARM_GCC_541\Debug\BANAN.a(CyLib.o)
 .text.CySysTickEnableInterrupt
                0x00000000       0x10 .\CortexM3\ARM_GCC_541\Debug\BANAN.a(CyLib.o)
 .text.CySysTickEnable
                0x00000000       0x18 .\CortexM3\ARM_GCC_541\Debug\BANAN.a(CyLib.o)
 .text.CySysTickDisableInterrupt
                0x00000000       0x10 .\CortexM3\ARM_GCC_541\Debug\BANAN.a(CyLib.o)
 .text.CySysTickSetReload
                0x00000000       0x10 .\CortexM3\ARM_GCC_541\Debug\BANAN.a(CyLib.o)
 .text.CySysTickGetReload
                0x00000000       0x10 .\CortexM3\ARM_GCC_541\Debug\BANAN.a(CyLib.o)
 .text.CySysTickGetValue
                0x00000000       0x10 .\CortexM3\ARM_GCC_541\Debug\BANAN.a(CyLib.o)
 .text.CySysTickSetClockSource
                0x00000000       0x20 .\CortexM3\ARM_GCC_541\Debug\BANAN.a(CyLib.o)
 .text.CySysTickGetClockSource
                0x00000000       0x10 .\CortexM3\ARM_GCC_541\Debug\BANAN.a(CyLib.o)
 .text.CySysTickGetCountFlag
                0x00000000       0x10 .\CortexM3\ARM_GCC_541\Debug\BANAN.a(CyLib.o)
 .text.CySysTickServiceCallbacks
                0x00000000       0x28 .\CortexM3\ARM_GCC_541\Debug\BANAN.a(CyLib.o)
 .text.CySysTickClear
                0x00000000        0xc .\CortexM3\ARM_GCC_541\Debug\BANAN.a(CyLib.o)
 .text.CySysTickInit
                0x00000000       0x58 .\CortexM3\ARM_GCC_541\Debug\BANAN.a(CyLib.o)
 .text.CySysTickStart
                0x00000000       0x1c .\CortexM3\ARM_GCC_541\Debug\BANAN.a(CyLib.o)
 .text.CySysTickSetCallback
                0x00000000       0x10 .\CortexM3\ARM_GCC_541\Debug\BANAN.a(CyLib.o)
 .text.CySysTickGetCallback
                0x00000000       0x10 .\CortexM3\ARM_GCC_541\Debug\BANAN.a(CyLib.o)
 .text.CyGetUniqueId
                0x00000000       0x70 .\CortexM3\ARM_GCC_541\Debug\BANAN.a(CyLib.o)
 .text          0x00000000        0x0 .\CortexM3\ARM_GCC_541\Debug\BANAN.a(cyPm.o)
 .data          0x00000000        0x0 .\CortexM3\ARM_GCC_541\Debug\BANAN.a(cyPm.o)
 .bss           0x00000000       0x43 .\CortexM3\ARM_GCC_541\Debug\BANAN.a(cyPm.o)
 .text.CyPmHibSlpSaveSet
                0x00000000      0x1dc .\CortexM3\ARM_GCC_541\Debug\BANAN.a(cyPm.o)
 .text.CyPmHibSlpRestore
                0x00000000       0xd8 .\CortexM3\ARM_GCC_541\Debug\BANAN.a(cyPm.o)
 .text.CyPmHviLviSaveDisable
                0x00000000       0xa0 .\CortexM3\ARM_GCC_541\Debug\BANAN.a(cyPm.o)
 .text.CyPmHibSaveSet
                0x00000000       0x98 .\CortexM3\ARM_GCC_541\Debug\BANAN.a(cyPm.o)
 .text.CyPmHviLviRestore
                0x00000000       0x48 .\CortexM3\ARM_GCC_541\Debug\BANAN.a(cyPm.o)
 .text.CyPmHibRestore
                0x00000000       0x60 .\CortexM3\ARM_GCC_541\Debug\BANAN.a(cyPm.o)
 .text.CyPmSaveClocks
                0x00000000      0x218 .\CortexM3\ARM_GCC_541\Debug\BANAN.a(cyPm.o)
 .text.CyPmRestoreClocks
                0x00000000      0x24c .\CortexM3\ARM_GCC_541\Debug\BANAN.a(cyPm.o)
 .text.CyPmAltAct
                0x00000000       0x6c .\CortexM3\ARM_GCC_541\Debug\BANAN.a(cyPm.o)
 .text.CyPmSleep
                0x00000000       0xf4 .\CortexM3\ARM_GCC_541\Debug\BANAN.a(cyPm.o)
 .text.CyPmHibernateEx
                0x00000000       0xf4 .\CortexM3\ARM_GCC_541\Debug\BANAN.a(cyPm.o)
 .text.CyPmHibernate
                0x00000000        0xc .\CortexM3\ARM_GCC_541\Debug\BANAN.a(cyPm.o)
 .text.CyPmReadStatus
                0x00000000       0x30 .\CortexM3\ARM_GCC_541\Debug\BANAN.a(cyPm.o)
 .text.CyPmCtwSetInterval
                0x00000000       0x5c .\CortexM3\ARM_GCC_541\Debug\BANAN.a(cyPm.o)
 .text.CyPmOppsSet
                0x00000000       0x2c .\CortexM3\ARM_GCC_541\Debug\BANAN.a(cyPm.o)
 .text.CyPmFtwSetInterval
                0x00000000       0x5c .\CortexM3\ARM_GCC_541\Debug\BANAN.a(cyPm.o)
 .rodata        0x00000000        0xf .\CortexM3\ARM_GCC_541\Debug\BANAN.a(cyPm.o)
 .text          0x00000000        0x0 .\CortexM3\ARM_GCC_541\Debug\BANAN.a(LED.o)
 .data          0x00000000        0x0 .\CortexM3\ARM_GCC_541\Debug\BANAN.a(LED.o)
 .bss           0x00000000        0x0 .\CortexM3\ARM_GCC_541\Debug\BANAN.a(LED.o)
 .text.LED_SetDriveMode
                0x00000000       0x18 .\CortexM3\ARM_GCC_541\Debug\BANAN.a(LED.o)
 .text.LED_Read
                0x00000000       0x10 .\CortexM3\ARM_GCC_541\Debug\BANAN.a(LED.o)
 .text.LED_ReadDataReg
                0x00000000       0x10 .\CortexM3\ARM_GCC_541\Debug\BANAN.a(LED.o)
 .text          0x00000000        0x0 .\CortexM3\ARM_GCC_541\Debug\BANAN.a(ADC_DelSig_1_AMux.o)
 .bss           0x00000000        0x0 .\CortexM3\ARM_GCC_541\Debug\BANAN.a(ADC_DelSig_1_AMux.o)
 .text.ADC_DelSig_1_AMux_FastSelect
                0x00000000       0x20 .\CortexM3\ARM_GCC_541\Debug\BANAN.a(ADC_DelSig_1_AMux.o)
 .data          0x00000000        0x0 .\CortexM3\ARM_GCC_541\Debug\BANAN.a(CyBootAsmGnu.o)
 .bss           0x00000000        0x0 .\CortexM3\ARM_GCC_541\Debug\BANAN.a(CyBootAsmGnu.o)
 .text          0x00000000        0x0 .\CortexM3\ARM_GCC_541\Debug\BANAN.a(CyFlash.o)
 .data          0x00000000        0x0 .\CortexM3\ARM_GCC_541\Debug\BANAN.a(CyFlash.o)
 .bss           0x00000000        0x0 .\CortexM3\ARM_GCC_541\Debug\BANAN.a(CyFlash.o)
 .text.CySetTempInt
                0x00000000       0x60 .\CortexM3\ARM_GCC_541\Debug\BANAN.a(CyFlash.o)
 .text.CyFlash_Start
                0x00000000       0x54 .\CortexM3\ARM_GCC_541\Debug\BANAN.a(CyFlash.o)
 .text.CyFlash_Stop
                0x00000000       0x24 .\CortexM3\ARM_GCC_541\Debug\BANAN.a(CyFlash.o)
 .text.CyFlash_EraseRow
                0x00000000       0x78 .\CortexM3\ARM_GCC_541\Debug\BANAN.a(CyFlash.o)
 .text.CyFlashGetSpcAlgorithm
                0x00000000       0x4c .\CortexM3\ARM_GCC_541\Debug\BANAN.a(CyFlash.o)
 .text.CySetTemp
                0x00000000       0x14 .\CortexM3\ARM_GCC_541\Debug\BANAN.a(CyFlash.o)
 .text.CySetFlashEEBuffer
                0x00000000       0x20 .\CortexM3\ARM_GCC_541\Debug\BANAN.a(CyFlash.o)
 .text.CyWriteRowFull
                0x00000000       0xf8 .\CortexM3\ARM_GCC_541\Debug\BANAN.a(CyFlash.o)
 .text.CyWriteRowData
                0x00000000       0x14 .\CortexM3\ARM_GCC_541\Debug\BANAN.a(CyFlash.o)
 .text.CyFlash_SetWaitCycles
                0x00000000       0x7c .\CortexM3\ARM_GCC_541\Debug\BANAN.a(CyFlash.o)
 .text.CyEEPROM_Start
                0x00000000       0x54 .\CortexM3\ARM_GCC_541\Debug\BANAN.a(CyFlash.o)
 .text.CyEEPROM_Stop
                0x00000000       0x24 .\CortexM3\ARM_GCC_541\Debug\BANAN.a(CyFlash.o)
 .text.CyEEPROM_ReadReserve
                0x00000000       0x1c .\CortexM3\ARM_GCC_541\Debug\BANAN.a(CyFlash.o)
 .text.CyEEPROM_ReadRelease
                0x00000000       0x10 .\CortexM3\ARM_GCC_541\Debug\BANAN.a(CyFlash.o)
 COMMON         0x00000000        0x2 .\CortexM3\ARM_GCC_541\Debug\BANAN.a(CyFlash.o)
 .text          0x00000000        0x0 .\CortexM3\ARM_GCC_541\Debug\BANAN.a(CySpc.o)
 .data          0x00000000        0x0 .\CortexM3\ARM_GCC_541\Debug\BANAN.a(CySpc.o)
 .bss           0x00000000        0x8 .\CortexM3\ARM_GCC_541\Debug\BANAN.a(CySpc.o)
 .text.CySpcStart
                0x00000000       0x24 .\CortexM3\ARM_GCC_541\Debug\BANAN.a(CySpc.o)
 .text.CySpcStop
                0x00000000       0x24 .\CortexM3\ARM_GCC_541\Debug\BANAN.a(CySpc.o)
 .text.CySpcReadData
                0x00000000       0x34 .\CortexM3\ARM_GCC_541\Debug\BANAN.a(CySpc.o)
 .text.CySpcLoadMultiByte
                0x00000000       0x78 .\CortexM3\ARM_GCC_541\Debug\BANAN.a(CySpc.o)
 .text.CySpcLoadRow
                0x00000000       0x50 .\CortexM3\ARM_GCC_541\Debug\BANAN.a(CySpc.o)
 .text.CySpcLoadRowFull
                0x00000000       0x80 .\CortexM3\ARM_GCC_541\Debug\BANAN.a(CySpc.o)
 .text.CySpcWriteRow
                0x00000000       0x4c .\CortexM3\ARM_GCC_541\Debug\BANAN.a(CySpc.o)
 .text.CySpcEraseSector
                0x00000000       0x3c .\CortexM3\ARM_GCC_541\Debug\BANAN.a(CySpc.o)
 .text.CySpcEraseRow
                0x00000000       0x4c .\CortexM3\ARM_GCC_541\Debug\BANAN.a(CySpc.o)
 .text.CySpcGetTemp
                0x00000000       0x3c .\CortexM3\ARM_GCC_541\Debug\BANAN.a(CySpc.o)
 .text.CySpcLock
                0x00000000       0x4c .\CortexM3\ARM_GCC_541\Debug\BANAN.a(CySpc.o)
 .text.CySpcUnlock
                0x00000000       0x38 .\CortexM3\ARM_GCC_541\Debug\BANAN.a(CySpc.o)
 .text.CySpcGetAlgorithm
                0x00000000       0x28 .\CortexM3\ARM_GCC_541\Debug\BANAN.a(CySpc.o)
 .text          0x00000000      0x370 c:/program files (x86)/cypress/psoc creator/4.4/psoc creator/import/gnu/arm/5.4.1/bin/../lib/gcc/arm-none-eabi/5.4.1/armv7-m\libgcc.a(_arm_addsubdf3.o)
 .data          0x00000000        0x0 c:/program files (x86)/cypress/psoc creator/4.4/psoc creator/import/gnu/arm/5.4.1/bin/../lib/gcc/arm-none-eabi/5.4.1/armv7-m\libgcc.a(_arm_addsubdf3.o)
 .bss           0x00000000        0x0 c:/program files (x86)/cypress/psoc creator/4.4/psoc creator/import/gnu/arm/5.4.1/bin/../lib/gcc/arm-none-eabi/5.4.1/armv7-m\libgcc.a(_arm_addsubdf3.o)
 .text          0x00000000      0x110 c:/program files (x86)/cypress/psoc creator/4.4/psoc creator/import/gnu/arm/5.4.1/bin/../lib/gcc/arm-none-eabi/5.4.1/armv7-m\libgcc.a(_arm_cmpdf2.o)
 .data          0x00000000        0x0 c:/program files (x86)/cypress/psoc creator/4.4/psoc creator/import/gnu/arm/5.4.1/bin/../lib/gcc/arm-none-eabi/5.4.1/armv7-m\libgcc.a(_arm_cmpdf2.o)
 .bss           0x00000000        0x0 c:/program files (x86)/cypress/psoc creator/4.4/psoc creator/import/gnu/arm/5.4.1/bin/../lib/gcc/arm-none-eabi/5.4.1/armv7-m\libgcc.a(_arm_cmpdf2.o)
 .text          0x00000000      0x21c c:/program files (x86)/cypress/psoc creator/4.4/psoc creator/import/gnu/arm/5.4.1/bin/../lib/gcc/arm-none-eabi/5.4.1/armv7-m\libgcc.a(_arm_addsubsf3.o)
 .data          0x00000000        0x0 c:/program files (x86)/cypress/psoc creator/4.4/psoc creator/import/gnu/arm/5.4.1/bin/../lib/gcc/arm-none-eabi/5.4.1/armv7-m\libgcc.a(_arm_addsubsf3.o)
 .bss           0x00000000        0x0 c:/program files (x86)/cypress/psoc creator/4.4/psoc creator/import/gnu/arm/5.4.1/bin/../lib/gcc/arm-none-eabi/5.4.1/armv7-m\libgcc.a(_arm_addsubsf3.o)
 .text          0x00000000      0x2a0 c:/program files (x86)/cypress/psoc creator/4.4/psoc creator/import/gnu/arm/5.4.1/bin/../lib/gcc/arm-none-eabi/5.4.1/armv7-m\libgcc.a(_arm_muldivsf3.o)
 .data          0x00000000        0x0 c:/program files (x86)/cypress/psoc creator/4.4/psoc creator/import/gnu/arm/5.4.1/bin/../lib/gcc/arm-none-eabi/5.4.1/armv7-m\libgcc.a(_arm_muldivsf3.o)
 .bss           0x00000000        0x0 c:/program files (x86)/cypress/psoc creator/4.4/psoc creator/import/gnu/arm/5.4.1/bin/../lib/gcc/arm-none-eabi/5.4.1/armv7-m\libgcc.a(_arm_muldivsf3.o)
 .text          0x00000000       0x40 c:/program files (x86)/cypress/psoc creator/4.4/psoc creator/import/gnu/arm/5.4.1/bin/../lib/gcc/arm-none-eabi/5.4.1/armv7-m\libgcc.a(_arm_fixunssfsi.o)
 .data          0x00000000        0x0 c:/program files (x86)/cypress/psoc creator/4.4/psoc creator/import/gnu/arm/5.4.1/bin/../lib/gcc/arm-none-eabi/5.4.1/armv7-m\libgcc.a(_arm_fixunssfsi.o)
 .bss           0x00000000        0x0 c:/program files (x86)/cypress/psoc creator/4.4/psoc creator/import/gnu/arm/5.4.1/bin/../lib/gcc/arm-none-eabi/5.4.1/armv7-m\libgcc.a(_arm_fixunssfsi.o)
 .text          0x00000000        0x0 c:/program files (x86)/cypress/psoc creator/4.4/psoc creator/import/gnu/arm/5.4.1/bin/../lib/gcc/arm-none-eabi/5.4.1/../../../../arm-none-eabi/lib/armv7-m\libg_nano.a(lib_a-errno.o)
 .data          0x00000000        0x0 c:/program files (x86)/cypress/psoc creator/4.4/psoc creator/import/gnu/arm/5.4.1/bin/../lib/gcc/arm-none-eabi/5.4.1/../../../../arm-none-eabi/lib/armv7-m\libg_nano.a(lib_a-errno.o)
 .bss           0x00000000        0x0 c:/program files (x86)/cypress/psoc creator/4.4/psoc creator/import/gnu/arm/5.4.1/bin/../lib/gcc/arm-none-eabi/5.4.1/../../../../arm-none-eabi/lib/armv7-m\libg_nano.a(lib_a-errno.o)
 .text          0x00000000        0x0 c:/program files (x86)/cypress/psoc creator/4.4/psoc creator/import/gnu/arm/5.4.1/bin/../lib/gcc/arm-none-eabi/5.4.1/../../../../arm-none-eabi/lib/armv7-m\libg_nano.a(lib_a-exit.o)
 .data          0x00000000        0x0 c:/program files (x86)/cypress/psoc creator/4.4/psoc creator/import/gnu/arm/5.4.1/bin/../lib/gcc/arm-none-eabi/5.4.1/../../../../arm-none-eabi/lib/armv7-m\libg_nano.a(lib_a-exit.o)
 .bss           0x00000000        0x0 c:/program files (x86)/cypress/psoc creator/4.4/psoc creator/import/gnu/arm/5.4.1/bin/../lib/gcc/arm-none-eabi/5.4.1/../../../../arm-none-eabi/lib/armv7-m\libg_nano.a(lib_a-exit.o)
 .text.exit     0x00000000       0x28 c:/program files (x86)/cypress/psoc creator/4.4/psoc creator/import/gnu/arm/5.4.1/bin/../lib/gcc/arm-none-eabi/5.4.1/../../../../arm-none-eabi/lib/armv7-m\libg_nano.a(lib_a-exit.o)
 .text          0x00000000        0x0 c:/program files (x86)/cypress/psoc creator/4.4/psoc creator/import/gnu/arm/5.4.1/bin/../lib/gcc/arm-none-eabi/5.4.1/../../../../arm-none-eabi/lib/armv7-m\libg_nano.a(lib_a-impure.o)
 .data          0x00000000        0x0 c:/program files (x86)/cypress/psoc creator/4.4/psoc creator/import/gnu/arm/5.4.1/bin/../lib/gcc/arm-none-eabi/5.4.1/../../../../arm-none-eabi/lib/armv7-m\libg_nano.a(lib_a-impure.o)
 .bss           0x00000000        0x0 c:/program files (x86)/cypress/psoc creator/4.4/psoc creator/import/gnu/arm/5.4.1/bin/../lib/gcc/arm-none-eabi/5.4.1/../../../../arm-none-eabi/lib/armv7-m\libg_nano.a(lib_a-impure.o)
 .rodata._global_impure_ptr
                0x00000000        0x4 c:/program files (x86)/cypress/psoc creator/4.4/psoc creator/import/gnu/arm/5.4.1/bin/../lib/gcc/arm-none-eabi/5.4.1/../../../../arm-none-eabi/lib/armv7-m\libg_nano.a(lib_a-impure.o)
 .text          0x00000000        0x0 c:/program files (x86)/cypress/psoc creator/4.4/psoc creator/import/gnu/arm/5.4.1/bin/../lib/gcc/arm-none-eabi/5.4.1/../../../../arm-none-eabi/lib/armv7-m\libg_nano.a(lib_a-init.o)
 .data          0x00000000        0x0 c:/program files (x86)/cypress/psoc creator/4.4/psoc creator/import/gnu/arm/5.4.1/bin/../lib/gcc/arm-none-eabi/5.4.1/../../../../arm-none-eabi/lib/armv7-m\libg_nano.a(lib_a-init.o)
 .bss           0x00000000        0x0 c:/program files (x86)/cypress/psoc creator/4.4/psoc creator/import/gnu/arm/5.4.1/bin/../lib/gcc/arm-none-eabi/5.4.1/../../../../arm-none-eabi/lib/armv7-m\libg_nano.a(lib_a-init.o)
 .text          0x00000000        0x0 c:/program files (x86)/cypress/psoc creator/4.4/psoc creator/import/gnu/arm/5.4.1/bin/../lib/gcc/arm-none-eabi/5.4.1/../../../../arm-none-eabi/lib/armv7-m\libg_nano.a(lib_a-memcpy-stub.o)
 .data          0x00000000        0x0 c:/program files (x86)/cypress/psoc creator/4.4/psoc creator/import/gnu/arm/5.4.1/bin/../lib/gcc/arm-none-eabi/5.4.1/../../../../arm-none-eabi/lib/armv7-m\libg_nano.a(lib_a-memcpy-stub.o)
 .bss           0x00000000        0x0 c:/program files (x86)/cypress/psoc creator/4.4/psoc creator/import/gnu/arm/5.4.1/bin/../lib/gcc/arm-none-eabi/5.4.1/../../../../arm-none-eabi/lib/armv7-m\libg_nano.a(lib_a-memcpy-stub.o)
 .text          0x00000000        0x0 c:/program files (x86)/cypress/psoc creator/4.4/psoc creator/import/gnu/arm/5.4.1/bin/../lib/gcc/arm-none-eabi/5.4.1/../../../../arm-none-eabi/lib/armv7-m\libg_nano.a(lib_a-memset.o)
 .data          0x00000000        0x0 c:/program files (x86)/cypress/psoc creator/4.4/psoc creator/import/gnu/arm/5.4.1/bin/../lib/gcc/arm-none-eabi/5.4.1/../../../../arm-none-eabi/lib/armv7-m\libg_nano.a(lib_a-memset.o)
 .bss           0x00000000        0x0 c:/program files (x86)/cypress/psoc creator/4.4/psoc creator/import/gnu/arm/5.4.1/bin/../lib/gcc/arm-none-eabi/5.4.1/../../../../arm-none-eabi/lib/armv7-m\libg_nano.a(lib_a-memset.o)
 .text          0x00000000        0x0 c:/program files (x86)/cypress/psoc creator/4.4/psoc creator/import/gnu/arm/5.4.1/bin/../lib/gcc/arm-none-eabi/5.4.1/armv7-m/crtend.o
 .data          0x00000000        0x0 c:/program files (x86)/cypress/psoc creator/4.4/psoc creator/import/gnu/arm/5.4.1/bin/../lib/gcc/arm-none-eabi/5.4.1/armv7-m/crtend.o
 .bss           0x00000000        0x0 c:/program files (x86)/cypress/psoc creator/4.4/psoc creator/import/gnu/arm/5.4.1/bin/../lib/gcc/arm-none-eabi/5.4.1/armv7-m/crtend.o
 .text          0x00000000        0x0 c:/program files (x86)/cypress/psoc creator/4.4/psoc creator/import/gnu/arm/5.4.1/bin/../lib/gcc/arm-none-eabi/5.4.1/armv7-m/crtn.o
 .data          0x00000000        0x0 c:/program files (x86)/cypress/psoc creator/4.4/psoc creator/import/gnu/arm/5.4.1/bin/../lib/gcc/arm-none-eabi/5.4.1/armv7-m/crtn.o
 .bss           0x00000000        0x0 c:/program files (x86)/cypress/psoc creator/4.4/psoc creator/import/gnu/arm/5.4.1/bin/../lib/gcc/arm-none-eabi/5.4.1/armv7-m/crtn.o

Memory Configuration

Name             Origin             Length             Attributes
rom              0x00000000         0x00040000         xr
ram              0x1fff8000         0x00010000         xrw
*default*        0x00000000         0xffffffff

Linker script and memory map

LOAD c:/program files (x86)/cypress/psoc creator/4.4/psoc creator/import/gnu/arm/5.4.1/bin/../lib/gcc/arm-none-eabi/5.4.1/armv7-m/crti.o
LOAD c:/program files (x86)/cypress/psoc creator/4.4/psoc creator/import/gnu/arm/5.4.1/bin/../lib/gcc/arm-none-eabi/5.4.1/armv7-m/crtbegin.o
LOAD c:/program files (x86)/cypress/psoc creator/4.4/psoc creator/import/gnu/arm/5.4.1/bin/../lib/gcc/arm-none-eabi/5.4.1/../../../../arm-none-eabi/lib/armv7-m/crt0.o
START GROUP
LOAD .\CortexM3\ARM_GCC_541\Debug\adc.o
LOAD .\CortexM3\ARM_GCC_541\Debug\main.o
LOAD .\CortexM3\ARM_GCC_541\Debug\spi.o
LOAD .\CortexM3\ARM_GCC_541\Debug\cyfitter_cfg.o
LOAD .\CortexM3\ARM_GCC_541\Debug\cymetadata.o
LOAD .\CortexM3\ARM_GCC_541\Debug\Cm3Start.o
LOAD .\CortexM3\ARM_GCC_541\Debug\BANAN.a
LOAD C:\Program Files (x86)\Cypress\PSoC Creator\4.4\PSoC Creator\psoc\content\cycomponentlibrary\CyComponentLibrary.cylib\CortexM3\ARM_GCC_541\Debug\CyComponentLibrary.a
END GROUP
START GROUP
LOAD c:/program files (x86)/cypress/psoc creator/4.4/psoc creator/import/gnu/arm/5.4.1/bin/../lib/gcc/arm-none-eabi/5.4.1/armv7-m\libgcc.a
LOAD c:/program files (x86)/cypress/psoc creator/4.4/psoc creator/import/gnu/arm/5.4.1/bin/../lib/gcc/arm-none-eabi/5.4.1/../../../../arm-none-eabi/lib/armv7-m\libg_nano.a
LOAD c:/program files (x86)/cypress/psoc creator/4.4/psoc creator/import/gnu/arm/5.4.1/bin/../lib/gcc/arm-none-eabi/5.4.1/../../../../arm-none-eabi/lib/armv7-m\libc_nano.a
END GROUP
START GROUP
LOAD c:/program files (x86)/cypress/psoc creator/4.4/psoc creator/import/gnu/arm/5.4.1/bin/../lib/gcc/arm-none-eabi/5.4.1/armv7-m\libgcc.a
LOAD c:/program files (x86)/cypress/psoc creator/4.4/psoc creator/import/gnu/arm/5.4.1/bin/../lib/gcc/arm-none-eabi/5.4.1/../../../../arm-none-eabi/lib/armv7-m\libc_nano.a
END GROUP
LOAD c:/program files (x86)/cypress/psoc creator/4.4/psoc creator/import/gnu/arm/5.4.1/bin/../lib/gcc/arm-none-eabi/5.4.1/armv7-m/crtend.o
LOAD c:/program files (x86)/cypress/psoc creator/4.4/psoc creator/import/gnu/arm/5.4.1/bin/../lib/gcc/arm-none-eabi/5.4.1/armv7-m/crtn.o
START GROUP
LOAD c:/program files (x86)/cypress/psoc creator/4.4/psoc creator/import/gnu/arm/5.4.1/bin/../lib/gcc/arm-none-eabi/5.4.1/armv7-m\libgcc.a
LOAD c:/program files (x86)/cypress/psoc creator/4.4/psoc creator/import/gnu/arm/5.4.1/bin/../lib/gcc/arm-none-eabi/5.4.1/../../../../arm-none-eabi/lib/armv7-m\libc.a
LOAD c:/program files (x86)/cypress/psoc creator/4.4/psoc creator/import/gnu/arm/5.4.1/bin/../lib/gcc/arm-none-eabi/5.4.1/../../../../arm-none-eabi/lib/armv7-m\libnosys.a
END GROUP
                0x00000000                CY_APPL_ORIGIN = 0x0
                0x00000100                CY_FLASH_ROW_SIZE = 0x100
                0x00000020                CY_ECC_ROW_SIZE = 0x20
                0x00000000                CY_EE_IN_BTLDR = 0x0
                0x00000000                CY_APPL_LOADABLE = 0x0
                0x00000800                CY_EE_SIZE = 0x800
                0x00000001                CY_APPL_NUM = 0x1
                0x00000001                CY_APPL_MAX = 0x1
                0x00000040                CY_METADATA_SIZE = 0x40
                0x00000000                CY_APPL_LOADABLE = 0x0
                0x00000000                CY_CHECKSUM_EXCLUDE_SIZE = ALIGN (0x0, CY_FLASH_ROW_SIZE)
                [!provide]                PROVIDE (__cy_heap_start, _end)
                0x00000001                PROVIDE (__cy_region_num, ((__cy_regions_end - __cy_regions) / 0x10))
                0x20008000                PROVIDE (__cy_stack, (ORIGIN (ram) + LENGTH (ram)))
                [!provide]                PROVIDE (__cy_heap_end, (__cy_stack - 0x800))

.cybootloader   0x00000000        0x0
 *(.cybootloader)
                0x00000000                appl1_start = CY_APPL_ORIGIN?CY_APPL_ORIGIN:ALIGN (CY_FLASH_ROW_SIZE)
                0x0001ff00                appl2_start = (appl1_start + ALIGN ((((LENGTH (rom) - appl1_start) - (0x2 * CY_FLASH_ROW_SIZE)) / 0x2), CY_FLASH_ROW_SIZE))
                0x00000000                appl_start = (CY_APPL_NUM == 0x1)?appl1_start:appl2_start
                0x00000000                ecc_offset = ((appl_start / CY_FLASH_ROW_SIZE) * CY_ECC_ROW_SIZE)
                0x00000000                ee_offset = (CY_APPL_LOADABLE && ! (CY_EE_IN_BTLDR))?((CY_EE_SIZE / CY_APPL_MAX) * (CY_APPL_NUM - 0x1)):0x0
                0x00000800                ee_size = (CY_APPL_LOADABLE && ! (CY_EE_IN_BTLDR))?(CY_EE_SIZE / CY_APPL_MAX):CY_EE_SIZE
                [!provide]                PROVIDE (CY_ECC_OFFSET, ecc_offset)

.text           0x00000000     0x106e
 CREATE_OBJECT_SYMBOLS
                0x00000000                PROVIDE (__cy_interrupt_vector, RomVectors)
 *(.romvectors)
 .romvectors    0x00000000       0x10 .\CortexM3\ARM_GCC_541\Debug\Cm3Start.o
                0x00000000                RomVectors
                0x00000001                ASSERT ((. != __cy_interrupt_vector), No interrupt vector)
                0x00000001                ASSERT (CY_APPL_ORIGIN?(SIZEOF (.cybootloader) <= CY_APPL_ORIGIN):0x1, Wrong image location)
                0x00000010                PROVIDE (__cy_reset, Reset)
 *(.text.Reset)
 .text.Reset    0x00000010       0x18 .\CortexM3\ARM_GCC_541\Debug\Cm3Start.o
                0x00000010                Reset
                0x00000001                ASSERT ((. != __cy_reset), No reset code)
 *(.dma_init)
                0x00000001                ASSERT ((((appl_start + .) <= 0x10000) || 0x1), DMA Init must be within the first 64k of flash)
 *(.text .text.* .gnu.linkonce.t.*)
 .text          0x00000028       0x5c c:/program files (x86)/cypress/psoc creator/4.4/psoc creator/import/gnu/arm/5.4.1/bin/../lib/gcc/arm-none-eabi/5.4.1/armv7-m/crtbegin.o
 .text.InitADC  0x00000084        0xc .\CortexM3\ARM_GCC_541\Debug\adc.o
                0x00000084                InitADC
 .text.ReadADC  0x00000090       0x10 .\CortexM3\ARM_GCC_541\Debug\adc.o
                0x00000090                ReadADC
 .text.HandleADCConversion
                0x000000a0       0x1c .\CortexM3\ARM_GCC_541\Debug\adc.o
                0x000000a0                HandleADCConversion
 .text.main     0x000000bc       0x64 .\CortexM3\ARM_GCC_541\Debug\main.o
                0x000000bc                main
 .text.InitSPI  0x00000120        0x8 .\CortexM3\ARM_GCC_541\Debug\spi.o
                0x00000120                InitSPI
 .text.SendSPI  0x00000128       0x28 .\CortexM3\ARM_GCC_541\Debug\spi.o
                0x00000128                SendSPI
 .text.SendHandshakeSignal
                0x00000150       0x14 .\CortexM3\ARM_GCC_541\Debug\spi.o
                0x00000150                SendHandshakeSignal
 .text.CyClockStartupError
                0x00000164        0x4 .\CortexM3\ARM_GCC_541\Debug\cyfitter_cfg.o
 .text.cfg_write_bytes32
                0x00000168       0x34 .\CortexM3\ARM_GCC_541\Debug\cyfitter_cfg.o
 .text.AnalogSetDefault
                0x0000019c       0x38 .\CortexM3\ARM_GCC_541\Debug\cyfitter_cfg.o
 .text.CYMEMZERO
                0x000001d4        0xc .\CortexM3\ARM_GCC_541\Debug\cyfitter_cfg.o
 .text.CYCONFIGCPY
                0x000001e0        0x8 .\CortexM3\ARM_GCC_541\Debug\cyfitter_cfg.o
 .text.ClockSetup
                0x000001e8       0xf0 .\CortexM3\ARM_GCC_541\Debug\cyfitter_cfg.o
 .text.ADC_DelSig_1_AMux_Set
                0x000002d8       0x1c .\CortexM3\ARM_GCC_541\Debug\cyfitter_cfg.o
                0x000002d8                ADC_DelSig_1_AMux_Set
 .text.ADC_DelSig_1_AMux_Unset
                0x000002f4       0x1c .\CortexM3\ARM_GCC_541\Debug\cyfitter_cfg.o
                0x000002f4                ADC_DelSig_1_AMux_Unset
 .text.cyfitter_cfg
                0x00000310      0x108 .\CortexM3\ARM_GCC_541\Debug\cyfitter_cfg.o
                0x00000310                cyfitter_cfg
 .text.IntDefaultHandler
                0x00000418       0x10 .\CortexM3\ARM_GCC_541\Debug\Cm3Start.o
                0x00000418                IntDefaultHandler
 .text.Start_c  0x00000428       0x4c .\CortexM3\ARM_GCC_541\Debug\Cm3Start.o
                0x00000428                Start_c
 .text.initialize_psoc
                0x00000474       0x68 .\CortexM3\ARM_GCC_541\Debug\Cm3Start.o
                0x00000474                initialize_psoc
 .text.ADC_DelSig_1_GainCompensation
                0x000004dc       0xe0 .\CortexM3\ARM_GCC_541\Debug\BANAN.a(ADC_DelSig_1.o)
 .text.ADC_DelSig_1_SetDSMRef0Reg
                0x000005bc       0x4c .\CortexM3\ARM_GCC_541\Debug\BANAN.a(ADC_DelSig_1.o)
 .text.ADC_DelSig_1_InitConfig
                0x00000608      0x32c .\CortexM3\ARM_GCC_541\Debug\BANAN.a(ADC_DelSig_1.o)
 .text.ADC_DelSig_1_Init
                0x00000934      0x108 .\CortexM3\ARM_GCC_541\Debug\BANAN.a(ADC_DelSig_1.o)
                0x00000934                ADC_DelSig_1_Init
 .text.ADC_DelSig_1_Enable
                0x00000a3c       0xd8 .\CortexM3\ARM_GCC_541\Debug\BANAN.a(ADC_DelSig_1.o)
                0x00000a3c                ADC_DelSig_1_Enable
 .text.ADC_DelSig_1_Start
                0x00000b14       0x28 .\CortexM3\ARM_GCC_541\Debug\BANAN.a(ADC_DelSig_1.o)
                0x00000b14                ADC_DelSig_1_Start
 .text.ADC_DelSig_1_StartConvert
                0x00000b3c       0x10 .\CortexM3\ARM_GCC_541\Debug\BANAN.a(ADC_DelSig_1.o)
                0x00000b3c                ADC_DelSig_1_StartConvert
 .text.ADC_DelSig_1_IsEndConversion
                0x00000b4c       0x30 .\CortexM3\ARM_GCC_541\Debug\BANAN.a(ADC_DelSig_1.o)
                0x00000b4c                ADC_DelSig_1_IsEndConversion
 .text.ADC_DelSig_1_GetResult16
                0x00000b7c       0x50 .\CortexM3\ARM_GCC_541\Debug\BANAN.a(ADC_DelSig_1.o)
                0x00000b7c                ADC_DelSig_1_GetResult16
 .text.ADC_DelSig_1_ISR1
                0x00000bcc        0x4 .\CortexM3\ARM_GCC_541\Debug\BANAN.a(ADC_DelSig_1_INT.o)
                0x00000bcc                ADC_DelSig_1_ISR1
 .text.ADC_DelSig_1_ISR2
                0x00000bd0        0x4 .\CortexM3\ARM_GCC_541\Debug\BANAN.a(ADC_DelSig_1_INT.o)
                0x00000bd0                ADC_DelSig_1_ISR2
 .text.ADC_DelSig_1_ISR3
                0x00000bd4        0x4 .\CortexM3\ARM_GCC_541\Debug\BANAN.a(ADC_DelSig_1_INT.o)
                0x00000bd4                ADC_DelSig_1_ISR3
 .text.ADC_DelSig_1_ISR4
                0x00000bd8        0x4 .\CortexM3\ARM_GCC_541\Debug\BANAN.a(ADC_DelSig_1_INT.o)
                0x00000bd8                ADC_DelSig_1_ISR4
 .text.SPIS_1_Enable
                0x00000bdc       0x30 .\CortexM3\ARM_GCC_541\Debug\BANAN.a(SPIS_1.o)
                0x00000bdc                SPIS_1_Enable
 .text.SPIS_1_ReadTxStatus
                0x00000c0c        0xc .\CortexM3\ARM_GCC_541\Debug\BANAN.a(SPIS_1.o)
                0x00000c0c                SPIS_1_ReadTxStatus
 .text.SPIS_1_ReadRxStatus
                0x00000c18        0xc .\CortexM3\ARM_GCC_541\Debug\BANAN.a(SPIS_1.o)
                0x00000c18                SPIS_1_ReadRxStatus
 .text.SPIS_1_WriteTxData
                0x00000c24       0x18 .\CortexM3\ARM_GCC_541\Debug\BANAN.a(SPIS_1.o)
                0x00000c24                SPIS_1_WriteTxData
 .text.SPIS_1_ClearFIFO
                0x00000c3c       0x4c .\CortexM3\ARM_GCC_541\Debug\BANAN.a(SPIS_1.o)
                0x00000c3c                SPIS_1_ClearFIFO
 .text.SPIS_1_Init
                0x00000c88       0x2c .\CortexM3\ARM_GCC_541\Debug\BANAN.a(SPIS_1.o)
                0x00000c88                SPIS_1_Init
 .text.SPIS_1_Start
                0x00000cb4       0x1c .\CortexM3\ARM_GCC_541\Debug\BANAN.a(SPIS_1.o)
                0x00000cb4                SPIS_1_Start
 .text.ADC_DelSig_1_Ext_CP_Clk_GetDividerRegister
                0x00000cd0        0xc .\CortexM3\ARM_GCC_541\Debug\BANAN.a(ADC_DelSig_1_Ext_CP_Clk.o)
                0x00000cd0                ADC_DelSig_1_Ext_CP_Clk_GetDividerRegister
 .text.ADC_DelSig_1_Ext_CP_Clk_SetModeRegister
                0x00000cdc       0x14 .\CortexM3\ARM_GCC_541\Debug\BANAN.a(ADC_DelSig_1_Ext_CP_Clk.o)
                0x00000cdc                ADC_DelSig_1_Ext_CP_Clk_SetModeRegister
 .text.ADC_DelSig_1_Ext_CP_Clk_GetSourceRegister
                0x00000cf0       0x10 .\CortexM3\ARM_GCC_541\Debug\BANAN.a(ADC_DelSig_1_Ext_CP_Clk.o)
                0x00000cf0                ADC_DelSig_1_Ext_CP_Clk_GetSourceRegister
 .text.ADC_DelSig_1_Ext_CP_Clk_SetDividerRegister
                0x00000d00       0xd8 .\CortexM3\ARM_GCC_541\Debug\BANAN.a(ADC_DelSig_1_Ext_CP_Clk.o)
                0x00000d00                ADC_DelSig_1_Ext_CP_Clk_SetDividerRegister
 .text.ADC_DelSig_1_theACLK_GetDividerRegister
                0x00000dd8        0xc .\CortexM3\ARM_GCC_541\Debug\BANAN.a(ADC_DelSig_1_theACLK.o)
                0x00000dd8                ADC_DelSig_1_theACLK_GetDividerRegister
 .text.ADC_DelSig_1_theACLK_SetModeRegister
                0x00000de4       0x14 .\CortexM3\ARM_GCC_541\Debug\BANAN.a(ADC_DelSig_1_theACLK.o)
                0x00000de4                ADC_DelSig_1_theACLK_SetModeRegister
 .text.ADC_DelSig_1_theACLK_GetSourceRegister
                0x00000df8       0x10 .\CortexM3\ARM_GCC_541\Debug\BANAN.a(ADC_DelSig_1_theACLK.o)
                0x00000df8                ADC_DelSig_1_theACLK_GetSourceRegister
 .text.ADC_DelSig_1_theACLK_SetDividerRegister
                0x00000e08       0xd8 .\CortexM3\ARM_GCC_541\Debug\BANAN.a(ADC_DelSig_1_theACLK.o)
                0x00000e08                ADC_DelSig_1_theACLK_SetDividerRegister
 .text.CyHalt   0x00000ee0        0x4 .\CortexM3\ARM_GCC_541\Debug\BANAN.a(CyLib.o)
                0x00000ee0                CyHalt
 .text.CyDelay  0x00000ee4       0x2c .\CortexM3\ARM_GCC_541\Debug\BANAN.a(CyLib.o)
                0x00000ee4                CyDelay
 .text.CyDelayUs
                0x00000f10       0x14 .\CortexM3\ARM_GCC_541\Debug\BANAN.a(CyLib.o)
                0x00000f10                CyDelayUs
 .text.CyIntSetVector
                0x00000f24       0x28 .\CortexM3\ARM_GCC_541\Debug\BANAN.a(CyLib.o)
                0x00000f24                CyIntSetVector
 .text.CyIntSetPriority
                0x00000f4c       0x30 .\CortexM3\ARM_GCC_541\Debug\BANAN.a(CyLib.o)
                0x00000f4c                CyIntSetPriority
 .text.LED_Write
                0x00000f7c       0x18 .\CortexM3\ARM_GCC_541\Debug\BANAN.a(LED.o)
                0x00000f7c                LED_Write
 .text.ADC_DelSig_1_AMux_Start
                0x00000f94       0x20 .\CortexM3\ARM_GCC_541\Debug\BANAN.a(ADC_DelSig_1_AMux.o)
                0x00000f94                ADC_DelSig_1_AMux_Start
 .text.ADC_DelSig_1_AMux_Select
                0x00000fb4       0x18 .\CortexM3\ARM_GCC_541\Debug\BANAN.a(ADC_DelSig_1_AMux.o)
                0x00000fb4                ADC_DelSig_1_AMux_Select
 *fill*         0x00000fcc        0x4 
 .text          0x00000fd0       0x20 .\CortexM3\ARM_GCC_541\Debug\BANAN.a(CyBootAsmGnu.o)
                0x00000fd0                CyDelayCycles
                0x00000fe0                CyEnterCriticalSection
                0x00000fe8                CyExitCriticalSection
 .text.__errno  0x00000ff0        0xc c:/program files (x86)/cypress/psoc creator/4.4/psoc creator/import/gnu/arm/5.4.1/bin/../lib/gcc/arm-none-eabi/5.4.1/../../../../arm-none-eabi/lib/armv7-m\libg_nano.a(lib_a-errno.o)
                0x00000ff0                __errno
 .text.__libc_init_array
                0x00000ffc       0x4c c:/program files (x86)/cypress/psoc creator/4.4/psoc creator/import/gnu/arm/5.4.1/bin/../lib/gcc/arm-none-eabi/5.4.1/../../../../arm-none-eabi/lib/armv7-m\libg_nano.a(lib_a-init.o)
                0x00000ffc                __libc_init_array
 .text.memcpy   0x00001048       0x16 c:/program files (x86)/cypress/psoc creator/4.4/psoc creator/import/gnu/arm/5.4.1/bin/../lib/gcc/arm-none-eabi/5.4.1/../../../../arm-none-eabi/lib/armv7-m\libg_nano.a(lib_a-memcpy-stub.o)
                0x00001048                memcpy
 .text.memset   0x0000105e       0x10 c:/program files (x86)/cypress/psoc creator/4.4/psoc creator/import/gnu/arm/5.4.1/bin/../lib/gcc/arm-none-eabi/5.4.1/../../../../arm-none-eabi/lib/armv7-m\libg_nano.a(lib_a-memset.o)
                0x0000105e                memset
 *(.plt)
 *(.gnu.warning)
 *(.glue_7t)
 .glue_7t       0x0000106e        0x0 linker stubs
 *(.glue_7)
 .glue_7        0x0000106e        0x0 linker stubs
 *(.vfp11_veneer)
 .vfp11_veneer  0x0000106e        0x0 linker stubs
 *(.bootloader)
 *(.ARM.extab* .gnu.linkonce.armextab.*)
 *(.gcc_except_table)

.v4_bx          0x00001070        0x0
 .v4_bx         0x00001070        0x0 linker stubs

.iplt           0x00001070        0x0
 .iplt          0x00001070        0x0 c:/program files (x86)/cypress/psoc creator/4.4/psoc creator/import/gnu/arm/5.4.1/bin/../lib/gcc/arm-none-eabi/5.4.1/armv7-m/crtbegin.o

.eh_frame_hdr
 *(.eh_frame_hdr)

.eh_frame       0x00001070        0x4
 *(.eh_frame)
 .eh_frame      0x00001070        0x0 c:/program files (x86)/cypress/psoc creator/4.4/psoc creator/import/gnu/arm/5.4.1/bin/../lib/gcc/arm-none-eabi/5.4.1/armv7-m/crtbegin.o
 .eh_frame      0x00001070        0x4 c:/program files (x86)/cypress/psoc creator/4.4/psoc creator/import/gnu/arm/5.4.1/bin/../lib/gcc/arm-none-eabi/5.4.1/armv7-m/crtend.o
                [!provide]                PROVIDE (__exidx_start, .)

.ARM.exidx
 *(.ARM.exidx* .gnu.linkonce.armexidx.*)
                0x00001074                __exidx_end = .

.rodata         0x00001074       0x6c
 *(.rodata .rodata.* .gnu.linkonce.r.*)
 .rodata        0x00001074       0x36 .\CortexM3\ARM_GCC_541\Debug\cyfitter_cfg.o
                0x00001074                ADC_DelSig_1_AMux__addrTable
                0x0000107c                ADC_DelSig_1_AMux__maskTable
 .rodata.str1.1
                0x000010aa        0x2 c:/program files (x86)/cypress/psoc creator/4.4/psoc creator/import/gnu/arm/5.4.1/bin/../lib/gcc/arm-none-eabi/5.4.1/../../../../arm-none-eabi/lib/armv7-m\libg_nano.a(lib_a-impure.o)
                0x000010ac                . = ALIGN (0x4)
 *(.init)
 .init          0x000010ac        0x4 c:/program files (x86)/cypress/psoc creator/4.4/psoc creator/import/gnu/arm/5.4.1/bin/../lib/gcc/arm-none-eabi/5.4.1/armv7-m/crti.o
                0x000010ac                _init
 .init          0x000010b0        0x8 c:/program files (x86)/cypress/psoc creator/4.4/psoc creator/import/gnu/arm/5.4.1/bin/../lib/gcc/arm-none-eabi/5.4.1/armv7-m/crtn.o
                0x000010b8                . = ALIGN (0x4)
                0x000010b8                __preinit_array_start = .
 *(.preinit_array)
                0x000010b8                __preinit_array_end = .
                0x000010b8                . = ALIGN (0x4)
                0x000010b8                __init_array_start = .
 *(SORT(.init_array.*))
 *(.init_array)
 .init_array    0x000010b8        0x4 c:/program files (x86)/cypress/psoc creator/4.4/psoc creator/import/gnu/arm/5.4.1/bin/../lib/gcc/arm-none-eabi/5.4.1/armv7-m/crtbegin.o
 .init_array    0x000010bc        0x4 .\CortexM3\ARM_GCC_541\Debug\Cm3Start.o
                0x000010c0                __init_array_end = .
                0x000010c0                . = ALIGN (0x4)
 *(.fini)
 .fini          0x000010c0        0x4 c:/program files (x86)/cypress/psoc creator/4.4/psoc creator/import/gnu/arm/5.4.1/bin/../lib/gcc/arm-none-eabi/5.4.1/armv7-m/crti.o
                0x000010c0                _fini
 .fini          0x000010c4        0x8 c:/program files (x86)/cypress/psoc creator/4.4/psoc creator/import/gnu/arm/5.4.1/bin/../lib/gcc/arm-none-eabi/5.4.1/armv7-m/crtn.o
                0x000010cc                . = ALIGN (0x4)
                0x000010cc                __fini_array_start = .
 *(.fini_array)
 .fini_array    0x000010cc        0x4 c:/program files (x86)/cypress/psoc creator/4.4/psoc creator/import/gnu/arm/5.4.1/bin/../lib/gcc/arm-none-eabi/5.4.1/armv7-m/crtbegin.o
 *(SORT(.fini_array.*))
                0x000010d0                __fini_array_end = .
                0x000010d0                . = ALIGN (0x4)
 *crtbegin.o(.ctors)
 *(EXCLUDE_FILE(*crtend.o) .ctors)
 *(SORT(.ctors.*))
 *crtend.o(.ctors)
                0x000010d0                . = ALIGN (0x4)
 *crtbegin.o(.dtors)
 *(EXCLUDE_FILE(*crtend.o) .dtors)
 *(SORT(.dtors.*))
 *crtend.o(.dtors)
                0x000010d0                . = ALIGN (0x4)
                0x000010d0                __cy_regions = .
                0x000010d0        0x4 LONG 0x10e0 __cy_region_init_ram
                0x000010d4        0x4 LONG 0x1fff80c8 __cy_region_start_data
                0x000010d8        0x4 LONG 0x80 __cy_region_init_size_ram
                0x000010dc        0x4 LONG 0x440 __cy_region_zero_size_ram
                0x000010e0                __cy_regions_end = .
                0x000010e0                . = ALIGN (0x8)
                0x000010e0                _etext = .

.cy_checksum_exclude
                0x000010e0        0x0
 *(.cy_checksum_exclude)

.ramvectors     0x1fff8000       0xc0
                0x1fff8000                __cy_region_start_ram = .
 *(.ramvectors)
 .ramvectors    0x1fff8000       0xc0 .\CortexM3\ARM_GCC_541\Debug\Cm3Start.o
                0x1fff8000                CyRamVectors

.noinit         0x1fff80c0        0x1
 *(.noinit)
 .noinit        0x1fff80c0        0x1 .\CortexM3\ARM_GCC_541\Debug\BANAN.a(CyLib.o)
                0x1fff80c0                CyResetStatus

.data           0x1fff80c8       0x80 load address 0x000010e0
                0x1fff80c8                __cy_region_start_data = .
 *(.jcr)
 .jcr           0x1fff80c8        0x0 c:/program files (x86)/cypress/psoc creator/4.4/psoc creator/import/gnu/arm/5.4.1/bin/../lib/gcc/arm-none-eabi/5.4.1/armv7-m/crtbegin.o
 .jcr           0x1fff80c8        0x4 c:/program files (x86)/cypress/psoc creator/4.4/psoc creator/import/gnu/arm/5.4.1/bin/../lib/gcc/arm-none-eabi/5.4.1/armv7-m/crtend.o
 *(.got.plt)
 *(.got)
 *(.shdata)
 *(.data .data.* .gnu.linkonce.d.*)
 .data          0x1fff80cc        0x1 .\CortexM3\ARM_GCC_541\Debug\BANAN.a(ADC_DelSig_1.o)
                0x1fff80cc                ADC_DelSig_1_Config
 *fill*         0x1fff80cd        0x3 
 .data          0x1fff80d0       0x10 .\CortexM3\ARM_GCC_541\Debug\BANAN.a(CyLib.o)
                0x1fff80d0                cydelay_32k_ms
                0x1fff80d4                cydelay_freq_khz
                0x1fff80d8                cydelay_freq_mhz
                0x1fff80dc                cydelay_freq_hz
 .data          0x1fff80e0        0x1 .\CortexM3\ARM_GCC_541\Debug\BANAN.a(ADC_DelSig_1_AMux.o)
 *fill*         0x1fff80e1        0x3 
 .data.impure_data
                0x1fff80e4       0x60 c:/program files (x86)/cypress/psoc creator/4.4/psoc creator/import/gnu/arm/5.4.1/bin/../lib/gcc/arm-none-eabi/5.4.1/../../../../arm-none-eabi/lib/armv7-m\libg_nano.a(lib_a-impure.o)
 .data._impure_ptr
                0x1fff8144        0x4 c:/program files (x86)/cypress/psoc creator/4.4/psoc creator/import/gnu/arm/5.4.1/bin/../lib/gcc/arm-none-eabi/5.4.1/../../../../arm-none-eabi/lib/armv7-m\libg_nano.a(lib_a-impure.o)
                0x1fff8144                _impure_ptr
                0x1fff8148                . = ALIGN (0x8)
 *(.ram)
                0x1fff8148                _edata = .

.igot.plt       0x1fff8148        0x0 load address 0x00001160
 .igot.plt      0x1fff8148        0x0 c:/program files (x86)/cypress/psoc creator/4.4/psoc creator/import/gnu/arm/5.4.1/bin/../lib/gcc/arm-none-eabi/5.4.1/armv7-m/crtbegin.o

.bss            0x1fff8148      0x440 load address 0x00001160
                0x1fff8148                PROVIDE (__bss_start__, .)
 *(.shbss)
 *(.bss .bss.* .gnu.linkonce.b.*)
 .bss           0x1fff8148       0x1c c:/program files (x86)/cypress/psoc creator/4.4/psoc creator/import/gnu/arm/5.4.1/bin/../lib/gcc/arm-none-eabi/5.4.1/armv7-m/crtbegin.o
 .bss           0x1fff8164        0x4 .\CortexM3\ARM_GCC_541\Debug\main.o
                0x1fff8164                bufferIndex
 .bss           0x1fff8168       0x18 .\CortexM3\ARM_GCC_541\Debug\BANAN.a(ADC_DelSig_1.o)
                0x1fff8178                ADC_DelSig_1_stopConversion
                0x1fff8179                ADC_DelSig_1_convDone
                0x1fff817a                ADC_DelSig_1_initVar
                0x1fff817b                ADC_DelSig_1_started
                0x1fff817c                ADC_DelSig_1_Offset
 .bss           0x1fff8180        0x1 .\CortexM3\ARM_GCC_541\Debug\BANAN.a(SPIS_1.o)
                0x1fff8180                SPIS_1_initVar
 *(COMMON)
 *fill*         0x1fff8181        0x3 
 COMMON         0x1fff8184      0x400 .\CortexM3\ARM_GCC_541\Debug\main.o
                0x1fff8184                adcBuffer
 COMMON         0x1fff8584        0x4 .\CortexM3\ARM_GCC_541\Debug\BANAN.a(ADC_DelSig_1.o)
                0x1fff8584                ADC_DelSig_1_CountsPerVolt
                0x1fff8588                . = ALIGN (0x8)
 *(.ram.b)
                0x1fff8588                _end = .
                0x1fff8588                __end = .
                0x1fff8588                PROVIDE (end, .)
                0x1fff8588                PROVIDE (__bss_end__, .)
                0x000010e0                __cy_region_init_ram = LOADADDR (.data)
                0x00000080                __cy_region_init_size_ram = (_edata - ADDR (.data))
                0x00000440                __cy_region_zero_size_ram = (_end - _edata)

.heap           0x1fff8588       0x80 load address 0x00001160
                0x1fff8588                . = _end
                0x1fff8608                . = (. + 0x80)
 *fill*         0x1fff8588       0x80 
                0x1fff8608                __cy_heap_limit = .

.stack          0x20007800      0x800
                0x20007800                __cy_stack_limit = .
                0x20008000                . = (. + 0x800)
 *fill*         0x20007800      0x800 
                0x00000001                ASSERT ((__cy_stack_limit >= __cy_heap_limit), region RAM overflowed with stack)
                0x00000000                cy_checksum_exclude_size = (CY_APPL_LOADABLE == 0x1)?SIZEOF (.cy_checksum_exclude):0x0
                0x00000001                ASSERT ((cy_checksum_exclude_size <= CY_CHECKSUM_EXCLUDE_SIZE), CY_BOOT: Section .cy_checksum_exclude size exceedes specified limit.)

.cyloadermeta
 *(.cyloadermeta)

.cyloadablemeta
 *(.cyloadablemeta)

.cyconfigecc    0x80000000      0x270
 *(.cyconfigecc)
 .cyconfigecc   0x80000000      0x270 .\CortexM3\ARM_GCC_541\Debug\cymetadata.o
                0x80000000                cy_meta_configecc

.cycustnvl      0x90000000        0x4
 *(.cycustnvl)
 .cycustnvl     0x90000000        0x4 .\CortexM3\ARM_GCC_541\Debug\cymetadata.o
                0x90000000                cy_meta_custnvl

.cywolatch      0x90100000        0x4
 *(.cywolatch)
 .cywolatch     0x90100000        0x4 .\CortexM3\ARM_GCC_541\Debug\cymetadata.o
                0x90100000                cy_meta_wonvl

.cyeeprom       0x90200000        0x0
 *(.cyeeprom)
                0x00000001                ASSERT ((. <= ((0x90200000 + ee_offset) + ee_size)), .cyeeprom data will not fit in EEPROM)

.cyflashprotect
                0x90400000      0x100
 *(.cyflashprotect)
 .cyflashprotect
                0x90400000      0x100 .\CortexM3\ARM_GCC_541\Debug\cymetadata.o
                0x90400000                cy_meta_flashprotect

.cymeta         0x90500000        0xc
 *(.cymeta)
 .cymeta        0x90500000        0xc .\CortexM3\ARM_GCC_541\Debug\cymetadata.o
                0x90500000                cy_metadata

.rel.dyn        0x00001160        0x0 load address 0x9050000c
 .rel.iplt      0x00001160        0x0 c:/program files (x86)/cypress/psoc creator/4.4/psoc creator/import/gnu/arm/5.4.1/bin/../lib/gcc/arm-none-eabi/5.4.1/armv7-m/crtbegin.o

.stab
 *(.stab)

.stabstr
 *(.stabstr)

.debug
 *(.debug)

.line
 *(.line)

.debug_srcinfo
 *(.debug_srcinfo)

.debug_sfnames
 *(.debug_sfnames)

.debug_aranges  0x00000000      0x900
 *(.debug_aranges)
 .debug_aranges
                0x00000000       0x30 .\CortexM3\ARM_GCC_541\Debug\adc.o
 .debug_aranges
                0x00000030       0x20 .\CortexM3\ARM_GCC_541\Debug\main.o
 .debug_aranges
                0x00000050       0x30 .\CortexM3\ARM_GCC_541\Debug\spi.o
 .debug_aranges
                0x00000080       0x68 .\CortexM3\ARM_GCC_541\Debug\cyfitter_cfg.o
 .debug_aranges
                0x000000e8       0x18 .\CortexM3\ARM_GCC_541\Debug\cymetadata.o
 .debug_aranges
                0x00000100       0x48 .\CortexM3\ARM_GCC_541\Debug\Cm3Start.o
 .debug_aranges
                0x00000148       0xe8 .\CortexM3\ARM_GCC_541\Debug\BANAN.a(ADC_DelSig_1.o)
 .debug_aranges
                0x00000230       0x38 .\CortexM3\ARM_GCC_541\Debug\BANAN.a(ADC_DelSig_1_INT.o)
 .debug_aranges
                0x00000268       0xe0 .\CortexM3\ARM_GCC_541\Debug\BANAN.a(SPIS_1.o)
 .debug_aranges
                0x00000348       0x70 .\CortexM3\ARM_GCC_541\Debug\BANAN.a(ADC_DelSig_1_Ext_CP_Clk.o)
 .debug_aranges
                0x000003b8       0x80 .\CortexM3\ARM_GCC_541\Debug\BANAN.a(ADC_DelSig_1_theACLK.o)
 .debug_aranges
                0x00000438      0x2a0 .\CortexM3\ARM_GCC_541\Debug\BANAN.a(CyLib.o)
 .debug_aranges
                0x000006d8       0x98 .\CortexM3\ARM_GCC_541\Debug\BANAN.a(cyPm.o)
 .debug_aranges
                0x00000770       0x38 .\CortexM3\ARM_GCC_541\Debug\BANAN.a(LED.o)
 .debug_aranges
                0x000007a8       0x30 .\CortexM3\ARM_GCC_541\Debug\BANAN.a(ADC_DelSig_1_AMux.o)
 .debug_aranges
                0x000007d8       0x20 .\CortexM3\ARM_GCC_541\Debug\BANAN.a(CyBootAsmGnu.o)
 .debug_aranges
                0x000007f8       0x88 .\CortexM3\ARM_GCC_541\Debug\BANAN.a(CyFlash.o)
 .debug_aranges
                0x00000880       0x80 .\CortexM3\ARM_GCC_541\Debug\BANAN.a(CySpc.o)

.debug_pubnames
 *(.debug_pubnames)

.debug_info     0x00000000     0x535a
 *(.debug_info .gnu.linkonce.wi.*)
 .debug_info    0x00000000      0x1bd .\CortexM3\ARM_GCC_541\Debug\adc.o
 .debug_info    0x000001bd      0x1cf .\CortexM3\ARM_GCC_541\Debug\main.o
 .debug_info    0x0000038c      0x1b4 .\CortexM3\ARM_GCC_541\Debug\spi.o
 .debug_info    0x00000540      0x5c0 .\CortexM3\ARM_GCC_541\Debug\cyfitter_cfg.o
 .debug_info    0x00000b00      0x135 .\CortexM3\ARM_GCC_541\Debug\cymetadata.o
 .debug_info    0x00000c35      0x3bb .\CortexM3\ARM_GCC_541\Debug\Cm3Start.o
 .debug_info    0x00000ff0      0xbef .\CortexM3\ARM_GCC_541\Debug\BANAN.a(ADC_DelSig_1.o)
 .debug_info    0x00001bdf       0xd3 .\CortexM3\ARM_GCC_541\Debug\BANAN.a(ADC_DelSig_1_INT.o)
 .debug_info    0x00001cb2      0x4d6 .\CortexM3\ARM_GCC_541\Debug\BANAN.a(SPIS_1.o)
 .debug_info    0x00002188      0x283 .\CortexM3\ARM_GCC_541\Debug\BANAN.a(ADC_DelSig_1_Ext_CP_Clk.o)
 .debug_info    0x0000240b      0x2c4 .\CortexM3\ARM_GCC_541\Debug\BANAN.a(ADC_DelSig_1_theACLK.o)
 .debug_info    0x000026cf     0x1374 .\CortexM3\ARM_GCC_541\Debug\BANAN.a(CyLib.o)
 .debug_info    0x00003a43      0xa2a .\CortexM3\ARM_GCC_541\Debug\BANAN.a(cyPm.o)
 .debug_info    0x0000446d      0x11f .\CortexM3\ARM_GCC_541\Debug\BANAN.a(LED.o)
 .debug_info    0x0000458c      0x165 .\CortexM3\ARM_GCC_541\Debug\BANAN.a(ADC_DelSig_1_AMux.o)
 .debug_info    0x000046f1       0xcc .\CortexM3\ARM_GCC_541\Debug\BANAN.a(CyBootAsmGnu.o)
 .debug_info    0x000047bd      0x64d .\CortexM3\ARM_GCC_541\Debug\BANAN.a(CyFlash.o)
 .debug_info    0x00004e0a      0x550 .\CortexM3\ARM_GCC_541\Debug\BANAN.a(CySpc.o)

.debug_abbrev   0x00000000     0x1551
 *(.debug_abbrev)
 .debug_abbrev  0x00000000       0xe1 .\CortexM3\ARM_GCC_541\Debug\adc.o
 .debug_abbrev  0x000000e1       0xc7 .\CortexM3\ARM_GCC_541\Debug\main.o
 .debug_abbrev  0x000001a8       0xe1 .\CortexM3\ARM_GCC_541\Debug\spi.o
 .debug_abbrev  0x00000289      0x21e .\CortexM3\ARM_GCC_541\Debug\cyfitter_cfg.o
 .debug_abbrev  0x000004a7       0x66 .\CortexM3\ARM_GCC_541\Debug\cymetadata.o
 .debug_abbrev  0x0000050d      0x1e8 .\CortexM3\ARM_GCC_541\Debug\Cm3Start.o
 .debug_abbrev  0x000006f5      0x1eb .\CortexM3\ARM_GCC_541\Debug\BANAN.a(ADC_DelSig_1.o)
 .debug_abbrev  0x000008e0       0x42 .\CortexM3\ARM_GCC_541\Debug\BANAN.a(ADC_DelSig_1_INT.o)
 .debug_abbrev  0x00000922      0x146 .\CortexM3\ARM_GCC_541\Debug\BANAN.a(SPIS_1.o)
 .debug_abbrev  0x00000a68      0x139 .\CortexM3\ARM_GCC_541\Debug\BANAN.a(ADC_DelSig_1_Ext_CP_Clk.o)
 .debug_abbrev  0x00000ba1      0x121 .\CortexM3\ARM_GCC_541\Debug\BANAN.a(ADC_DelSig_1_theACLK.o)
 .debug_abbrev  0x00000cc2      0x254 .\CortexM3\ARM_GCC_541\Debug\BANAN.a(CyLib.o)
 .debug_abbrev  0x00000f16      0x1ab .\CortexM3\ARM_GCC_541\Debug\BANAN.a(cyPm.o)
 .debug_abbrev  0x000010c1       0x90 .\CortexM3\ARM_GCC_541\Debug\BANAN.a(LED.o)
 .debug_abbrev  0x00001151       0xb1 .\CortexM3\ARM_GCC_541\Debug\BANAN.a(ADC_DelSig_1_AMux.o)
 .debug_abbrev  0x00001202       0x14 .\CortexM3\ARM_GCC_541\Debug\BANAN.a(CyBootAsmGnu.o)
 .debug_abbrev  0x00001216      0x1a7 .\CortexM3\ARM_GCC_541\Debug\BANAN.a(CyFlash.o)
 .debug_abbrev  0x000013bd      0x194 .\CortexM3\ARM_GCC_541\Debug\BANAN.a(CySpc.o)

.debug_line     0x00000000     0x25e2
 *(.debug_line)
 .debug_line    0x00000000      0x1a6 .\CortexM3\ARM_GCC_541\Debug\adc.o
 .debug_line    0x000001a6      0x18b .\CortexM3\ARM_GCC_541\Debug\main.o
 .debug_line    0x00000331      0x1a9 .\CortexM3\ARM_GCC_541\Debug\spi.o
 .debug_line    0x000004da      0x205 .\CortexM3\ARM_GCC_541\Debug\cyfitter_cfg.o
 .debug_line    0x000006df      0x141 .\CortexM3\ARM_GCC_541\Debug\cymetadata.o
 .debug_line    0x00000820      0x234 .\CortexM3\ARM_GCC_541\Debug\Cm3Start.o
 .debug_line    0x00000a54      0x3ee .\CortexM3\ARM_GCC_541\Debug\BANAN.a(ADC_DelSig_1.o)
 .debug_line    0x00000e42       0x89 .\CortexM3\ARM_GCC_541\Debug\BANAN.a(ADC_DelSig_1_INT.o)
 .debug_line    0x00000ecb      0x249 .\CortexM3\ARM_GCC_541\Debug\BANAN.a(SPIS_1.o)
 .debug_line    0x00001114      0x186 .\CortexM3\ARM_GCC_541\Debug\BANAN.a(ADC_DelSig_1_Ext_CP_Clk.o)
 .debug_line    0x0000129a      0x1a6 .\CortexM3\ARM_GCC_541\Debug\BANAN.a(ADC_DelSig_1_theACLK.o)
 .debug_line    0x00001440      0x816 .\CortexM3\ARM_GCC_541\Debug\BANAN.a(CyLib.o)
 .debug_line    0x00001c56      0x367 .\CortexM3\ARM_GCC_541\Debug\BANAN.a(cyPm.o)
 .debug_line    0x00001fbd       0x90 .\CortexM3\ARM_GCC_541\Debug\BANAN.a(LED.o)
 .debug_line    0x0000204d       0xb5 .\CortexM3\ARM_GCC_541\Debug\BANAN.a(ADC_DelSig_1_AMux.o)
 .debug_line    0x00002102       0x66 .\CortexM3\ARM_GCC_541\Debug\BANAN.a(CyBootAsmGnu.o)
 .debug_line    0x00002168      0x21a .\CortexM3\ARM_GCC_541\Debug\BANAN.a(CyFlash.o)
 .debug_line    0x00002382      0x260 .\CortexM3\ARM_GCC_541\Debug\BANAN.a(CySpc.o)

.debug_frame    0x00000000     0x1710
 *(.debug_frame)
 .debug_frame   0x00000000       0x64 .\CortexM3\ARM_GCC_541\Debug\adc.o
 .debug_frame   0x00000064       0x2c .\CortexM3\ARM_GCC_541\Debug\main.o
 .debug_frame   0x00000090       0x64 .\CortexM3\ARM_GCC_541\Debug\spi.o
 .debug_frame   0x000000f4      0x104 .\CortexM3\ARM_GCC_541\Debug\cyfitter_cfg.o
 .debug_frame   0x000001f8       0xb8 .\CortexM3\ARM_GCC_541\Debug\Cm3Start.o
 .debug_frame   0x000002b0      0x284 .\CortexM3\ARM_GCC_541\Debug\BANAN.a(ADC_DelSig_1.o)
 .debug_frame   0x00000534       0x50 .\CortexM3\ARM_GCC_541\Debug\BANAN.a(ADC_DelSig_1_INT.o)
 .debug_frame   0x00000584      0x1f8 .\CortexM3\ARM_GCC_541\Debug\BANAN.a(SPIS_1.o)
 .debug_frame   0x0000077c       0xe0 .\CortexM3\ARM_GCC_541\Debug\BANAN.a(ADC_DelSig_1_Ext_CP_Clk.o)
 .debug_frame   0x0000085c      0x100 .\CortexM3\ARM_GCC_541\Debug\BANAN.a(ADC_DelSig_1_theACLK.o)
 .debug_frame   0x0000095c      0x738 .\CortexM3\ARM_GCC_541\Debug\BANAN.a(CyLib.o)
 .debug_frame   0x00001094      0x1f8 .\CortexM3\ARM_GCC_541\Debug\BANAN.a(cyPm.o)
 .debug_frame   0x0000128c       0x50 .\CortexM3\ARM_GCC_541\Debug\BANAN.a(LED.o)
 .debug_frame   0x000012dc       0x64 .\CortexM3\ARM_GCC_541\Debug\BANAN.a(ADC_DelSig_1_AMux.o)
 .debug_frame   0x00001340      0x194 .\CortexM3\ARM_GCC_541\Debug\BANAN.a(CyFlash.o)
 .debug_frame   0x000014d4      0x180 .\CortexM3\ARM_GCC_541\Debug\BANAN.a(CySpc.o)
 .debug_frame   0x00001654       0x20 c:/program files (x86)/cypress/psoc creator/4.4/psoc creator/import/gnu/arm/5.4.1/bin/../lib/gcc/arm-none-eabi/5.4.1/../../../../arm-none-eabi/lib/armv7-m\libg_nano.a(lib_a-errno.o)
 .debug_frame   0x00001674       0x28 c:/program files (x86)/cypress/psoc creator/4.4/psoc creator/import/gnu/arm/5.4.1/bin/../lib/gcc/arm-none-eabi/5.4.1/../../../../arm-none-eabi/lib/armv7-m\libg_nano.a(lib_a-exit.o)
 .debug_frame   0x0000169c       0x2c c:/program files (x86)/cypress/psoc creator/4.4/psoc creator/import/gnu/arm/5.4.1/bin/../lib/gcc/arm-none-eabi/5.4.1/../../../../arm-none-eabi/lib/armv7-m\libg_nano.a(lib_a-init.o)
 .debug_frame   0x000016c8       0x28 c:/program files (x86)/cypress/psoc creator/4.4/psoc creator/import/gnu/arm/5.4.1/bin/../lib/gcc/arm-none-eabi/5.4.1/../../../../arm-none-eabi/lib/armv7-m\libg_nano.a(lib_a-memcpy-stub.o)
 .debug_frame   0x000016f0       0x20 c:/program files (x86)/cypress/psoc creator/4.4/psoc creator/import/gnu/arm/5.4.1/bin/../lib/gcc/arm-none-eabi/5.4.1/../../../../arm-none-eabi/lib/armv7-m\libg_nano.a(lib_a-memset.o)

.debug_str      0x00000000     0x2018
 *(.debug_str)
 .debug_str     0x00000000      0x237 .\CortexM3\ARM_GCC_541\Debug\adc.o
                                0x28f (size before relaxing)
 .debug_str     0x00000237       0x46 .\CortexM3\ARM_GCC_541\Debug\main.o
                                0x25e (size before relaxing)
 .debug_str     0x0000027d       0x48 .\CortexM3\ARM_GCC_541\Debug\spi.o
                                0x25b (size before relaxing)
 .debug_str     0x000002c5      0x1ea .\CortexM3\ARM_GCC_541\Debug\cyfitter_cfg.o
                                0x3bb (size before relaxing)
 .debug_str     0x000004af       0x7f .\CortexM3\ARM_GCC_541\Debug\cymetadata.o
                                0x220 (size before relaxing)
 .debug_str     0x0000052e      0x144 .\CortexM3\ARM_GCC_541\Debug\Cm3Start.o
                                0x346 (size before relaxing)
 .debug_str     0x00000672      0x4eb .\CortexM3\ARM_GCC_541\Debug\BANAN.a(ADC_DelSig_1.o)
                                0x776 (size before relaxing)
 .debug_str     0x00000b5d       0x72 .\CortexM3\ARM_GCC_541\Debug\BANAN.a(ADC_DelSig_1_INT.o)
                                0x229 (size before relaxing)
 .debug_str     0x00000bcf      0x242 .\CortexM3\ARM_GCC_541\Debug\BANAN.a(SPIS_1.o)
                                0x488 (size before relaxing)
 .debug_str     0x00000e11      0x1cd .\CortexM3\ARM_GCC_541\Debug\BANAN.a(ADC_DelSig_1_Ext_CP_Clk.o)
                                0x3ea (size before relaxing)
 .debug_str     0x00000fde      0x1bb .\CortexM3\ARM_GCC_541\Debug\BANAN.a(ADC_DelSig_1_theACLK.o)
                                0x41b (size before relaxing)
 .debug_str     0x00001199      0x7e5 .\CortexM3\ARM_GCC_541\Debug\BANAN.a(CyLib.o)
                                0xa83 (size before relaxing)
 .debug_str     0x0000197e      0x365 .\CortexM3\ARM_GCC_541\Debug\BANAN.a(cyPm.o)
                                0x76f (size before relaxing)
 .debug_str     0x00001ce3       0x52 .\CortexM3\ARM_GCC_541\Debug\BANAN.a(LED.o)
                                0x214 (size before relaxing)
 .debug_str     0x00001d35       0x83 .\CortexM3\ARM_GCC_541\Debug\BANAN.a(ADC_DelSig_1_AMux.o)
                                0x27a (size before relaxing)
 .debug_str     0x00001db8      0x1b4 .\CortexM3\ARM_GCC_541\Debug\BANAN.a(CyFlash.o)
                                0x3fc (size before relaxing)
 .debug_str     0x00001f6c       0xac .\CortexM3\ARM_GCC_541\Debug\BANAN.a(CySpc.o)
                                0x374 (size before relaxing)

.debug_loc      0x00000000     0x250c
 *(.debug_loc)
 .debug_loc     0x00000000       0x28 .\CortexM3\ARM_GCC_541\Debug\adc.o
 .debug_loc     0x00000028       0x1f .\CortexM3\ARM_GCC_541\Debug\main.o
 .debug_loc     0x00000047       0x21 .\CortexM3\ARM_GCC_541\Debug\spi.o
 .debug_loc     0x00000068      0x219 .\CortexM3\ARM_GCC_541\Debug\cyfitter_cfg.o
 .debug_loc     0x00000281      0x144 .\CortexM3\ARM_GCC_541\Debug\Cm3Start.o
 .debug_loc     0x000003c5      0x681 .\CortexM3\ARM_GCC_541\Debug\BANAN.a(ADC_DelSig_1.o)
 .debug_loc     0x00000a46       0xf3 .\CortexM3\ARM_GCC_541\Debug\BANAN.a(SPIS_1.o)
 .debug_loc     0x00000b39      0x12c .\CortexM3\ARM_GCC_541\Debug\BANAN.a(ADC_DelSig_1_Ext_CP_Clk.o)
 .debug_loc     0x00000c65      0x14d .\CortexM3\ARM_GCC_541\Debug\BANAN.a(ADC_DelSig_1_theACLK.o)
 .debug_loc     0x00000db2      0xa11 .\CortexM3\ARM_GCC_541\Debug\BANAN.a(CyLib.o)
 .debug_loc     0x000017c3      0x1e4 .\CortexM3\ARM_GCC_541\Debug\BANAN.a(cyPm.o)
 .debug_loc     0x000019a7       0x42 .\CortexM3\ARM_GCC_541\Debug\BANAN.a(LED.o)
 .debug_loc     0x000019e9       0x6c .\CortexM3\ARM_GCC_541\Debug\BANAN.a(ADC_DelSig_1_AMux.o)
 .debug_loc     0x00001a55      0x3b2 .\CortexM3\ARM_GCC_541\Debug\BANAN.a(CyFlash.o)
 .debug_loc     0x00001e07      0x705 .\CortexM3\ARM_GCC_541\Debug\BANAN.a(CySpc.o)

.debug_macinfo
 *(.debug_macinfo)

.debug_ranges   0x00000000      0x7c8
 *(.debug_ranges)
 .debug_ranges  0x00000000       0x20 .\CortexM3\ARM_GCC_541\Debug\adc.o
 .debug_ranges  0x00000020       0x10 .\CortexM3\ARM_GCC_541\Debug\main.o
 .debug_ranges  0x00000030       0x20 .\CortexM3\ARM_GCC_541\Debug\spi.o
 .debug_ranges  0x00000050       0x58 .\CortexM3\ARM_GCC_541\Debug\cyfitter_cfg.o
 .debug_ranges  0x000000a8       0x38 .\CortexM3\ARM_GCC_541\Debug\Cm3Start.o
 .debug_ranges  0x000000e0       0xd8 .\CortexM3\ARM_GCC_541\Debug\BANAN.a(ADC_DelSig_1.o)
 .debug_ranges  0x000001b8       0x28 .\CortexM3\ARM_GCC_541\Debug\BANAN.a(ADC_DelSig_1_INT.o)
 .debug_ranges  0x000001e0       0xd0 .\CortexM3\ARM_GCC_541\Debug\BANAN.a(SPIS_1.o)
 .debug_ranges  0x000002b0       0x60 .\CortexM3\ARM_GCC_541\Debug\BANAN.a(ADC_DelSig_1_Ext_CP_Clk.o)
 .debug_ranges  0x00000310       0x70 .\CortexM3\ARM_GCC_541\Debug\BANAN.a(ADC_DelSig_1_theACLK.o)
 .debug_ranges  0x00000380      0x290 .\CortexM3\ARM_GCC_541\Debug\BANAN.a(CyLib.o)
 .debug_ranges  0x00000610       0x88 .\CortexM3\ARM_GCC_541\Debug\BANAN.a(cyPm.o)
 .debug_ranges  0x00000698       0x28 .\CortexM3\ARM_GCC_541\Debug\BANAN.a(LED.o)
 .debug_ranges  0x000006c0       0x20 .\CortexM3\ARM_GCC_541\Debug\BANAN.a(ADC_DelSig_1_AMux.o)
 .debug_ranges  0x000006e0       0x78 .\CortexM3\ARM_GCC_541\Debug\BANAN.a(CyFlash.o)
 .debug_ranges  0x00000758       0x70 .\CortexM3\ARM_GCC_541\Debug\BANAN.a(CySpc.o)

.comment        0x00000000       0x6e
 .comment       0x00000000       0x6e .\CortexM3\ARM_GCC_541\Debug\adc.o
                                 0x6f (size before relaxing)
 .comment       0x0000006e       0x6f .\CortexM3\ARM_GCC_541\Debug\main.o
 .comment       0x0000006e       0x6f .\CortexM3\ARM_GCC_541\Debug\spi.o
 .comment       0x0000006e       0x6f .\CortexM3\ARM_GCC_541\Debug\cyfitter_cfg.o
 .comment       0x0000006e       0x6f .\CortexM3\ARM_GCC_541\Debug\cymetadata.o
 .comment       0x0000006e       0x6f .\CortexM3\ARM_GCC_541\Debug\Cm3Start.o
 .comment       0x0000006e       0x6f .\CortexM3\ARM_GCC_541\Debug\BANAN.a(ADC_DelSig_1.o)
 .comment       0x0000006e       0x6f .\CortexM3\ARM_GCC_541\Debug\BANAN.a(ADC_DelSig_1_INT.o)
 .comment       0x0000006e       0x6f .\CortexM3\ARM_GCC_541\Debug\BANAN.a(SPIS_1.o)
 .comment       0x0000006e       0x6f .\CortexM3\ARM_GCC_541\Debug\BANAN.a(ADC_DelSig_1_Ext_CP_Clk.o)
 .comment       0x0000006e       0x6f .\CortexM3\ARM_GCC_541\Debug\BANAN.a(ADC_DelSig_1_theACLK.o)
 .comment       0x0000006e       0x6f .\CortexM3\ARM_GCC_541\Debug\BANAN.a(CyLib.o)
 .comment       0x0000006e       0x6f .\CortexM3\ARM_GCC_541\Debug\BANAN.a(cyPm.o)
 .comment       0x0000006e       0x6f .\CortexM3\ARM_GCC_541\Debug\BANAN.a(LED.o)
 .comment       0x0000006e       0x6f .\CortexM3\ARM_GCC_541\Debug\BANAN.a(ADC_DelSig_1_AMux.o)
 .comment       0x0000006e       0x6f .\CortexM3\ARM_GCC_541\Debug\BANAN.a(CyFlash.o)
 .comment       0x0000006e       0x6f .\CortexM3\ARM_GCC_541\Debug\BANAN.a(CySpc.o)

.debug_weaknames
 *(.debug_weaknames)

.debug_funcnames
 *(.debug_funcnames)

.debug_typenames
 *(.debug_typenames)

.debug_varnames
 *(.debug_varnames)

.note.gnu.arm.ident
 *(.note.gnu.arm.ident)

.ARM.attributes
                0x00000000       0x29
 *(.ARM.attributes)
 .ARM.attributes
                0x00000000       0x1d c:/program files (x86)/cypress/psoc creator/4.4/psoc creator/import/gnu/arm/5.4.1/bin/../lib/gcc/arm-none-eabi/5.4.1/armv7-m/crti.o
 .ARM.attributes
                0x0000001d       0x2d c:/program files (x86)/cypress/psoc creator/4.4/psoc creator/import/gnu/arm/5.4.1/bin/../lib/gcc/arm-none-eabi/5.4.1/armv7-m/crtbegin.o
 .ARM.attributes
                0x0000004a       0x1b c:/program files (x86)/cypress/psoc creator/4.4/psoc creator/import/gnu/arm/5.4.1/bin/../lib/gcc/arm-none-eabi/5.4.1/../../../../arm-none-eabi/lib/armv7-m/crt0.o
 .ARM.attributes
                0x00000065       0x33 .\CortexM3\ARM_GCC_541\Debug\adc.o
 .ARM.attributes
                0x00000098       0x33 .\CortexM3\ARM_GCC_541\Debug\main.o
 .ARM.attributes
                0x000000cb       0x33 .\CortexM3\ARM_GCC_541\Debug\spi.o
 .ARM.attributes
                0x000000fe       0x33 .\CortexM3\ARM_GCC_541\Debug\cyfitter_cfg.o
 .ARM.attributes
                0x00000131       0x33 .\CortexM3\ARM_GCC_541\Debug\cymetadata.o
 .ARM.attributes
                0x00000164       0x33 .\CortexM3\ARM_GCC_541\Debug\Cm3Start.o
 .ARM.attributes
                0x00000197       0x33 .\CortexM3\ARM_GCC_541\Debug\BANAN.a(ADC_DelSig_1.o)
 .ARM.attributes
                0x000001ca       0x33 .\CortexM3\ARM_GCC_541\Debug\BANAN.a(ADC_DelSig_1_INT.o)
 .ARM.attributes
                0x000001fd       0x33 .\CortexM3\ARM_GCC_541\Debug\BANAN.a(SPIS_1.o)
 .ARM.attributes
                0x00000230       0x33 .\CortexM3\ARM_GCC_541\Debug\BANAN.a(ADC_DelSig_1_Ext_CP_Clk.o)
 .ARM.attributes
                0x00000263       0x33 .\CortexM3\ARM_GCC_541\Debug\BANAN.a(ADC_DelSig_1_theACLK.o)
 .ARM.attributes
                0x00000296       0x33 .\CortexM3\ARM_GCC_541\Debug\BANAN.a(CyLib.o)
 .ARM.attributes
                0x000002c9       0x33 .\CortexM3\ARM_GCC_541\Debug\BANAN.a(cyPm.o)
 .ARM.attributes
                0x000002fc       0x33 .\CortexM3\ARM_GCC_541\Debug\BANAN.a(LED.o)
 .ARM.attributes
                0x0000032f       0x33 .\CortexM3\ARM_GCC_541\Debug\BANAN.a(ADC_DelSig_1_AMux.o)
 .ARM.attributes
                0x00000362       0x21 .\CortexM3\ARM_GCC_541\Debug\BANAN.a(CyBootAsmGnu.o)
 .ARM.attributes
                0x00000383       0x33 .\CortexM3\ARM_GCC_541\Debug\BANAN.a(CyFlash.o)
 .ARM.attributes
                0x000003b6       0x33 .\CortexM3\ARM_GCC_541\Debug\BANAN.a(CySpc.o)
 .ARM.attributes
                0x000003e9       0x1d c:/program files (x86)/cypress/psoc creator/4.4/psoc creator/import/gnu/arm/5.4.1/bin/../lib/gcc/arm-none-eabi/5.4.1/armv7-m\libgcc.a(_arm_addsubdf3.o)
 .ARM.attributes
                0x00000406       0x1d c:/program files (x86)/cypress/psoc creator/4.4/psoc creator/import/gnu/arm/5.4.1/bin/../lib/gcc/arm-none-eabi/5.4.1/armv7-m\libgcc.a(_arm_cmpdf2.o)
 .ARM.attributes
                0x00000423       0x1d c:/program files (x86)/cypress/psoc creator/4.4/psoc creator/import/gnu/arm/5.4.1/bin/../lib/gcc/arm-none-eabi/5.4.1/armv7-m\libgcc.a(_arm_addsubsf3.o)
 .ARM.attributes
                0x00000440       0x1d c:/program files (x86)/cypress/psoc creator/4.4/psoc creator/import/gnu/arm/5.4.1/bin/../lib/gcc/arm-none-eabi/5.4.1/armv7-m\libgcc.a(_arm_muldivsf3.o)
 .ARM.attributes
                0x0000045d       0x1d c:/program files (x86)/cypress/psoc creator/4.4/psoc creator/import/gnu/arm/5.4.1/bin/../lib/gcc/arm-none-eabi/5.4.1/armv7-m\libgcc.a(_arm_fixunssfsi.o)
 .ARM.attributes
                0x0000047a       0x2d c:/program files (x86)/cypress/psoc creator/4.4/psoc creator/import/gnu/arm/5.4.1/bin/../lib/gcc/arm-none-eabi/5.4.1/../../../../arm-none-eabi/lib/armv7-m\libg_nano.a(lib_a-errno.o)
 .ARM.attributes
                0x000004a7       0x2d c:/program files (x86)/cypress/psoc creator/4.4/psoc creator/import/gnu/arm/5.4.1/bin/../lib/gcc/arm-none-eabi/5.4.1/../../../../arm-none-eabi/lib/armv7-m\libg_nano.a(lib_a-exit.o)
 .ARM.attributes
                0x000004d4       0x2d c:/program files (x86)/cypress/psoc creator/4.4/psoc creator/import/gnu/arm/5.4.1/bin/../lib/gcc/arm-none-eabi/5.4.1/../../../../arm-none-eabi/lib/armv7-m\libg_nano.a(lib_a-impure.o)
 .ARM.attributes
                0x00000501       0x2d c:/program files (x86)/cypress/psoc creator/4.4/psoc creator/import/gnu/arm/5.4.1/bin/../lib/gcc/arm-none-eabi/5.4.1/../../../../arm-none-eabi/lib/armv7-m\libg_nano.a(lib_a-init.o)
 .ARM.attributes
                0x0000052e       0x2d c:/program files (x86)/cypress/psoc creator/4.4/psoc creator/import/gnu/arm/5.4.1/bin/../lib/gcc/arm-none-eabi/5.4.1/../../../../arm-none-eabi/lib/armv7-m\libg_nano.a(lib_a-memcpy-stub.o)
 .ARM.attributes
                0x0000055b       0x2d c:/program files (x86)/cypress/psoc creator/4.4/psoc creator/import/gnu/arm/5.4.1/bin/../lib/gcc/arm-none-eabi/5.4.1/../../../../arm-none-eabi/lib/armv7-m\libg_nano.a(lib_a-memset.o)
 .ARM.attributes
                0x00000588       0x2d c:/program files (x86)/cypress/psoc creator/4.4/psoc creator/import/gnu/arm/5.4.1/bin/../lib/gcc/arm-none-eabi/5.4.1/armv7-m/crtend.o
 .ARM.attributes
                0x000005b5       0x1d c:/program files (x86)/cypress/psoc creator/4.4/psoc creator/import/gnu/arm/5.4.1/bin/../lib/gcc/arm-none-eabi/5.4.1/armv7-m/crtn.o

/DISCARD/
 *(.note.GNU-stack)
OUTPUT(C:\Users\mikai\OneDrive - Aarhus universitet\3. Semester\Projekt 3 - Karaoke Maskinen\Syng_og_Sammenlign\PRJ3\AMK\BANAN.cydsn\CortexM3\ARM_GCC_541\Debug\BANAN.elf elf32-littlearm)
